CMakeLists.txt: 成功
gateway/CMakeLists.txt: 成功
gateway/include/gateway/telemetry_record.h: 成功
gateway/include/gateway/vehicle_protocol.h: 成功
gateway/include/gateway/vehicle_decoder.h: 成功
gateway/src/vehicle_decoder.c: 成功
gateway/tests/test_vehicle_decoder.c: 成功
protocol/vehicle.dbc: 成功
protocol/test_vectors/vehicle_golden.csv: 成功
tools/protocol/check_vehicle_dbc.py: 成功
CMakeLists.txt: 成功
gateway/CMakeLists.txt: 成功
gateway/include/gateway/telemetry_record.h: 成功
gateway/include/gateway/vehicle_protocol.h: 成功
gateway/include/gateway/vehicle_decoder.h: 成功
gateway/src/vehicle_decoder.c: 成功
gateway/tests/test_vehicle_decoder.c: 成功
protocol/vehicle.dbc: 成功
protocol/test_vectors/vehicle_golden.csv: 成功
tools/protocol/check_vehicle_dbc.py: 成功
CMakeLists.txt: 成功
gateway/CMakeLists.txt: 成功
gateway/include/gateway/telemetry_record.h: 成功
gateway/include/gateway/vehicle_protocol.h: 成功
gateway/include/gateway/vehicle_decoder.h: 成功
gateway/src/vehicle_decoder.c: 成功
gateway/tests/test_vehicle_decoder.c: 成功
protocol/vehicle.dbc: 成功
protocol/test_vectors/vehicle_golden.csv: 成功
tools/protocol/check_vehicle_dbc.py: 成功
