Script started on 2026-09-01 16:12:57+08:00 [<not executed on terminal>]
+ rg --files artifacts/20260901T160813+0800-m8-silent-listener-reconnect-fix-ubuntu
+ sort
artifacts/20260901T160813+0800-m8-silent-listener-reconnect-fix-ubuntu/arm-binary-identity.log
artifacts/20260901T160813+0800-m8-silent-listener-reconnect-fix-ubuntu/arm-build.log
artifacts/20260901T160813+0800-m8-silent-listener-reconnect-fix-ubuntu/arm-configure.log
artifacts/20260901T160813+0800-m8-silent-listener-reconnect-fix-ubuntu/arm-file.log
artifacts/20260901T160813+0800-m8-silent-listener-reconnect-fix-ubuntu/arm-mqtt-api-audit.log
artifacts/20260901T160813+0800-m8-silent-listener-reconnect-fix-ubuntu/arm-mqtt-api-count.log
artifacts/20260901T160813+0800-m8-silent-listener-reconnect-fix-ubuntu/arm-mqtt-api-unique.log
artifacts/20260901T160813+0800-m8-silent-listener-reconnect-fix-ubuntu/arm-readelf-dynamic.log
artifacts/20260901T160813+0800-m8-silent-listener-reconnect-fix-ubuntu/arm-readelf-header.log
artifacts/20260901T160813+0800-m8-silent-listener-reconnect-fix-ubuntu/arm-readelf-program-headers.log
artifacts/20260901T160813+0800-m8-silent-listener-reconnect-fix-ubuntu/arm-readelf-relocations.log
artifacts/20260901T160813+0800-m8-silent-listener-reconnect-fix-ubuntu/arm-rpath-audit.log
artifacts/20260901T160813+0800-m8-silent-listener-reconnect-fix-ubuntu/arm-toolchain-version.log
artifacts/20260901T160813+0800-m8-silent-listener-reconnect-fix-ubuntu/artifact-file-list-before-stage.log
artifacts/20260901T160813+0800-m8-silent-listener-reconnect-fix-ubuntu/asan-ubsan-build.log
artifacts/20260901T160813+0800-m8-silent-listener-reconnect-fix-ubuntu/asan-ubsan-configure.log
artifacts/20260901T160813+0800-m8-silent-listener-reconnect-fix-ubuntu/asan-ubsan-ctest-m8.log
artifacts/20260901T160813+0800-m8-silent-listener-reconnect-fix-ubuntu/asan-ubsan-test-mqtt-sink-direct.log
artifacts/20260901T160813+0800-m8-silent-listener-reconnect-fix-ubuntu/cmake-cache-audit.log
artifacts/20260901T160813+0800-m8-silent-listener-reconnect-fix-ubuntu/command_index.md
artifacts/20260901T160813+0800-m8-silent-listener-reconnect-fix-ubuntu/focused-requirements-audit.log
artifacts/20260901T160813+0800-m8-silent-listener-reconnect-fix-ubuntu/focused-test-no-explicit-poll-retry.log
artifacts/20260901T160813+0800-m8-silent-listener-reconnect-fix-ubuntu/focused-test-no-explicit-poll.log
artifacts/20260901T160813+0800-m8-silent-listener-reconnect-fix-ubuntu/focused-test-source.log
artifacts/20260901T160813+0800-m8-silent-listener-reconnect-fix-ubuntu/fresh-build-dir-check.log
artifacts/20260901T160813+0800-m8-silent-listener-reconnect-fix-ubuntu/git-ancestor.log
artifacts/20260901T160813+0800-m8-silent-listener-reconnect-fix-ubuntu/git-diff-check-before-stage.log
artifacts/20260901T160813+0800-m8-silent-listener-reconnect-fix-ubuntu/git-head.log
artifacts/20260901T160813+0800-m8-silent-listener-reconnect-fix-ubuntu/git-show-stat.log
artifacts/20260901T160813+0800-m8-silent-listener-reconnect-fix-ubuntu/git-status-after-pull.log
artifacts/20260901T160813+0800-m8-silent-listener-reconnect-fix-ubuntu/git-status-before-stage.log
artifacts/20260901T160813+0800-m8-silent-listener-reconnect-fix-ubuntu/host-build.log
artifacts/20260901T160813+0800-m8-silent-listener-reconnect-fix-ubuntu/host-configure.log
artifacts/20260901T160813+0800-m8-silent-listener-reconnect-fix-ubuntu/host-ctest-full.log
artifacts/20260901T160813+0800-m8-silent-listener-reconnect-fix-ubuntu/host-ctest-m8.log
artifacts/20260901T160813+0800-m8-silent-listener-reconnect-fix-ubuntu/host-fresh-binary-audit.log
artifacts/20260901T160813+0800-m8-silent-listener-reconnect-fix-ubuntu/host-libmosquitto-audit.log
artifacts/20260901T160813+0800-m8-silent-listener-reconnect-fix-ubuntu/host-test-mqtt-sink-direct.log
artifacts/20260901T160813+0800-m8-silent-listener-reconnect-fix-ubuntu/host-test-mqtt-sink-repeat10.log
artifacts/20260901T160813+0800-m8-silent-listener-reconnect-fix-ubuntu/host-tool-versions.log
artifacts/20260901T160813+0800-m8-silent-listener-reconnect-fix-ubuntu/initial_pull.log
artifacts/20260901T160813+0800-m8-silent-listener-reconnect-fix-ubuntu/silent-listener-no-response-audit.log
artifacts/20260901T160813+0800-m8-silent-listener-reconnect-fix-ubuntu/silent-listener-source.log
artifacts/20260901T160813+0800-m8-silent-listener-reconnect-fix-ubuntu/source-sha256.log
artifacts/20260901T160813+0800-m8-silent-listener-reconnect-fix-ubuntu/target-libmosquitto-audit.log
artifacts/20260901T160813+0800-m8-silent-listener-reconnect-fix-ubuntu/test_report.md
artifacts/20260901T160813+0800-m8-silent-listener-reconnect-fix-ubuntu/warning-audit.log

Script done on 2026-09-01 16:12:57+08:00 [COMMAND_EXIT_CODE="0"]
