Script started on 2026-09-01 16:15:16+08:00 [<not executed on terminal>]
A  artifacts/20260901T160813+0800-m8-silent-listener-reconnect-fix-ubuntu/arm-binary-identity.log
A  artifacts/20260901T160813+0800-m8-silent-listener-reconnect-fix-ubuntu/arm-build.log
A  artifacts/20260901T160813+0800-m8-silent-listener-reconnect-fix-ubuntu/arm-configure.log
A  artifacts/20260901T160813+0800-m8-silent-listener-reconnect-fix-ubuntu/arm-file.log
A  artifacts/20260901T160813+0800-m8-silent-listener-reconnect-fix-ubuntu/arm-mqtt-api-audit.log
A  artifacts/20260901T160813+0800-m8-silent-listener-reconnect-fix-ubuntu/arm-mqtt-api-count.log
A  artifacts/20260901T160813+0800-m8-silent-listener-reconnect-fix-ubuntu/arm-mqtt-api-unique.log
A  artifacts/20260901T160813+0800-m8-silent-listener-reconnect-fix-ubuntu/arm-readelf-dynamic.log
A  artifacts/20260901T160813+0800-m8-silent-listener-reconnect-fix-ubuntu/arm-readelf-header.log
A  artifacts/20260901T160813+0800-m8-silent-listener-reconnect-fix-ubuntu/arm-readelf-program-headers.log
A  artifacts/20260901T160813+0800-m8-silent-listener-reconnect-fix-ubuntu/arm-readelf-relocations.log
A  artifacts/20260901T160813+0800-m8-silent-listener-reconnect-fix-ubuntu/arm-rpath-audit.log
A  artifacts/20260901T160813+0800-m8-silent-listener-reconnect-fix-ubuntu/arm-toolchain-version.log
A  artifacts/20260901T160813+0800-m8-silent-listener-reconnect-fix-ubuntu/artifact-file-list-before-stage.log
A  artifacts/20260901T160813+0800-m8-silent-listener-reconnect-fix-ubuntu/artifact-size.log
A  artifacts/20260901T160813+0800-m8-silent-listener-reconnect-fix-ubuntu/asan-ubsan-build.log
A  artifacts/20260901T160813+0800-m8-silent-listener-reconnect-fix-ubuntu/asan-ubsan-configure.log
A  artifacts/20260901T160813+0800-m8-silent-listener-reconnect-fix-ubuntu/asan-ubsan-ctest-m8.log
A  artifacts/20260901T160813+0800-m8-silent-listener-reconnect-fix-ubuntu/asan-ubsan-test-mqtt-sink-direct.log
A  artifacts/20260901T160813+0800-m8-silent-listener-reconnect-fix-ubuntu/cmake-cache-audit.log
A  artifacts/20260901T160813+0800-m8-silent-listener-reconnect-fix-ubuntu/command_index.md
A  artifacts/20260901T160813+0800-m8-silent-listener-reconnect-fix-ubuntu/final-staged-binary-audit.log
A  artifacts/20260901T160813+0800-m8-silent-listener-reconnect-fix-ubuntu/final-staged-scope-audit.log
A  artifacts/20260901T160813+0800-m8-silent-listener-reconnect-fix-ubuntu/focused-requirements-audit.log
A  artifacts/20260901T160813+0800-m8-silent-listener-reconnect-fix-ubuntu/focused-test-no-explicit-poll-retry.log
A  artifacts/20260901T160813+0800-m8-silent-listener-reconnect-fix-ubuntu/focused-test-no-explicit-poll.log
A  artifacts/20260901T160813+0800-m8-silent-listener-reconnect-fix-ubuntu/focused-test-source.log
A  artifacts/20260901T160813+0800-m8-silent-listener-reconnect-fix-ubuntu/forbidden-artifact-scan.log
A  artifacts/20260901T160813+0800-m8-silent-listener-reconnect-fix-ubuntu/fresh-build-dir-check.log
A  artifacts/20260901T160813+0800-m8-silent-listener-reconnect-fix-ubuntu/git-ancestor.log
A  artifacts/20260901T160813+0800-m8-silent-listener-reconnect-fix-ubuntu/git-diff-cached-check-markdown.log
A  artifacts/20260901T160813+0800-m8-silent-listener-reconnect-fix-ubuntu/git-diff-cached-check.log
A  artifacts/20260901T160813+0800-m8-silent-listener-reconnect-fix-ubuntu/git-diff-cached-name-status.log
A  artifacts/20260901T160813+0800-m8-silent-listener-reconnect-fix-ubuntu/git-diff-cached-stat.log
A  artifacts/20260901T160813+0800-m8-silent-listener-reconnect-fix-ubuntu/git-diff-check-before-stage.log
A  artifacts/20260901T160813+0800-m8-silent-listener-reconnect-fix-ubuntu/git-head.log
A  artifacts/20260901T160813+0800-m8-silent-listener-reconnect-fix-ubuntu/git-show-stat.log
A  artifacts/20260901T160813+0800-m8-silent-listener-reconnect-fix-ubuntu/git-status-after-pull.log
A  artifacts/20260901T160813+0800-m8-silent-listener-reconnect-fix-ubuntu/git-status-after-stage.log
A  artifacts/20260901T160813+0800-m8-silent-listener-reconnect-fix-ubuntu/git-status-before-stage.log
A  artifacts/20260901T160813+0800-m8-silent-listener-reconnect-fix-ubuntu/host-build.log
A  artifacts/20260901T160813+0800-m8-silent-listener-reconnect-fix-ubuntu/host-configure.log
A  artifacts/20260901T160813+0800-m8-silent-listener-reconnect-fix-ubuntu/host-ctest-full.log
A  artifacts/20260901T160813+0800-m8-silent-listener-reconnect-fix-ubuntu/host-ctest-m8.log
A  artifacts/20260901T160813+0800-m8-silent-listener-reconnect-fix-ubuntu/host-fresh-binary-audit.log
A  artifacts/20260901T160813+0800-m8-silent-listener-reconnect-fix-ubuntu/host-libmosquitto-audit.log
A  artifacts/20260901T160813+0800-m8-silent-listener-reconnect-fix-ubuntu/host-test-mqtt-sink-direct.log
A  artifacts/20260901T160813+0800-m8-silent-listener-reconnect-fix-ubuntu/host-test-mqtt-sink-repeat10.log
A  artifacts/20260901T160813+0800-m8-silent-listener-reconnect-fix-ubuntu/host-tool-versions.log
A  artifacts/20260901T160813+0800-m8-silent-listener-reconnect-fix-ubuntu/initial_pull.log
A  artifacts/20260901T160813+0800-m8-silent-listener-reconnect-fix-ubuntu/ipv4-scan.log
A  artifacts/20260901T160813+0800-m8-silent-listener-reconnect-fix-ubuntu/secret-scan.log
A  artifacts/20260901T160813+0800-m8-silent-listener-reconnect-fix-ubuntu/silent-listener-no-response-audit.log
A  artifacts/20260901T160813+0800-m8-silent-listener-reconnect-fix-ubuntu/silent-listener-source.log
A  artifacts/20260901T160813+0800-m8-silent-listener-reconnect-fix-ubuntu/source-sha256.log
A  artifacts/20260901T160813+0800-m8-silent-listener-reconnect-fix-ubuntu/target-libmosquitto-audit.log
A  artifacts/20260901T160813+0800-m8-silent-listener-reconnect-fix-ubuntu/test_report.md
A  artifacts/20260901T160813+0800-m8-silent-listener-reconnect-fix-ubuntu/warning-audit.log
?? 20260831T220718p0800-m6-lan-1000-board/
?? artifacts/20260831T181335+0800-m6-arm-private/
?? artifacts/20260831T235934+0800-m7-preflight/
?? artifacts/20260901T090837+0800-m6-lan-gate-review/
?? artifacts/20260901T160813+0800-m8-silent-listener-reconnect-fix-ubuntu/final-git-status-before-commit.log

Script done on 2026-09-01 16:15:16+08:00 [COMMAND_EXIT_CODE="0"]
