Script started on 2026-09-01 16:15:51+08:00 [<not executed on terminal>]
artifacts/20260901T160813+0800-m8-silent-listener-reconnect-fix-ubuntu/arm-binary-identity.log: 成功
artifacts/20260901T160813+0800-m8-silent-listener-reconnect-fix-ubuntu/arm-build.log: 成功
artifacts/20260901T160813+0800-m8-silent-listener-reconnect-fix-ubuntu/arm-configure.log: 成功
artifacts/20260901T160813+0800-m8-silent-listener-reconnect-fix-ubuntu/arm-file.log: 成功
artifacts/20260901T160813+0800-m8-silent-listener-reconnect-fix-ubuntu/arm-mqtt-api-audit.log: 成功
artifacts/20260901T160813+0800-m8-silent-listener-reconnect-fix-ubuntu/arm-mqtt-api-count.log: 成功
artifacts/20260901T160813+0800-m8-silent-listener-reconnect-fix-ubuntu/arm-mqtt-api-unique.log: 成功
artifacts/20260901T160813+0800-m8-silent-listener-reconnect-fix-ubuntu/arm-readelf-dynamic.log: 成功
artifacts/20260901T160813+0800-m8-silent-listener-reconnect-fix-ubuntu/arm-readelf-header.log: 成功
artifacts/20260901T160813+0800-m8-silent-listener-reconnect-fix-ubuntu/arm-readelf-program-headers.log: 成功
artifacts/20260901T160813+0800-m8-silent-listener-reconnect-fix-ubuntu/arm-readelf-relocations.log: 成功
artifacts/20260901T160813+0800-m8-silent-listener-reconnect-fix-ubuntu/arm-rpath-audit.log: 成功
artifacts/20260901T160813+0800-m8-silent-listener-reconnect-fix-ubuntu/arm-toolchain-version.log: 成功
artifacts/20260901T160813+0800-m8-silent-listener-reconnect-fix-ubuntu/artifact-file-list-before-stage.log: 成功
artifacts/20260901T160813+0800-m8-silent-listener-reconnect-fix-ubuntu/artifact-size.log: 成功
artifacts/20260901T160813+0800-m8-silent-listener-reconnect-fix-ubuntu/asan-ubsan-build.log: 成功
artifacts/20260901T160813+0800-m8-silent-listener-reconnect-fix-ubuntu/asan-ubsan-configure.log: 成功
artifacts/20260901T160813+0800-m8-silent-listener-reconnect-fix-ubuntu/asan-ubsan-ctest-m8.log: 成功
artifacts/20260901T160813+0800-m8-silent-listener-reconnect-fix-ubuntu/asan-ubsan-test-mqtt-sink-direct.log: 成功
artifacts/20260901T160813+0800-m8-silent-listener-reconnect-fix-ubuntu/cmake-cache-audit.log: 成功
artifacts/20260901T160813+0800-m8-silent-listener-reconnect-fix-ubuntu/command_index.md: 成功
artifacts/20260901T160813+0800-m8-silent-listener-reconnect-fix-ubuntu/final-git-status-before-commit.log: 成功
artifacts/20260901T160813+0800-m8-silent-listener-reconnect-fix-ubuntu/final-staged-binary-audit.log: 成功
artifacts/20260901T160813+0800-m8-silent-listener-reconnect-fix-ubuntu/final-staged-scope-audit.log: 成功
artifacts/20260901T160813+0800-m8-silent-listener-reconnect-fix-ubuntu/focused-requirements-audit.log: 成功
artifacts/20260901T160813+0800-m8-silent-listener-reconnect-fix-ubuntu/focused-test-no-explicit-poll-retry.log: 成功
artifacts/20260901T160813+0800-m8-silent-listener-reconnect-fix-ubuntu/focused-test-no-explicit-poll.log: 成功
artifacts/20260901T160813+0800-m8-silent-listener-reconnect-fix-ubuntu/focused-test-source.log: 成功
artifacts/20260901T160813+0800-m8-silent-listener-reconnect-fix-ubuntu/forbidden-artifact-scan.log: 成功
artifacts/20260901T160813+0800-m8-silent-listener-reconnect-fix-ubuntu/fresh-build-dir-check.log: 成功
artifacts/20260901T160813+0800-m8-silent-listener-reconnect-fix-ubuntu/git-ancestor.log: 成功
artifacts/20260901T160813+0800-m8-silent-listener-reconnect-fix-ubuntu/git-diff-cached-check-markdown.log: 成功
artifacts/20260901T160813+0800-m8-silent-listener-reconnect-fix-ubuntu/git-diff-cached-check.log: 成功
artifacts/20260901T160813+0800-m8-silent-listener-reconnect-fix-ubuntu/git-diff-cached-name-status.log: 成功
artifacts/20260901T160813+0800-m8-silent-listener-reconnect-fix-ubuntu/git-diff-cached-stat.log: 成功
artifacts/20260901T160813+0800-m8-silent-listener-reconnect-fix-ubuntu/git-diff-check-before-stage.log: 成功
artifacts/20260901T160813+0800-m8-silent-listener-reconnect-fix-ubuntu/git-head.log: 成功
artifacts/20260901T160813+0800-m8-silent-listener-reconnect-fix-ubuntu/git-show-stat.log: 成功
artifacts/20260901T160813+0800-m8-silent-listener-reconnect-fix-ubuntu/git-status-after-pull.log: 成功
artifacts/20260901T160813+0800-m8-silent-listener-reconnect-fix-ubuntu/git-status-after-stage.log: 成功
artifacts/20260901T160813+0800-m8-silent-listener-reconnect-fix-ubuntu/git-status-before-stage.log: 成功
artifacts/20260901T160813+0800-m8-silent-listener-reconnect-fix-ubuntu/host-build.log: 成功
artifacts/20260901T160813+0800-m8-silent-listener-reconnect-fix-ubuntu/host-configure.log: 成功
artifacts/20260901T160813+0800-m8-silent-listener-reconnect-fix-ubuntu/host-ctest-full.log: 成功
artifacts/20260901T160813+0800-m8-silent-listener-reconnect-fix-ubuntu/host-ctest-m8.log: 成功
artifacts/20260901T160813+0800-m8-silent-listener-reconnect-fix-ubuntu/host-fresh-binary-audit.log: 成功
artifacts/20260901T160813+0800-m8-silent-listener-reconnect-fix-ubuntu/host-libmosquitto-audit.log: 成功
artifacts/20260901T160813+0800-m8-silent-listener-reconnect-fix-ubuntu/host-test-mqtt-sink-direct.log: 成功
artifacts/20260901T160813+0800-m8-silent-listener-reconnect-fix-ubuntu/host-test-mqtt-sink-repeat10.log: 成功
artifacts/20260901T160813+0800-m8-silent-listener-reconnect-fix-ubuntu/host-tool-versions.log: 成功
artifacts/20260901T160813+0800-m8-silent-listener-reconnect-fix-ubuntu/initial_pull.log: 成功
artifacts/20260901T160813+0800-m8-silent-listener-reconnect-fix-ubuntu/ipv4-scan.log: 成功
artifacts/20260901T160813+0800-m8-silent-listener-reconnect-fix-ubuntu/secret-scan.log: 成功
artifacts/20260901T160813+0800-m8-silent-listener-reconnect-fix-ubuntu/silent-listener-no-response-audit.log: 成功
artifacts/20260901T160813+0800-m8-silent-listener-reconnect-fix-ubuntu/silent-listener-source.log: 成功
artifacts/20260901T160813+0800-m8-silent-listener-reconnect-fix-ubuntu/source-sha256.log: 成功
artifacts/20260901T160813+0800-m8-silent-listener-reconnect-fix-ubuntu/target-libmosquitto-audit.log: 成功
artifacts/20260901T160813+0800-m8-silent-listener-reconnect-fix-ubuntu/test_report.md: 成功
artifacts/20260901T160813+0800-m8-silent-listener-reconnect-fix-ubuntu/warning-audit.log: 成功

Script done on 2026-09-01 16:15:51+08:00 [COMMAND_EXIT_CODE="0"]
