[  5%] Building C object gateway/CMakeFiles/gateway_core.dir/src/lifecycle.c.o
[ 10%] Building C object gateway/CMakeFiles/gateway_core.dir/src/config.c.o
[ 15%] Building C object gateway/CMakeFiles/gateway_core.dir/src/error.c.o
[ 21%] Building C object gateway/CMakeFiles/gateway_core.dir/src/stats.c.o
[ 26%] Building C object gateway/CMakeFiles/gateway_core.dir/src/log.c.o
[ 31%] Building C object gateway/CMakeFiles/gateway_core.dir/src/ring_buffer.c.o
[ 36%] Linking C static library libgateway_core.a
[ 36%] Built target gateway_core
[ 42%] Building C object gateway/CMakeFiles/gatewayd.dir/src/main.c.o
[ 47%] Building C object gateway/CMakeFiles/test_config.dir/tests/test_config.c.o
[ 52%] Building C object gateway/CMakeFiles/test_ring_buffer.dir/tests/test_ring_buffer.c.o
[ 57%] Building C object gateway/CMakeFiles/test_lifecycle.dir/tests/test_lifecycle.c.o
[ 63%] Building C object gateway/CMakeFiles/test_error_record.dir/tests/test_error_record.c.o
[ 68%] Building C object gateway/CMakeFiles/test_log.dir/tests/test_log.c.o
[ 73%] Linking C executable test_error_record
[ 78%] Linking C executable gatewayd
[ 84%] Linking C executable test_lifecycle
[ 89%] Linking C executable test_log
[ 94%] Linking C executable test_config
[100%] Linking C executable test_ring_buffer
[100%] Built target test_error_record
[100%] Built target gatewayd
[100%] Built target test_log
[100%] Built target test_lifecycle
[100%] Built target test_config
[100%] Built target test_ring_buffer
