1788253791: mosquitto version 2.1.2 starting
1788253791: Config loaded from E:\imx6ull-can-mqtt-gateway\imx6ull-can-mqtt-gateway\artifacts\20260901T170636+0800-m8-windows-reactor-final-gate\private_raw\mosquitto.conf.
1788253791: Bridge support available.
1788253791: Persistence support available.
1788253791: TLS support available.
1788253791: TLS-PSK support available.
1788253791: Websockets support available.
1788253791: Opening ipv4 listen socket on port 18884.
1788253791: mosquitto version 2.1.2 running
1788253794: New connection from <REDACTED_LAN_ADDRESS>:55272 on port 18884.
1788253794: New client connected from <REDACTED_LAN_ADDRESS>:55272 as m8-win-sub-20260901T170636 (p4, c1, k60).
1788253794: No will message specified.
1788253794: Sending CONNACK to m8-win-sub-20260901T170636 (0, 0)
1788253794: Received SUBSCRIBE from m8-win-sub-20260901T170636
1788253794: 	test/m8/20260901T170636/reactor (QoS 1)
1788253794: m8-win-sub-20260901T170636 1 test/m8/20260901T170636/reactor
1788253794: Sending SUBACK to m8-win-sub-20260901T170636
1788253798: New connection from <REDACTED_LAN_ADDRESS>:52024 on port 18884.
1788253798: New client connected from <REDACTED_LAN_ADDRESS>:52024 as gatewayd-m8-gateway-20260901-170636-7128 (p4, c1, k60).
1788253798: No will message specified.
1788253798: Sending CONNACK to gatewayd-m8-gateway-20260901-170636-7128 (0, 0)
1788253799: Received PUBLISH from gatewayd-m8-gateway-20260901-170636-7128 (d0, q1, r0, m1, 'test/m8/20260901T170636/reactor', ... (18087 bytes))
1788253799: Sending PUBLISH to m8-win-sub-20260901T170636 (d0, q1, r0, m1, 'test/m8/20260901T170636/reactor', ... (18087 bytes))
1788253799: Sending PUBACK to gatewayd-m8-gateway-20260901-170636-7128 (m1, rc0)
1788253799: Received PUBACK from m8-win-sub-20260901T170636 (Mid: 1, RC:0)
1788253800: Received PUBLISH from gatewayd-m8-gateway-20260901-170636-7128 (d0, q1, r0, m2, 'test/m8/20260901T170636/reactor', ... (18729 bytes))
1788253800: Sending PUBLISH to m8-win-sub-20260901T170636 (d0, q1, r0, m2, 'test/m8/20260901T170636/reactor', ... (18729 bytes))
1788253800: Sending PUBACK to gatewayd-m8-gateway-20260901-170636-7128 (m2, rc0)
1788253800: Received PUBACK from m8-win-sub-20260901T170636 (Mid: 2, RC:0)
1788253801: Received PUBLISH from gatewayd-m8-gateway-20260901-170636-7128 (d0, q1, r0, m3, 'test/m8/20260901T170636/reactor', ... (19032 bytes))
1788253801: Sending PUBLISH to m8-win-sub-20260901T170636 (d0, q1, r0, m3, 'test/m8/20260901T170636/reactor', ... (19032 bytes))
1788253801: Sending PUBACK to gatewayd-m8-gateway-20260901-170636-7128 (m3, rc0)
1788253801: Received PUBACK from m8-win-sub-20260901T170636 (Mid: 3, RC:0)
1788253802: Received PUBLISH from gatewayd-m8-gateway-20260901-170636-7128 (d0, q1, r0, m4, 'test/m8/20260901T170636/reactor', ... (18831 bytes))
1788253802: Sending PUBLISH to m8-win-sub-20260901T170636 (d0, q1, r0, m4, 'test/m8/20260901T170636/reactor', ... (18831 bytes))
1788253802: Sending PUBACK to gatewayd-m8-gateway-20260901-170636-7128 (m4, rc0)
1788253802: Received PUBACK from m8-win-sub-20260901T170636 (Mid: 4, RC:0)
1788253803: Received PUBLISH from gatewayd-m8-gateway-20260901-170636-7128 (d0, q1, r0, m5, 'test/m8/20260901T170636/reactor', ... (19161 bytes))
1788253803: Sending PUBLISH to m8-win-sub-20260901T170636 (d0, q1, r0, m5, 'test/m8/20260901T170636/reactor', ... (19161 bytes))
1788253803: Sending PUBACK to gatewayd-m8-gateway-20260901-170636-7128 (m5, rc0)
1788253803: Received PUBACK from m8-win-sub-20260901T170636 (Mid: 5, RC:0)
1788253804: Received PUBLISH from gatewayd-m8-gateway-20260901-170636-7128 (d0, q1, r0, m6, 'test/m8/20260901T170636/reactor', ... (19021 bytes))
1788253804: Sending PUBLISH to m8-win-sub-20260901T170636 (d0, q1, r0, m6, 'test/m8/20260901T170636/reactor', ... (19021 bytes))
1788253804: Sending PUBACK to gatewayd-m8-gateway-20260901-170636-7128 (m6, rc0)
1788253804: Received PUBACK from m8-win-sub-20260901T170636 (Mid: 6, RC:0)
1788253806: Received PUBLISH from gatewayd-m8-gateway-20260901-170636-7128 (d0, q1, r0, m7, 'test/m8/20260901T170636/reactor', ... (18831 bytes))
1788253806: Sending PUBLISH to m8-win-sub-20260901T170636 (d0, q1, r0, m7, 'test/m8/20260901T170636/reactor', ... (18831 bytes))
1788253806: Sending PUBACK to gatewayd-m8-gateway-20260901-170636-7128 (m7, rc0)
1788253806: Received PUBACK from m8-win-sub-20260901T170636 (Mid: 7, RC:0)
1788253807: Received PUBLISH from gatewayd-m8-gateway-20260901-170636-7128 (d0, q1, r0, m8, 'test/m8/20260901T170636/reactor', ... (18755 bytes))
1788253807: Sending PUBLISH to m8-win-sub-20260901T170636 (d0, q1, r0, m8, 'test/m8/20260901T170636/reactor', ... (18755 bytes))
1788253807: Sending PUBACK to gatewayd-m8-gateway-20260901-170636-7128 (m8, rc0)
1788253807: Received PUBACK from m8-win-sub-20260901T170636 (Mid: 8, RC:0)
1788253808: Received PUBLISH from gatewayd-m8-gateway-20260901-170636-7128 (d0, q1, r0, m9, 'test/m8/20260901T170636/reactor', ... (18797 bytes))
1788253808: Sending PUBLISH to m8-win-sub-20260901T170636 (d0, q1, r0, m9, 'test/m8/20260901T170636/reactor', ... (18797 bytes))
1788253808: Sending PUBACK to gatewayd-m8-gateway-20260901-170636-7128 (m9, rc0)
1788253808: Received PUBACK from m8-win-sub-20260901T170636 (Mid: 9, RC:0)
1788253809: Received PUBLISH from gatewayd-m8-gateway-20260901-170636-7128 (d0, q1, r0, m10, 'test/m8/20260901T170636/reactor', ... (14424 bytes))
1788253809: Sending PUBLISH to m8-win-sub-20260901T170636 (d0, q1, r0, m10, 'test/m8/20260901T170636/reactor', ... (14424 bytes))
1788253809: Sending PUBACK to gatewayd-m8-gateway-20260901-170636-7128 (m10, rc0)
1788253809: Received PUBACK from m8-win-sub-20260901T170636 (Mid: 10, RC:0)
1788253810: Received PUBLISH from gatewayd-m8-gateway-20260901-170636-7128 (d0, q1, r0, m11, 'test/m8/20260901T170636/reactor', ... (17328 bytes))
1788253810: Sending PUBLISH to m8-win-sub-20260901T170636 (d0, q1, r0, m11, 'test/m8/20260901T170636/reactor', ... (17328 bytes))
1788253810: Sending PUBACK to gatewayd-m8-gateway-20260901-170636-7128 (m11, rc0)
1788253810: Received PUBACK from m8-win-sub-20260901T170636 (Mid: 11, RC:0)
1788253811: Received PUBLISH from gatewayd-m8-gateway-20260901-170636-7128 (d0, q1, r0, m12, 'test/m8/20260901T170636/reactor', ... (18799 bytes))
1788253811: Sending PUBLISH to m8-win-sub-20260901T170636 (d0, q1, r0, m12, 'test/m8/20260901T170636/reactor', ... (18799 bytes))
1788253811: Sending PUBACK to gatewayd-m8-gateway-20260901-170636-7128 (m12, rc0)
1788253811: Received PUBACK from m8-win-sub-20260901T170636 (Mid: 12, RC:0)
1788253812: Received PUBLISH from gatewayd-m8-gateway-20260901-170636-7128 (d0, q1, r0, m13, 'test/m8/20260901T170636/reactor', ... (19345 bytes))
1788253812: Sending PUBLISH to m8-win-sub-20260901T170636 (d0, q1, r0, m13, 'test/m8/20260901T170636/reactor', ... (19345 bytes))
1788253812: Sending PUBACK to gatewayd-m8-gateway-20260901-170636-7128 (m13, rc0)
1788253812: Received PUBACK from m8-win-sub-20260901T170636 (Mid: 13, RC:0)
1788253813: Received PUBLISH from gatewayd-m8-gateway-20260901-170636-7128 (d0, q1, r0, m14, 'test/m8/20260901T170636/reactor', ... (18905 bytes))
1788253813: Sending PUBLISH to m8-win-sub-20260901T170636 (d0, q1, r0, m14, 'test/m8/20260901T170636/reactor', ... (18905 bytes))
1788253813: Sending PUBACK to gatewayd-m8-gateway-20260901-170636-7128 (m14, rc0)
1788253813: Received PUBACK from m8-win-sub-20260901T170636 (Mid: 14, RC:0)
1788253814: Received PUBLISH from gatewayd-m8-gateway-20260901-170636-7128 (d0, q1, r0, m15, 'test/m8/20260901T170636/reactor', ... (18851 bytes))
1788253814: Sending PUBLISH to m8-win-sub-20260901T170636 (d0, q1, r0, m15, 'test/m8/20260901T170636/reactor', ... (18851 bytes))
1788253814: Sending PUBACK to gatewayd-m8-gateway-20260901-170636-7128 (m15, rc0)
1788253814: Received PUBACK from m8-win-sub-20260901T170636 (Mid: 15, RC:0)
1788253815: Received PUBLISH from gatewayd-m8-gateway-20260901-170636-7128 (d0, q1, r0, m16, 'test/m8/20260901T170636/reactor', ... (19344 bytes))
1788253815: Sending PUBLISH to m8-win-sub-20260901T170636 (d0, q1, r0, m16, 'test/m8/20260901T170636/reactor', ... (19344 bytes))
1788253815: Sending PUBACK to gatewayd-m8-gateway-20260901-170636-7128 (m16, rc0)
1788253815: Received PUBACK from m8-win-sub-20260901T170636 (Mid: 16, RC:0)
1788253816: Received PUBLISH from gatewayd-m8-gateway-20260901-170636-7128 (d0, q1, r0, m17, 'test/m8/20260901T170636/reactor', ... (18931 bytes))
1788253816: Sending PUBLISH to m8-win-sub-20260901T170636 (d0, q1, r0, m17, 'test/m8/20260901T170636/reactor', ... (18931 bytes))
1788253816: Sending PUBACK to gatewayd-m8-gateway-20260901-170636-7128 (m17, rc0)
1788253816: Received PUBACK from m8-win-sub-20260901T170636 (Mid: 17, RC:0)
1788253817: Received PUBLISH from gatewayd-m8-gateway-20260901-170636-7128 (d0, q1, r0, m18, 'test/m8/20260901T170636/reactor', ... (19263 bytes))
1788253817: Sending PUBLISH to m8-win-sub-20260901T170636 (d0, q1, r0, m18, 'test/m8/20260901T170636/reactor', ... (19263 bytes))
1788253817: Sending PUBACK to gatewayd-m8-gateway-20260901-170636-7128 (m18, rc0)
1788253817: Received PUBACK from m8-win-sub-20260901T170636 (Mid: 18, RC:0)
1788253818: Received PUBLISH from gatewayd-m8-gateway-20260901-170636-7128 (d0, q1, r0, m19, 'test/m8/20260901T170636/reactor', ... (4144 bytes))
1788253818: Sending PUBLISH to m8-win-sub-20260901T170636 (d0, q1, r0, m19, 'test/m8/20260901T170636/reactor', ... (4144 bytes))
1788253818: Sending PUBACK to gatewayd-m8-gateway-20260901-170636-7128 (m19, rc0)
1788253818: Received PUBACK from m8-win-sub-20260901T170636 (Mid: 19, RC:0)
1788253820: Received PUBLISH from gatewayd-m8-gateway-20260901-170636-7128 (d0, q1, r0, m20, 'test/m8/20260901T170636/reactor', ... (19139 bytes))
1788253820: Sending PUBLISH to m8-win-sub-20260901T170636 (d0, q1, r0, m20, 'test/m8/20260901T170636/reactor', ... (19139 bytes))
1788253820: Sending PUBACK to gatewayd-m8-gateway-20260901-170636-7128 (m20, rc0)
1788253820: Received PUBACK from m8-win-sub-20260901T170636 (Mid: 20, RC:0)
1788253821: Received PUBLISH from gatewayd-m8-gateway-20260901-170636-7128 (d0, q1, r0, m21, 'test/m8/20260901T170636/reactor', ... (17243 bytes))
1788253821: Sending PUBLISH to m8-win-sub-20260901T170636 (d0, q1, r0, m21, 'test/m8/20260901T170636/reactor', ... (17243 bytes))
1788253821: Sending PUBACK to gatewayd-m8-gateway-20260901-170636-7128 (m21, rc0)
1788253821: Received PUBACK from m8-win-sub-20260901T170636 (Mid: 21, RC:0)
1788253822: Received PUBLISH from gatewayd-m8-gateway-20260901-170636-7128 (d0, q1, r0, m22, 'test/m8/20260901T170636/reactor', ... (18006 bytes))
1788253822: Sending PUBLISH to m8-win-sub-20260901T170636 (d0, q1, r0, m22, 'test/m8/20260901T170636/reactor', ... (18006 bytes))
1788253822: Sending PUBACK to gatewayd-m8-gateway-20260901-170636-7128 (m22, rc0)
1788253822: Received PUBACK from m8-win-sub-20260901T170636 (Mid: 22, RC:0)
1788253823: Received PUBLISH from gatewayd-m8-gateway-20260901-170636-7128 (d0, q1, r0, m23, 'test/m8/20260901T170636/reactor', ... (18902 bytes))
1788253823: Sending PUBLISH to m8-win-sub-20260901T170636 (d0, q1, r0, m23, 'test/m8/20260901T170636/reactor', ... (18902 bytes))
1788253823: Sending PUBACK to gatewayd-m8-gateway-20260901-170636-7128 (m23, rc0)
1788253823: Received PUBACK from m8-win-sub-20260901T170636 (Mid: 23, RC:0)
1788253824: Received PUBLISH from gatewayd-m8-gateway-20260901-170636-7128 (d0, q1, r0, m24, 'test/m8/20260901T170636/reactor', ... (18931 bytes))
1788253824: Sending PUBLISH to m8-win-sub-20260901T170636 (d0, q1, r0, m24, 'test/m8/20260901T170636/reactor', ... (18931 bytes))
1788253824: Sending PUBACK to gatewayd-m8-gateway-20260901-170636-7128 (m24, rc0)
1788253824: Received PUBACK from m8-win-sub-20260901T170636 (Mid: 24, RC:0)
1788253825: Received PUBLISH from gatewayd-m8-gateway-20260901-170636-7128 (d0, q1, r0, m25, 'test/m8/20260901T170636/reactor', ... (19285 bytes))
1788253825: Sending PUBLISH to m8-win-sub-20260901T170636 (d0, q1, r0, m25, 'test/m8/20260901T170636/reactor', ... (19285 bytes))
1788253825: Sending PUBACK to gatewayd-m8-gateway-20260901-170636-7128 (m25, rc0)
1788253825: Received PUBACK from m8-win-sub-20260901T170636 (Mid: 25, RC:0)
1788253826: Received PUBLISH from gatewayd-m8-gateway-20260901-170636-7128 (d0, q1, r0, m26, 'test/m8/20260901T170636/reactor', ... (18889 bytes))
1788253826: Sending PUBLISH to m8-win-sub-20260901T170636 (d0, q1, r0, m26, 'test/m8/20260901T170636/reactor', ... (18889 bytes))
1788253826: Sending PUBACK to gatewayd-m8-gateway-20260901-170636-7128 (m26, rc0)
1788253826: Received PUBACK from m8-win-sub-20260901T170636 (Mid: 26, RC:0)
1788253827: Received PUBLISH from gatewayd-m8-gateway-20260901-170636-7128 (d0, q1, r0, m27, 'test/m8/20260901T170636/reactor', ... (19142 bytes))
1788253827: Sending PUBLISH to m8-win-sub-20260901T170636 (d0, q1, r0, m27, 'test/m8/20260901T170636/reactor', ... (19142 bytes))
1788253827: Sending PUBACK to gatewayd-m8-gateway-20260901-170636-7128 (m27, rc0)
1788253827: Received PUBACK from m8-win-sub-20260901T170636 (Mid: 27, RC:0)
1788253828: Received PUBLISH from gatewayd-m8-gateway-20260901-170636-7128 (d0, q1, r0, m28, 'test/m8/20260901T170636/reactor', ... (19299 bytes))
1788253828: Sending PUBLISH to m8-win-sub-20260901T170636 (d0, q1, r0, m28, 'test/m8/20260901T170636/reactor', ... (19299 bytes))
1788253828: Sending PUBACK to gatewayd-m8-gateway-20260901-170636-7128 (m28, rc0)
1788253828: Received PUBACK from m8-win-sub-20260901T170636 (Mid: 28, RC:0)
1788253829: Received PUBLISH from gatewayd-m8-gateway-20260901-170636-7128 (d0, q1, r0, m29, 'test/m8/20260901T170636/reactor', ... (18875 bytes))
1788253829: Sending PUBLISH to m8-win-sub-20260901T170636 (d0, q1, r0, m29, 'test/m8/20260901T170636/reactor', ... (18875 bytes))
1788253829: Sending PUBACK to gatewayd-m8-gateway-20260901-170636-7128 (m29, rc0)
1788253829: Received PUBACK from m8-win-sub-20260901T170636 (Mid: 29, RC:0)
1788253830: Received PUBLISH from gatewayd-m8-gateway-20260901-170636-7128 (d0, q1, r0, m30, 'test/m8/20260901T170636/reactor', ... (19353 bytes))
1788253830: Sending PUBLISH to m8-win-sub-20260901T170636 (d0, q1, r0, m30, 'test/m8/20260901T170636/reactor', ... (19353 bytes))
1788253830: Sending PUBACK to gatewayd-m8-gateway-20260901-170636-7128 (m30, rc0)
1788253830: Received PUBACK from m8-win-sub-20260901T170636 (Mid: 30, RC:0)
1788253832: Received PUBLISH from gatewayd-m8-gateway-20260901-170636-7128 (d0, q1, r0, m31, 'test/m8/20260901T170636/reactor', ... (18890 bytes))
1788253832: Sending PUBLISH to m8-win-sub-20260901T170636 (d0, q1, r0, m31, 'test/m8/20260901T170636/reactor', ... (18890 bytes))
1788253832: Sending PUBACK to gatewayd-m8-gateway-20260901-170636-7128 (m31, rc0)
1788253832: Received PUBACK from m8-win-sub-20260901T170636 (Mid: 31, RC:0)
