1788254103: mosquitto version 2.1.2 starting
1788254103: Config loaded from E:\imx6ull-can-mqtt-gateway\imx6ull-can-mqtt-gateway\artifacts\20260901T170636+0800-m8-windows-reactor-final-gate\private_raw\mosquitto.conf.
1788254103: Bridge support available.
1788254103: Persistence support available.
1788254103: TLS support available.
1788254103: TLS-PSK support available.
1788254103: Websockets support available.
1788254103: Opening ipv4 listen socket on port 18884.
1788254103: mosquitto version 2.1.2 running
1788254103: New connection from <REDACTED_LAN_ADDRESS>:50794 on port 18884.
1788254103: New client connected from <REDACTED_LAN_ADDRESS>:50794 as m8-win-sub-20260901T170636 (p4, c1, k60).
1788254103: No will message specified.
1788254103: Sending CONNACK to m8-win-sub-20260901T170636 (0, 0)
1788254103: Received SUBSCRIBE from m8-win-sub-20260901T170636
1788254103: 	test/m8/20260901T170636/reactor (QoS 1)
1788254103: m8-win-sub-20260901T170636 1 test/m8/20260901T170636/reactor
1788254103: Sending SUBACK to m8-win-sub-20260901T170636
1788254111: New connection from <REDACTED_LAN_ADDRESS>:52036 on port 18884.
1788254111: New client connected from <REDACTED_LAN_ADDRESS>:52036 as gatewayd-m8-gateway-20260901-170636-7519 (p4, c1, k60).
1788254111: No will message specified.
1788254111: Sending CONNACK to gatewayd-m8-gateway-20260901-170636-7519 (0, 0)
1788254111: Received PUBLISH from gatewayd-m8-gateway-20260901-170636-7519 (d0, q1, r0, m1, 'test/m8/20260901T170636/reactor', ... (54316 bytes))
1788254111: Sending PUBLISH to m8-win-sub-20260901T170636 (d0, q1, r0, m1, 'test/m8/20260901T170636/reactor', ... (54316 bytes))
1788254111: Sending PUBACK to gatewayd-m8-gateway-20260901-170636-7519 (m1, rc0)
1788254111: Received PUBACK from m8-win-sub-20260901T170636 (Mid: 1, RC:0)
1788254111: Received PUBLISH from gatewayd-m8-gateway-20260901-170636-7519 (d0, q1, r0, m2, 'test/m8/20260901T170636/reactor', ... (54316 bytes))
1788254111: Sending PUBLISH to m8-win-sub-20260901T170636 (d0, q1, r0, m2, 'test/m8/20260901T170636/reactor', ... (54316 bytes))
1788254111: Sending PUBACK to gatewayd-m8-gateway-20260901-170636-7519 (m2, rc0)
1788254111: Received PUBACK from m8-win-sub-20260901T170636 (Mid: 2, RC:0)
1788254111: Received PUBLISH from gatewayd-m8-gateway-20260901-170636-7519 (d0, q1, r0, m3, 'test/m8/20260901T170636/reactor', ... (54297 bytes))
1788254111: Sending PUBLISH to m8-win-sub-20260901T170636 (d0, q1, r0, m3, 'test/m8/20260901T170636/reactor', ... (54297 bytes))
1788254111: Sending PUBACK to gatewayd-m8-gateway-20260901-170636-7519 (m3, rc0)
1788254111: Received PUBACK from m8-win-sub-20260901T170636 (Mid: 3, RC:0)
1788254111: Received PUBLISH from gatewayd-m8-gateway-20260901-170636-7519 (d0, q1, r0, m4, 'test/m8/20260901T170636/reactor', ... (54303 bytes))
1788254111: Sending PUBLISH to m8-win-sub-20260901T170636 (d0, q1, r0, m4, 'test/m8/20260901T170636/reactor', ... (54303 bytes))
1788254111: Sending PUBACK to gatewayd-m8-gateway-20260901-170636-7519 (m4, rc0)
1788254111: Received PUBACK from m8-win-sub-20260901T170636 (Mid: 4, RC:0)
1788254111: Received PUBLISH from gatewayd-m8-gateway-20260901-170636-7519 (d0, q1, r0, m5, 'test/m8/20260901T170636/reactor', ... (30236 bytes))
1788254111: Sending PUBLISH to m8-win-sub-20260901T170636 (d0, q1, r0, m5, 'test/m8/20260901T170636/reactor', ... (30236 bytes))
1788254111: Sending PUBACK to gatewayd-m8-gateway-20260901-170636-7519 (m5, rc0)
1788254111: Received PUBACK from m8-win-sub-20260901T170636 (Mid: 5, RC:0)
1788254113: Received PUBLISH from gatewayd-m8-gateway-20260901-170636-7519 (d0, q1, r0, m6, 'test/m8/20260901T170636/reactor', ... (17880 bytes))
1788254113: Sending PUBLISH to m8-win-sub-20260901T170636 (d0, q1, r0, m6, 'test/m8/20260901T170636/reactor', ... (17880 bytes))
1788254113: Sending PUBACK to gatewayd-m8-gateway-20260901-170636-7519 (m6, rc0)
1788254113: Received PUBACK from m8-win-sub-20260901T170636 (Mid: 6, RC:0)
1788254114: Received PUBLISH from gatewayd-m8-gateway-20260901-170636-7519 (d0, q1, r0, m7, 'test/m8/20260901T170636/reactor', ... (19427 bytes))
1788254114: Sending PUBLISH to m8-win-sub-20260901T170636 (d0, q1, r0, m7, 'test/m8/20260901T170636/reactor', ... (19427 bytes))
1788254114: Sending PUBACK to gatewayd-m8-gateway-20260901-170636-7519 (m7, rc0)
1788254114: Received PUBACK from m8-win-sub-20260901T170636 (Mid: 7, RC:0)
1788254115: Received PUBLISH from gatewayd-m8-gateway-20260901-170636-7519 (d0, q1, r0, m8, 'test/m8/20260901T170636/reactor', ... (19015 bytes))
1788254115: Sending PUBLISH to m8-win-sub-20260901T170636 (d0, q1, r0, m8, 'test/m8/20260901T170636/reactor', ... (19015 bytes))
1788254115: Sending PUBACK to gatewayd-m8-gateway-20260901-170636-7519 (m8, rc0)
1788254115: Received PUBACK from m8-win-sub-20260901T170636 (Mid: 8, RC:0)
1788254116: Received PUBLISH from gatewayd-m8-gateway-20260901-170636-7519 (d0, q1, r0, m9, 'test/m8/20260901T170636/reactor', ... (18930 bytes))
1788254116: Sending PUBLISH to m8-win-sub-20260901T170636 (d0, q1, r0, m9, 'test/m8/20260901T170636/reactor', ... (18930 bytes))
1788254116: Sending PUBACK to gatewayd-m8-gateway-20260901-170636-7519 (m9, rc0)
1788254116: Received PUBACK from m8-win-sub-20260901T170636 (Mid: 9, RC:0)
1788254117: Received PUBLISH from gatewayd-m8-gateway-20260901-170636-7519 (d0, q1, r0, m10, 'test/m8/20260901T170636/reactor', ... (18990 bytes))
1788254117: Sending PUBLISH to m8-win-sub-20260901T170636 (d0, q1, r0, m10, 'test/m8/20260901T170636/reactor', ... (18990 bytes))
1788254117: Sending PUBACK to gatewayd-m8-gateway-20260901-170636-7519 (m10, rc0)
1788254117: Received PUBACK from m8-win-sub-20260901T170636 (Mid: 10, RC:0)
1788254118: Received PUBLISH from gatewayd-m8-gateway-20260901-170636-7519 (d0, q1, r0, m11, 'test/m8/20260901T170636/reactor', ... (19015 bytes))
1788254118: Sending PUBLISH to m8-win-sub-20260901T170636 (d0, q1, r0, m11, 'test/m8/20260901T170636/reactor', ... (19015 bytes))
1788254118: Sending PUBACK to gatewayd-m8-gateway-20260901-170636-7519 (m11, rc0)
1788254118: Received PUBACK from m8-win-sub-20260901T170636 (Mid: 11, RC:0)
1788254119: Received PUBLISH from gatewayd-m8-gateway-20260901-170636-7519 (d0, q1, r0, m12, 'test/m8/20260901T170636/reactor', ... (19376 bytes))
1788254119: Sending PUBLISH to m8-win-sub-20260901T170636 (d0, q1, r0, m12, 'test/m8/20260901T170636/reactor', ... (19376 bytes))
1788254119: Sending PUBACK to gatewayd-m8-gateway-20260901-170636-7519 (m12, rc0)
1788254119: Received PUBACK from m8-win-sub-20260901T170636 (Mid: 12, RC:0)
1788254120: Received PUBLISH from gatewayd-m8-gateway-20260901-170636-7519 (d0, q1, r0, m13, 'test/m8/20260901T170636/reactor', ... (19196 bytes))
1788254120: Sending PUBLISH to m8-win-sub-20260901T170636 (d0, q1, r0, m13, 'test/m8/20260901T170636/reactor', ... (19196 bytes))
1788254120: Sending PUBACK to gatewayd-m8-gateway-20260901-170636-7519 (m13, rc0)
1788254120: Received PUBACK from m8-win-sub-20260901T170636 (Mid: 13, RC:0)
1788254121: Received PUBLISH from gatewayd-m8-gateway-20260901-170636-7519 (d0, q1, r0, m14, 'test/m8/20260901T170636/reactor', ... (16267 bytes))
1788254121: Sending PUBLISH to m8-win-sub-20260901T170636 (d0, q1, r0, m14, 'test/m8/20260901T170636/reactor', ... (16267 bytes))
1788254121: Sending PUBACK to gatewayd-m8-gateway-20260901-170636-7519 (m14, rc0)
1788254121: Received PUBACK from m8-win-sub-20260901T170636 (Mid: 14, RC:0)
1788254122: Received PUBLISH from gatewayd-m8-gateway-20260901-170636-7519 (d0, q1, r0, m15, 'test/m8/20260901T170636/reactor', ... (14545 bytes))
1788254122: Sending PUBLISH to m8-win-sub-20260901T170636 (d0, q1, r0, m15, 'test/m8/20260901T170636/reactor', ... (14545 bytes))
1788254122: Sending PUBACK to gatewayd-m8-gateway-20260901-170636-7519 (m15, rc0)
1788254122: Received PUBACK from m8-win-sub-20260901T170636 (Mid: 15, RC:0)
1788254123: Received PUBLISH from gatewayd-m8-gateway-20260901-170636-7519 (d0, q1, r0, m16, 'test/m8/20260901T170636/reactor', ... (18943 bytes))
1788254123: Sending PUBLISH to m8-win-sub-20260901T170636 (d0, q1, r0, m16, 'test/m8/20260901T170636/reactor', ... (18943 bytes))
1788254123: Sending PUBACK to gatewayd-m8-gateway-20260901-170636-7519 (m16, rc0)
1788254123: Received PUBACK from m8-win-sub-20260901T170636 (Mid: 16, RC:0)
1788254124: Received PUBLISH from gatewayd-m8-gateway-20260901-170636-7519 (d0, q1, r0, m17, 'test/m8/20260901T170636/reactor', ... (19443 bytes))
1788254124: Sending PUBLISH to m8-win-sub-20260901T170636 (d0, q1, r0, m17, 'test/m8/20260901T170636/reactor', ... (19443 bytes))
1788254124: Sending PUBACK to gatewayd-m8-gateway-20260901-170636-7519 (m17, rc0)
1788254124: Received PUBACK from m8-win-sub-20260901T170636 (Mid: 17, RC:0)
1788254125: Received PUBLISH from gatewayd-m8-gateway-20260901-170636-7519 (d0, q1, r0, m18, 'test/m8/20260901T170636/reactor', ... (19227 bytes))
1788254125: Sending PUBLISH to m8-win-sub-20260901T170636 (d0, q1, r0, m18, 'test/m8/20260901T170636/reactor', ... (19227 bytes))
1788254125: Sending PUBACK to gatewayd-m8-gateway-20260901-170636-7519 (m18, rc0)
1788254125: Received PUBACK from m8-win-sub-20260901T170636 (Mid: 18, RC:0)
1788254126: Received PUBLISH from gatewayd-m8-gateway-20260901-170636-7519 (d0, q1, r0, m19, 'test/m8/20260901T170636/reactor', ... (19149 bytes))
1788254126: Sending PUBLISH to m8-win-sub-20260901T170636 (d0, q1, r0, m19, 'test/m8/20260901T170636/reactor', ... (19149 bytes))
1788254126: Sending PUBACK to gatewayd-m8-gateway-20260901-170636-7519 (m19, rc0)
1788254126: Received PUBACK from m8-win-sub-20260901T170636 (Mid: 19, RC:0)
1788254127: Received PUBLISH from gatewayd-m8-gateway-20260901-170636-7519 (d0, q1, r0, m20, 'test/m8/20260901T170636/reactor', ... (19431 bytes))
1788254127: Sending PUBLISH to m8-win-sub-20260901T170636 (d0, q1, r0, m20, 'test/m8/20260901T170636/reactor', ... (19431 bytes))
1788254127: Sending PUBACK to gatewayd-m8-gateway-20260901-170636-7519 (m20, rc0)
1788254127: Received PUBACK from m8-win-sub-20260901T170636 (Mid: 20, RC:0)
1788254129: Received PUBLISH from gatewayd-m8-gateway-20260901-170636-7519 (d0, q1, r0, m21, 'test/m8/20260901T170636/reactor', ... (19023 bytes))
1788254129: Sending PUBLISH to m8-win-sub-20260901T170636 (d0, q1, r0, m21, 'test/m8/20260901T170636/reactor', ... (19023 bytes))
1788254129: Sending PUBACK to gatewayd-m8-gateway-20260901-170636-7519 (m21, rc0)
1788254129: Received PUBACK from m8-win-sub-20260901T170636 (Mid: 21, RC:0)
1788254130: Received PUBLISH from gatewayd-m8-gateway-20260901-170636-7519 (d0, q1, r0, m22, 'test/m8/20260901T170636/reactor', ... (18521 bytes))
1788254130: Sending PUBLISH to m8-win-sub-20260901T170636 (d0, q1, r0, m22, 'test/m8/20260901T170636/reactor', ... (18521 bytes))
1788254130: Sending PUBACK to gatewayd-m8-gateway-20260901-170636-7519 (m22, rc0)
1788254130: Received PUBACK from m8-win-sub-20260901T170636 (Mid: 22, RC:0)
1788254131: Received PUBLISH from gatewayd-m8-gateway-20260901-170636-7519 (d0, q1, r0, m23, 'test/m8/20260901T170636/reactor', ... (19203 bytes))
1788254131: Sending PUBLISH to m8-win-sub-20260901T170636 (d0, q1, r0, m23, 'test/m8/20260901T170636/reactor', ... (19203 bytes))
1788254131: Sending PUBACK to gatewayd-m8-gateway-20260901-170636-7519 (m23, rc0)
1788254131: Received PUBACK from m8-win-sub-20260901T170636 (Mid: 23, RC:0)
1788254132: Received PUBLISH from gatewayd-m8-gateway-20260901-170636-7519 (d0, q1, r0, m24, 'test/m8/20260901T170636/reactor', ... (18811 bytes))
1788254132: Sending PUBLISH to m8-win-sub-20260901T170636 (d0, q1, r0, m24, 'test/m8/20260901T170636/reactor', ... (18811 bytes))
1788254132: Sending PUBACK to gatewayd-m8-gateway-20260901-170636-7519 (m24, rc0)
1788254132: Received PUBACK from m8-win-sub-20260901T170636 (Mid: 24, RC:0)
1788254133: Received PUBLISH from gatewayd-m8-gateway-20260901-170636-7519 (d0, q1, r0, m25, 'test/m8/20260901T170636/reactor', ... (19382 bytes))
1788254133: Sending PUBLISH to m8-win-sub-20260901T170636 (d0, q1, r0, m25, 'test/m8/20260901T170636/reactor', ... (19382 bytes))
1788254133: Sending PUBACK to gatewayd-m8-gateway-20260901-170636-7519 (m25, rc0)
1788254133: Received PUBACK from m8-win-sub-20260901T170636 (Mid: 25, RC:0)
1788254134: Received PUBLISH from gatewayd-m8-gateway-20260901-170636-7519 (d0, q1, r0, m26, 'test/m8/20260901T170636/reactor', ... (19190 bytes))
1788254134: Sending PUBLISH to m8-win-sub-20260901T170636 (d0, q1, r0, m26, 'test/m8/20260901T170636/reactor', ... (19190 bytes))
1788254134: Sending PUBACK to gatewayd-m8-gateway-20260901-170636-7519 (m26, rc0)
1788254134: Received PUBACK from m8-win-sub-20260901T170636 (Mid: 26, RC:0)
1788254135: Received PUBLISH from gatewayd-m8-gateway-20260901-170636-7519 (d0, q1, r0, m27, 'test/m8/20260901T170636/reactor', ... (19447 bytes))
1788254135: Sending PUBLISH to m8-win-sub-20260901T170636 (d0, q1, r0, m27, 'test/m8/20260901T170636/reactor', ... (19447 bytes))
1788254135: Sending PUBACK to gatewayd-m8-gateway-20260901-170636-7519 (m27, rc0)
1788254135: Received PUBACK from m8-win-sub-20260901T170636 (Mid: 27, RC:0)
1788254136: Received PUBLISH from gatewayd-m8-gateway-20260901-170636-7519 (d0, q1, r0, m28, 'test/m8/20260901T170636/reactor', ... (19181 bytes))
1788254136: Sending PUBLISH to m8-win-sub-20260901T170636 (d0, q1, r0, m28, 'test/m8/20260901T170636/reactor', ... (19181 bytes))
1788254136: Sending PUBACK to gatewayd-m8-gateway-20260901-170636-7519 (m28, rc0)
1788254136: Received PUBACK from m8-win-sub-20260901T170636 (Mid: 28, RC:0)
1788254137: Received PUBLISH from gatewayd-m8-gateway-20260901-170636-7519 (d0, q1, r0, m29, 'test/m8/20260901T170636/reactor', ... (18967 bytes))
1788254137: Sending PUBLISH to m8-win-sub-20260901T170636 (d0, q1, r0, m29, 'test/m8/20260901T170636/reactor', ... (18967 bytes))
1788254137: Sending PUBACK to gatewayd-m8-gateway-20260901-170636-7519 (m29, rc0)
1788254137: Received PUBACK from m8-win-sub-20260901T170636 (Mid: 29, RC:0)
1788254138: Received PUBLISH from gatewayd-m8-gateway-20260901-170636-7519 (d0, q1, r0, m30, 'test/m8/20260901T170636/reactor', ... (19447 bytes))
1788254138: Sending PUBLISH to m8-win-sub-20260901T170636 (d0, q1, r0, m30, 'test/m8/20260901T170636/reactor', ... (19447 bytes))
1788254138: Sending PUBACK to gatewayd-m8-gateway-20260901-170636-7519 (m30, rc0)
1788254138: Received PUBACK from m8-win-sub-20260901T170636 (Mid: 30, RC:0)
1788254139: Received PUBLISH from gatewayd-m8-gateway-20260901-170636-7519 (d0, q1, r0, m31, 'test/m8/20260901T170636/reactor', ... (18979 bytes))
1788254139: Sending PUBLISH to m8-win-sub-20260901T170636 (d0, q1, r0, m31, 'test/m8/20260901T170636/reactor', ... (18979 bytes))
1788254139: Sending PUBACK to gatewayd-m8-gateway-20260901-170636-7519 (m31, rc0)
1788254139: Received PUBACK from m8-win-sub-20260901T170636 (Mid: 31, RC:0)
1788254140: Received PUBLISH from gatewayd-m8-gateway-20260901-170636-7519 (d0, q1, r0, m32, 'test/m8/20260901T170636/reactor', ... (18935 bytes))
1788254140: Sending PUBLISH to m8-win-sub-20260901T170636 (d0, q1, r0, m32, 'test/m8/20260901T170636/reactor', ... (18935 bytes))
1788254140: Sending PUBACK to gatewayd-m8-gateway-20260901-170636-7519 (m32, rc0)
1788254140: Received PUBACK from m8-win-sub-20260901T170636 (Mid: 32, RC:0)
1788254141: Received PUBLISH from gatewayd-m8-gateway-20260901-170636-7519 (d0, q1, r0, m33, 'test/m8/20260901T170636/reactor', ... (19014 bytes))
1788254141: Sending PUBLISH to m8-win-sub-20260901T170636 (d0, q1, r0, m33, 'test/m8/20260901T170636/reactor', ... (19014 bytes))
1788254141: Sending PUBACK to gatewayd-m8-gateway-20260901-170636-7519 (m33, rc0)
1788254141: Received PUBACK from m8-win-sub-20260901T170636 (Mid: 33, RC:0)
1788254142: Received PUBLISH from gatewayd-m8-gateway-20260901-170636-7519 (d0, q1, r0, m34, 'test/m8/20260901T170636/reactor', ... (18778 bytes))
1788254142: Sending PUBLISH to m8-win-sub-20260901T170636 (d0, q1, r0, m34, 'test/m8/20260901T170636/reactor', ... (18778 bytes))
1788254142: Sending PUBACK to gatewayd-m8-gateway-20260901-170636-7519 (m34, rc0)
1788254142: Received PUBACK from m8-win-sub-20260901T170636 (Mid: 34, RC:0)
1788254143: Received PUBLISH from gatewayd-m8-gateway-20260901-170636-7519 (d0, q1, r0, m35, 'test/m8/20260901T170636/reactor', ... (16190 bytes))
1788254143: Sending PUBLISH to m8-win-sub-20260901T170636 (d0, q1, r0, m35, 'test/m8/20260901T170636/reactor', ... (16190 bytes))
1788254143: Sending PUBACK to gatewayd-m8-gateway-20260901-170636-7519 (m35, rc0)
1788254143: Received PUBACK from m8-win-sub-20260901T170636 (Mid: 35, RC:0)
1788254144: Received PUBLISH from gatewayd-m8-gateway-20260901-170636-7519 (d0, q1, r0, m36, 'test/m8/20260901T170636/reactor', ... (17723 bytes))
1788254144: Sending PUBLISH to m8-win-sub-20260901T170636 (d0, q1, r0, m36, 'test/m8/20260901T170636/reactor', ... (17723 bytes))
1788254144: Sending PUBACK to gatewayd-m8-gateway-20260901-170636-7519 (m36, rc0)
1788254144: Received PUBACK from m8-win-sub-20260901T170636 (Mid: 36, RC:0)
1788254145: Received PUBLISH from gatewayd-m8-gateway-20260901-170636-7519 (d0, q1, r0, m37, 'test/m8/20260901T170636/reactor', ... (19015 bytes))
1788254145: Sending PUBLISH to m8-win-sub-20260901T170636 (d0, q1, r0, m37, 'test/m8/20260901T170636/reactor', ... (19015 bytes))
1788254145: Sending PUBACK to gatewayd-m8-gateway-20260901-170636-7519 (m37, rc0)
1788254145: Received PUBACK from m8-win-sub-20260901T170636 (Mid: 37, RC:0)
1788254147: Received PUBLISH from gatewayd-m8-gateway-20260901-170636-7519 (d0, q1, r0, m38, 'test/m8/20260901T170636/reactor', ... (19364 bytes))
1788254147: Sending PUBLISH to m8-win-sub-20260901T170636 (d0, q1, r0, m38, 'test/m8/20260901T170636/reactor', ... (19364 bytes))
1788254147: Sending PUBACK to gatewayd-m8-gateway-20260901-170636-7519 (m38, rc0)
1788254147: Received PUBACK from m8-win-sub-20260901T170636 (Mid: 38, RC:0)
1788254148: Received PUBLISH from gatewayd-m8-gateway-20260901-170636-7519 (d0, q1, r0, m39, 'test/m8/20260901T170636/reactor', ... (18976 bytes))
1788254148: Sending PUBLISH to m8-win-sub-20260901T170636 (d0, q1, r0, m39, 'test/m8/20260901T170636/reactor', ... (18976 bytes))
1788254148: Sending PUBACK to gatewayd-m8-gateway-20260901-170636-7519 (m39, rc0)
1788254148: Received PUBACK from m8-win-sub-20260901T170636 (Mid: 39, RC:0)
1788254149: Received PUBLISH from gatewayd-m8-gateway-20260901-170636-7519 (d0, q1, r0, m40, 'test/m8/20260901T170636/reactor', ... (19437 bytes))
1788254149: Sending PUBLISH to m8-win-sub-20260901T170636 (d0, q1, r0, m40, 'test/m8/20260901T170636/reactor', ... (19437 bytes))
1788254149: Sending PUBACK to gatewayd-m8-gateway-20260901-170636-7519 (m40, rc0)
1788254149: Received PUBACK from m8-win-sub-20260901T170636 (Mid: 40, RC:0)
1788254150: Received PUBLISH from gatewayd-m8-gateway-20260901-170636-7519 (d0, q1, r0, m41, 'test/m8/20260901T170636/reactor', ... (18954 bytes))
1788254150: Sending PUBLISH to m8-win-sub-20260901T170636 (d0, q1, r0, m41, 'test/m8/20260901T170636/reactor', ... (18954 bytes))
1788254150: Sending PUBACK to gatewayd-m8-gateway-20260901-170636-7519 (m41, rc0)
1788254150: Received PUBACK from m8-win-sub-20260901T170636 (Mid: 41, RC:0)
1788254151: Received PUBLISH from gatewayd-m8-gateway-20260901-170636-7519 (d0, q1, r0, m42, 'test/m8/20260901T170636/reactor', ... (18964 bytes))
1788254151: Sending PUBLISH to m8-win-sub-20260901T170636 (d0, q1, r0, m42, 'test/m8/20260901T170636/reactor', ... (18964 bytes))
1788254151: Sending PUBACK to gatewayd-m8-gateway-20260901-170636-7519 (m42, rc0)
1788254151: Received PUBACK from m8-win-sub-20260901T170636 (Mid: 42, RC:0)
1788254152: Received PUBLISH from gatewayd-m8-gateway-20260901-170636-7519 (d0, q1, r0, m43, 'test/m8/20260901T170636/reactor', ... (19013 bytes))
1788254152: Sending PUBLISH to m8-win-sub-20260901T170636 (d0, q1, r0, m43, 'test/m8/20260901T170636/reactor', ... (19013 bytes))
1788254152: Sending PUBACK to gatewayd-m8-gateway-20260901-170636-7519 (m43, rc0)
1788254152: Received PUBACK from m8-win-sub-20260901T170636 (Mid: 43, RC:0)
1788254153: Received PUBLISH from gatewayd-m8-gateway-20260901-170636-7519 (d0, q1, r0, m44, 'test/m8/20260901T170636/reactor', ... (18974 bytes))
1788254153: Sending PUBLISH to m8-win-sub-20260901T170636 (d0, q1, r0, m44, 'test/m8/20260901T170636/reactor', ... (18974 bytes))
1788254153: Sending PUBACK to gatewayd-m8-gateway-20260901-170636-7519 (m44, rc0)
1788254153: Received PUBACK from m8-win-sub-20260901T170636 (Mid: 44, RC:0)
1788254154: Received PUBLISH from gatewayd-m8-gateway-20260901-170636-7519 (d0, q1, r0, m45, 'test/m8/20260901T170636/reactor', ... (18320 bytes))
1788254154: Sending PUBLISH to m8-win-sub-20260901T170636 (d0, q1, r0, m45, 'test/m8/20260901T170636/reactor', ... (18320 bytes))
1788254154: Sending PUBACK to gatewayd-m8-gateway-20260901-170636-7519 (m45, rc0)
1788254154: Received PUBACK from m8-win-sub-20260901T170636 (Mid: 45, RC:0)
1788254155: Received PUBLISH from gatewayd-m8-gateway-20260901-170636-7519 (d0, q1, r0, m46, 'test/m8/20260901T170636/reactor', ... (16902 bytes))
1788254155: Sending PUBLISH to m8-win-sub-20260901T170636 (d0, q1, r0, m46, 'test/m8/20260901T170636/reactor', ... (16902 bytes))
1788254155: Sending PUBACK to gatewayd-m8-gateway-20260901-170636-7519 (m46, rc0)
1788254155: Received PUBACK from m8-win-sub-20260901T170636 (Mid: 46, RC:0)
1788254155: Received DISCONNECT from gatewayd-m8-gateway-20260901-170636-7519
1788254155: Client gatewayd-m8-gateway-20260901-170636-7519 [<REDACTED_LAN_ADDRESS>:52036] disconnected.
1788254175: New connection from <REDACTED_LAN_ADDRESS>:52038 on port 18884.
1788254175: New client connected from <REDACTED_LAN_ADDRESS>:52038 as gatewayd-m8-gateway-20260901-170636-7882 (p4, c1, k60).
1788254175: No will message specified.
1788254175: Sending CONNACK to gatewayd-m8-gateway-20260901-170636-7882 (0, 0)
1788254175: Received PUBLISH from gatewayd-m8-gateway-20260901-170636-7882 (d0, q1, r0, m1, 'test/m8/20260901T170636/reactor', ... (53664 bytes))
1788254175: Sending PUBLISH to m8-win-sub-20260901T170636 (d0, q1, r0, m47, 'test/m8/20260901T170636/reactor', ... (53664 bytes))
1788254175: Sending PUBACK to gatewayd-m8-gateway-20260901-170636-7882 (m1, rc0)
1788254175: Received PUBACK from m8-win-sub-20260901T170636 (Mid: 47, RC:0)
1788254176: Received PUBLISH from gatewayd-m8-gateway-20260901-170636-7882 (d0, q1, r0, m2, 'test/m8/20260901T170636/reactor', ... (53777 bytes))
1788254176: Sending PUBLISH to m8-win-sub-20260901T170636 (d0, q1, r0, m48, 'test/m8/20260901T170636/reactor', ... (53777 bytes))
1788254176: Sending PUBACK to gatewayd-m8-gateway-20260901-170636-7882 (m2, rc0)
1788254176: Received PUBACK from m8-win-sub-20260901T170636 (Mid: 48, RC:0)
1788254176: Received PUBLISH from gatewayd-m8-gateway-20260901-170636-7882 (d0, q1, r0, m3, 'test/m8/20260901T170636/reactor', ... (53777 bytes))
1788254176: Sending PUBLISH to m8-win-sub-20260901T170636 (d0, q1, r0, m49, 'test/m8/20260901T170636/reactor', ... (53777 bytes))
1788254176: Sending PUBACK to gatewayd-m8-gateway-20260901-170636-7882 (m3, rc0)
1788254176: Received PUBACK from m8-win-sub-20260901T170636 (Mid: 49, RC:0)
1788254176: Received PUBLISH from gatewayd-m8-gateway-20260901-170636-7882 (d0, q1, r0, m4, 'test/m8/20260901T170636/reactor', ... (53813 bytes))
1788254176: Sending PUBLISH to m8-win-sub-20260901T170636 (d0, q1, r0, m50, 'test/m8/20260901T170636/reactor', ... (53813 bytes))
1788254176: Sending PUBACK to gatewayd-m8-gateway-20260901-170636-7882 (m4, rc0)
1788254176: Received PUBACK from m8-win-sub-20260901T170636 (Mid: 50, RC:0)
1788254176: Received PUBLISH from gatewayd-m8-gateway-20260901-170636-7882 (d0, q1, r0, m5, 'test/m8/20260901T170636/reactor', ... (54069 bytes))
1788254176: Sending PUBLISH to m8-win-sub-20260901T170636 (d0, q1, r0, m51, 'test/m8/20260901T170636/reactor', ... (54069 bytes))
1788254176: Sending PUBACK to gatewayd-m8-gateway-20260901-170636-7882 (m5, rc0)
1788254176: Received PUBACK from m8-win-sub-20260901T170636 (Mid: 51, RC:0)
1788254176: Received PUBLISH from gatewayd-m8-gateway-20260901-170636-7882 (d0, q1, r0, m6, 'test/m8/20260901T170636/reactor', ... (54083 bytes))
1788254176: Sending PUBLISH to m8-win-sub-20260901T170636 (d0, q1, r0, m52, 'test/m8/20260901T170636/reactor', ... (54083 bytes))
1788254176: Sending PUBACK to gatewayd-m8-gateway-20260901-170636-7882 (m6, rc0)
1788254176: Received PUBACK from m8-win-sub-20260901T170636 (Mid: 52, RC:0)
1788254176: Received PUBLISH from gatewayd-m8-gateway-20260901-170636-7882 (d0, q1, r0, m7, 'test/m8/20260901T170636/reactor', ... (54083 bytes))
1788254176: Sending PUBLISH to m8-win-sub-20260901T170636 (d0, q1, r0, m53, 'test/m8/20260901T170636/reactor', ... (54083 bytes))
1788254176: Sending PUBACK to gatewayd-m8-gateway-20260901-170636-7882 (m7, rc0)
1788254176: Received PUBACK from m8-win-sub-20260901T170636 (Mid: 53, RC:0)
1788254176: Received PUBLISH from gatewayd-m8-gateway-20260901-170636-7882 (d0, q1, r0, m8, 'test/m8/20260901T170636/reactor', ... (54082 bytes))
1788254176: Sending PUBLISH to m8-win-sub-20260901T170636 (d0, q1, r0, m54, 'test/m8/20260901T170636/reactor', ... (54082 bytes))
1788254176: Sending PUBACK to gatewayd-m8-gateway-20260901-170636-7882 (m8, rc0)
1788254176: Received PUBACK from m8-win-sub-20260901T170636 (Mid: 54, RC:0)
1788254176: Received PUBLISH from gatewayd-m8-gateway-20260901-170636-7882 (d0, q1, r0, m9, 'test/m8/20260901T170636/reactor', ... (54058 bytes))
1788254176: Sending PUBLISH to m8-win-sub-20260901T170636 (d0, q1, r0, m55, 'test/m8/20260901T170636/reactor', ... (54058 bytes))
1788254176: Sending PUBACK to gatewayd-m8-gateway-20260901-170636-7882 (m9, rc0)
1788254176: Received PUBACK from m8-win-sub-20260901T170636 (Mid: 55, RC:0)
1788254176: Received PUBLISH from gatewayd-m8-gateway-20260901-170636-7882 (d0, q1, r0, m10, 'test/m8/20260901T170636/reactor', ... (54059 bytes))
1788254176: Sending PUBLISH to m8-win-sub-20260901T170636 (d0, q1, r0, m56, 'test/m8/20260901T170636/reactor', ... (54059 bytes))
1788254176: Sending PUBACK to gatewayd-m8-gateway-20260901-170636-7882 (m10, rc0)
1788254176: Received PUBACK from m8-win-sub-20260901T170636 (Mid: 56, RC:0)
1788254176: Received PUBLISH from gatewayd-m8-gateway-20260901-170636-7882 (d0, q1, r0, m11, 'test/m8/20260901T170636/reactor', ... (54059 bytes))
1788254176: Sending PUBLISH to m8-win-sub-20260901T170636 (d0, q1, r0, m57, 'test/m8/20260901T170636/reactor', ... (54059 bytes))
1788254176: Sending PUBACK to gatewayd-m8-gateway-20260901-170636-7882 (m11, rc0)
1788254176: Received PUBACK from m8-win-sub-20260901T170636 (Mid: 57, RC:0)
1788254176: Received PUBLISH from gatewayd-m8-gateway-20260901-170636-7882 (d0, q1, r0, m12, 'test/m8/20260901T170636/reactor', ... (54035 bytes))
1788254176: Sending PUBLISH to m8-win-sub-20260901T170636 (d0, q1, r0, m58, 'test/m8/20260901T170636/reactor', ... (54035 bytes))
1788254176: Sending PUBACK to gatewayd-m8-gateway-20260901-170636-7882 (m12, rc0)
1788254176: Received PUBACK from m8-win-sub-20260901T170636 (Mid: 58, RC:0)
1788254176: Received PUBLISH from gatewayd-m8-gateway-20260901-170636-7882 (d0, q1, r0, m13, 'test/m8/20260901T170636/reactor', ... (54036 bytes))
1788254176: Sending PUBLISH to m8-win-sub-20260901T170636 (d0, q1, r0, m59, 'test/m8/20260901T170636/reactor', ... (54036 bytes))
1788254176: Sending PUBACK to gatewayd-m8-gateway-20260901-170636-7882 (m13, rc0)
1788254176: Received PUBACK from m8-win-sub-20260901T170636 (Mid: 59, RC:0)
1788254176: Received PUBLISH from gatewayd-m8-gateway-20260901-170636-7882 (d0, q1, r0, m14, 'test/m8/20260901T170636/reactor', ... (54044 bytes))
1788254176: Sending PUBLISH to m8-win-sub-20260901T170636 (d0, q1, r0, m60, 'test/m8/20260901T170636/reactor', ... (54044 bytes))
1788254176: Sending PUBACK to gatewayd-m8-gateway-20260901-170636-7882 (m14, rc0)
1788254176: Received PUBACK from m8-win-sub-20260901T170636 (Mid: 60, RC:0)
1788254177: Received PUBLISH from gatewayd-m8-gateway-20260901-170636-7882 (d0, q1, r0, m15, 'test/m8/20260901T170636/reactor', ... (54062 bytes))
1788254177: Sending PUBLISH to m8-win-sub-20260901T170636 (d0, q1, r0, m61, 'test/m8/20260901T170636/reactor', ... (54062 bytes))
1788254177: Sending PUBACK to gatewayd-m8-gateway-20260901-170636-7882 (m15, rc0)
1788254177: Received PUBACK from m8-win-sub-20260901T170636 (Mid: 61, RC:0)
1788254177: Received PUBLISH from gatewayd-m8-gateway-20260901-170636-7882 (d0, q1, r0, m16, 'test/m8/20260901T170636/reactor', ... (54067 bytes))
1788254177: Sending PUBLISH to m8-win-sub-20260901T170636 (d0, q1, r0, m62, 'test/m8/20260901T170636/reactor', ... (54067 bytes))
1788254177: Sending PUBACK to gatewayd-m8-gateway-20260901-170636-7882 (m16, rc0)
1788254177: Received PUBACK from m8-win-sub-20260901T170636 (Mid: 62, RC:0)
1788254177: Received PUBLISH from gatewayd-m8-gateway-20260901-170636-7882 (d0, q1, r0, m17, 'test/m8/20260901T170636/reactor', ... (54084 bytes))
1788254177: Sending PUBLISH to m8-win-sub-20260901T170636 (d0, q1, r0, m63, 'test/m8/20260901T170636/reactor', ... (54084 bytes))
1788254177: Sending PUBACK to gatewayd-m8-gateway-20260901-170636-7882 (m17, rc0)
1788254177: Received PUBACK from m8-win-sub-20260901T170636 (Mid: 63, RC:0)
1788254177: Received PUBLISH from gatewayd-m8-gateway-20260901-170636-7882 (d0, q1, r0, m18, 'test/m8/20260901T170636/reactor', ... (54085 bytes))
1788254177: Sending PUBLISH to m8-win-sub-20260901T170636 (d0, q1, r0, m64, 'test/m8/20260901T170636/reactor', ... (54085 bytes))
1788254177: Sending PUBACK to gatewayd-m8-gateway-20260901-170636-7882 (m18, rc0)
1788254177: Received PUBACK from m8-win-sub-20260901T170636 (Mid: 64, RC:0)
1788254177: Received PUBLISH from gatewayd-m8-gateway-20260901-170636-7882 (d0, q1, r0, m19, 'test/m8/20260901T170636/reactor', ... (54059 bytes))
1788254177: Sending PUBLISH to m8-win-sub-20260901T170636 (d0, q1, r0, m65, 'test/m8/20260901T170636/reactor', ... (54059 bytes))
1788254177: Sending PUBACK to gatewayd-m8-gateway-20260901-170636-7882 (m19, rc0)
1788254177: Received PUBACK from m8-win-sub-20260901T170636 (Mid: 65, RC:0)
1788254177: Received PUBLISH from gatewayd-m8-gateway-20260901-170636-7882 (d0, q1, r0, m20, 'test/m8/20260901T170636/reactor', ... (54059 bytes))
1788254177: Sending PUBLISH to m8-win-sub-20260901T170636 (d0, q1, r0, m66, 'test/m8/20260901T170636/reactor', ... (54059 bytes))
1788254177: Sending PUBACK to gatewayd-m8-gateway-20260901-170636-7882 (m20, rc0)
1788254177: Received PUBACK from m8-win-sub-20260901T170636 (Mid: 66, RC:0)
1788254177: Received PUBLISH from gatewayd-m8-gateway-20260901-170636-7882 (d0, q1, r0, m21, 'test/m8/20260901T170636/reactor', ... (54059 bytes))
1788254177: Sending PUBLISH to m8-win-sub-20260901T170636 (d0, q1, r0, m67, 'test/m8/20260901T170636/reactor', ... (54059 bytes))
1788254177: Sending PUBACK to gatewayd-m8-gateway-20260901-170636-7882 (m21, rc0)
1788254177: Received PUBACK from m8-win-sub-20260901T170636 (Mid: 67, RC:0)
1788254177: Received PUBLISH from gatewayd-m8-gateway-20260901-170636-7882 (d0, q1, r0, m22, 'test/m8/20260901T170636/reactor', ... (54059 bytes))
1788254177: Sending PUBLISH to m8-win-sub-20260901T170636 (d0, q1, r0, m68, 'test/m8/20260901T170636/reactor', ... (54059 bytes))
1788254177: Sending PUBACK to gatewayd-m8-gateway-20260901-170636-7882 (m22, rc0)
1788254177: Received PUBACK from m8-win-sub-20260901T170636 (Mid: 68, RC:0)
1788254177: Received PUBLISH from gatewayd-m8-gateway-20260901-170636-7882 (d0, q1, r0, m23, 'test/m8/20260901T170636/reactor', ... (54038 bytes))
1788254177: Sending PUBLISH to m8-win-sub-20260901T170636 (d0, q1, r0, m69, 'test/m8/20260901T170636/reactor', ... (54038 bytes))
1788254177: Sending PUBACK to gatewayd-m8-gateway-20260901-170636-7882 (m23, rc0)
1788254177: Received PUBACK from m8-win-sub-20260901T170636 (Mid: 69, RC:0)
1788254177: Received PUBLISH from gatewayd-m8-gateway-20260901-170636-7882 (d0, q1, r0, m24, 'test/m8/20260901T170636/reactor', ... (54041 bytes))
1788254177: Sending PUBLISH to m8-win-sub-20260901T170636 (d0, q1, r0, m70, 'test/m8/20260901T170636/reactor', ... (54041 bytes))
1788254177: Sending PUBACK to gatewayd-m8-gateway-20260901-170636-7882 (m24, rc0)
1788254177: Received PUBACK from m8-win-sub-20260901T170636 (Mid: 70, RC:0)
1788254177: Received PUBLISH from gatewayd-m8-gateway-20260901-170636-7882 (d0, q1, r0, m25, 'test/m8/20260901T170636/reactor', ... (54062 bytes))
1788254177: Sending PUBLISH to m8-win-sub-20260901T170636 (d0, q1, r0, m71, 'test/m8/20260901T170636/reactor', ... (54062 bytes))
1788254177: Sending PUBACK to gatewayd-m8-gateway-20260901-170636-7882 (m25, rc0)
1788254177: Received PUBACK from m8-win-sub-20260901T170636 (Mid: 71, RC:0)
1788254177: Received PUBLISH from gatewayd-m8-gateway-20260901-170636-7882 (d0, q1, r0, m26, 'test/m8/20260901T170636/reactor', ... (54061 bytes))
1788254177: Sending PUBLISH to m8-win-sub-20260901T170636 (d0, q1, r0, m72, 'test/m8/20260901T170636/reactor', ... (54061 bytes))
1788254177: Sending PUBACK to gatewayd-m8-gateway-20260901-170636-7882 (m26, rc0)
1788254177: Received PUBACK from m8-win-sub-20260901T170636 (Mid: 72, RC:0)
1788254177: Received PUBLISH from gatewayd-m8-gateway-20260901-170636-7882 (d0, q1, r0, m27, 'test/m8/20260901T170636/reactor', ... (54065 bytes))
1788254177: Sending PUBLISH to m8-win-sub-20260901T170636 (d0, q1, r0, m73, 'test/m8/20260901T170636/reactor', ... (54065 bytes))
1788254177: Sending PUBACK to gatewayd-m8-gateway-20260901-170636-7882 (m27, rc0)
1788254177: Received PUBACK from m8-win-sub-20260901T170636 (Mid: 73, RC:0)
1788254177: Received PUBLISH from gatewayd-m8-gateway-20260901-170636-7882 (d0, q1, r0, m28, 'test/m8/20260901T170636/reactor', ... (54087 bytes))
1788254177: Sending PUBLISH to m8-win-sub-20260901T170636 (d0, q1, r0, m74, 'test/m8/20260901T170636/reactor', ... (54087 bytes))
1788254177: Sending PUBACK to gatewayd-m8-gateway-20260901-170636-7882 (m28, rc0)
1788254177: Received PUBACK from m8-win-sub-20260901T170636 (Mid: 74, RC:0)
1788254178: Received PUBLISH from gatewayd-m8-gateway-20260901-170636-7882 (d0, q1, r0, m29, 'test/m8/20260901T170636/reactor', ... (54059 bytes))
1788254178: Sending PUBLISH to m8-win-sub-20260901T170636 (d0, q1, r0, m75, 'test/m8/20260901T170636/reactor', ... (54059 bytes))
1788254178: Sending PUBACK to gatewayd-m8-gateway-20260901-170636-7882 (m29, rc0)
1788254178: Received PUBACK from m8-win-sub-20260901T170636 (Mid: 75, RC:0)
1788254178: Received PUBLISH from gatewayd-m8-gateway-20260901-170636-7882 (d0, q1, r0, m30, 'test/m8/20260901T170636/reactor', ... (54059 bytes))
1788254178: Sending PUBLISH to m8-win-sub-20260901T170636 (d0, q1, r0, m76, 'test/m8/20260901T170636/reactor', ... (54059 bytes))
1788254178: Sending PUBACK to gatewayd-m8-gateway-20260901-170636-7882 (m30, rc0)
1788254178: Received PUBACK from m8-win-sub-20260901T170636 (Mid: 76, RC:0)
1788254178: Received PUBLISH from gatewayd-m8-gateway-20260901-170636-7882 (d0, q1, r0, m31, 'test/m8/20260901T170636/reactor', ... (54059 bytes))
1788254178: Sending PUBLISH to m8-win-sub-20260901T170636 (d0, q1, r0, m77, 'test/m8/20260901T170636/reactor', ... (54059 bytes))
1788254178: Sending PUBACK to gatewayd-m8-gateway-20260901-170636-7882 (m31, rc0)
1788254178: Received PUBACK from m8-win-sub-20260901T170636 (Mid: 77, RC:0)
1788254178: Received PUBLISH from gatewayd-m8-gateway-20260901-170636-7882 (d0, q1, r0, m32, 'test/m8/20260901T170636/reactor', ... (54059 bytes))
1788254178: Sending PUBLISH to m8-win-sub-20260901T170636 (d0, q1, r0, m78, 'test/m8/20260901T170636/reactor', ... (54059 bytes))
1788254178: Sending PUBACK to gatewayd-m8-gateway-20260901-170636-7882 (m32, rc0)
1788254178: Received PUBACK from m8-win-sub-20260901T170636 (Mid: 78, RC:0)
1788254178: Received PUBLISH from gatewayd-m8-gateway-20260901-170636-7882 (d0, q1, r0, m33, 'test/m8/20260901T170636/reactor', ... (54059 bytes))
1788254178: Sending PUBLISH to m8-win-sub-20260901T170636 (d0, q1, r0, m79, 'test/m8/20260901T170636/reactor', ... (54059 bytes))
1788254178: Sending PUBACK to gatewayd-m8-gateway-20260901-170636-7882 (m33, rc0)
1788254178: Received PUBACK from m8-win-sub-20260901T170636 (Mid: 79, RC:0)
1788254178: Received PUBLISH from gatewayd-m8-gateway-20260901-170636-7882 (d0, q1, r0, m34, 'test/m8/20260901T170636/reactor', ... (54044 bytes))
1788254178: Sending PUBLISH to m8-win-sub-20260901T170636 (d0, q1, r0, m80, 'test/m8/20260901T170636/reactor', ... (54044 bytes))
1788254178: Sending PUBACK to gatewayd-m8-gateway-20260901-170636-7882 (m34, rc0)
1788254178: Received PUBACK from m8-win-sub-20260901T170636 (Mid: 80, RC:0)
1788254178: Received PUBLISH from gatewayd-m8-gateway-20260901-170636-7882 (d0, q1, r0, m35, 'test/m8/20260901T170636/reactor', ... (54055 bytes))
1788254178: Sending PUBLISH to m8-win-sub-20260901T170636 (d0, q1, r0, m81, 'test/m8/20260901T170636/reactor', ... (54055 bytes))
1788254178: Sending PUBACK to gatewayd-m8-gateway-20260901-170636-7882 (m35, rc0)
1788254178: Received PUBACK from m8-win-sub-20260901T170636 (Mid: 81, RC:0)
1788254178: Received PUBLISH from gatewayd-m8-gateway-20260901-170636-7882 (d0, q1, r0, m36, 'test/m8/20260901T170636/reactor', ... (54057 bytes))
1788254178: Sending PUBLISH to m8-win-sub-20260901T170636 (d0, q1, r0, m82, 'test/m8/20260901T170636/reactor', ... (54057 bytes))
1788254178: Sending PUBACK to gatewayd-m8-gateway-20260901-170636-7882 (m36, rc0)
1788254178: Received PUBACK from m8-win-sub-20260901T170636 (Mid: 82, RC:0)
1788254178: Received PUBLISH from gatewayd-m8-gateway-20260901-170636-7882 (d0, q1, r0, m37, 'test/m8/20260901T170636/reactor', ... (54057 bytes))
1788254178: Sending PUBLISH to m8-win-sub-20260901T170636 (d0, q1, r0, m83, 'test/m8/20260901T170636/reactor', ... (54057 bytes))
1788254178: Sending PUBACK to gatewayd-m8-gateway-20260901-170636-7882 (m37, rc0)
1788254178: Received PUBACK from m8-win-sub-20260901T170636 (Mid: 83, RC:0)
1788254178: Received PUBLISH from gatewayd-m8-gateway-20260901-170636-7882 (d0, q1, r0, m38, 'test/m8/20260901T170636/reactor', ... (54062 bytes))
1788254178: Sending PUBLISH to m8-win-sub-20260901T170636 (d0, q1, r0, m84, 'test/m8/20260901T170636/reactor', ... (54062 bytes))
1788254178: Sending PUBACK to gatewayd-m8-gateway-20260901-170636-7882 (m38, rc0)
1788254178: Received PUBACK from m8-win-sub-20260901T170636 (Mid: 84, RC:0)
1788254178: Received PUBLISH from gatewayd-m8-gateway-20260901-170636-7882 (d0, q1, r0, m39, 'test/m8/20260901T170636/reactor', ... (54057 bytes))
1788254178: Sending PUBLISH to m8-win-sub-20260901T170636 (d0, q1, r0, m85, 'test/m8/20260901T170636/reactor', ... (54057 bytes))
1788254178: Sending PUBACK to gatewayd-m8-gateway-20260901-170636-7882 (m39, rc0)
1788254178: Received PUBACK from m8-win-sub-20260901T170636 (Mid: 85, RC:0)
1788254178: Received PUBLISH from gatewayd-m8-gateway-20260901-170636-7882 (d0, q1, r0, m40, 'test/m8/20260901T170636/reactor', ... (54299 bytes))
1788254178: Sending PUBLISH to m8-win-sub-20260901T170636 (d0, q1, r0, m86, 'test/m8/20260901T170636/reactor', ... (54299 bytes))
1788254178: Sending PUBACK to gatewayd-m8-gateway-20260901-170636-7882 (m40, rc0)
1788254178: Received PUBACK from m8-win-sub-20260901T170636 (Mid: 86, RC:0)
1788254178: Received PUBLISH from gatewayd-m8-gateway-20260901-170636-7882 (d0, q1, r0, m41, 'test/m8/20260901T170636/reactor', ... (54314 bytes))
1788254178: Sending PUBLISH to m8-win-sub-20260901T170636 (d0, q1, r0, m87, 'test/m8/20260901T170636/reactor', ... (54314 bytes))
1788254178: Sending PUBACK to gatewayd-m8-gateway-20260901-170636-7882 (m41, rc0)
1788254178: Received PUBACK from m8-win-sub-20260901T170636 (Mid: 87, RC:0)
1788254178: Received PUBLISH from gatewayd-m8-gateway-20260901-170636-7882 (d0, q1, r0, m42, 'test/m8/20260901T170636/reactor', ... (54315 bytes))
1788254178: Sending PUBLISH to m8-win-sub-20260901T170636 (d0, q1, r0, m88, 'test/m8/20260901T170636/reactor', ... (54315 bytes))
1788254178: Sending PUBACK to gatewayd-m8-gateway-20260901-170636-7882 (m42, rc0)
1788254178: Received PUBACK from m8-win-sub-20260901T170636 (Mid: 88, RC:0)
1788254179: Received PUBLISH from gatewayd-m8-gateway-20260901-170636-7882 (d0, q1, r0, m43, 'test/m8/20260901T170636/reactor', ... (54315 bytes))
1788254179: Sending PUBLISH to m8-win-sub-20260901T170636 (d0, q1, r0, m89, 'test/m8/20260901T170636/reactor', ... (54315 bytes))
1788254179: Sending PUBACK to gatewayd-m8-gateway-20260901-170636-7882 (m43, rc0)
1788254179: Received PUBACK from m8-win-sub-20260901T170636 (Mid: 89, RC:0)
1788254179: Received PUBLISH from gatewayd-m8-gateway-20260901-170636-7882 (d0, q1, r0, m44, 'test/m8/20260901T170636/reactor', ... (54316 bytes))
1788254179: Sending PUBLISH to m8-win-sub-20260901T170636 (d0, q1, r0, m90, 'test/m8/20260901T170636/reactor', ... (54316 bytes))
1788254179: Sending PUBACK to gatewayd-m8-gateway-20260901-170636-7882 (m44, rc0)
1788254179: Received PUBACK from m8-win-sub-20260901T170636 (Mid: 90, RC:0)
1788254179: Received PUBLISH from gatewayd-m8-gateway-20260901-170636-7882 (d0, q1, r0, m45, 'test/m8/20260901T170636/reactor', ... (54326 bytes))
1788254179: Sending PUBLISH to m8-win-sub-20260901T170636 (d0, q1, r0, m91, 'test/m8/20260901T170636/reactor', ... (54326 bytes))
1788254179: Sending PUBACK to gatewayd-m8-gateway-20260901-170636-7882 (m45, rc0)
1788254179: Received PUBACK from m8-win-sub-20260901T170636 (Mid: 91, RC:0)
1788254179: Received PUBLISH from gatewayd-m8-gateway-20260901-170636-7882 (d0, q1, r0, m46, 'test/m8/20260901T170636/reactor', ... (54314 bytes))
1788254179: Sending PUBLISH to m8-win-sub-20260901T170636 (d0, q1, r0, m92, 'test/m8/20260901T170636/reactor', ... (54314 bytes))
1788254179: Sending PUBACK to gatewayd-m8-gateway-20260901-170636-7882 (m46, rc0)
1788254179: Received PUBACK from m8-win-sub-20260901T170636 (Mid: 92, RC:0)
1788254179: Received PUBLISH from gatewayd-m8-gateway-20260901-170636-7882 (d0, q1, r0, m47, 'test/m8/20260901T170636/reactor', ... (54317 bytes))
1788254179: Sending PUBLISH to m8-win-sub-20260901T170636 (d0, q1, r0, m93, 'test/m8/20260901T170636/reactor', ... (54317 bytes))
1788254179: Sending PUBACK to gatewayd-m8-gateway-20260901-170636-7882 (m47, rc0)
1788254179: Received PUBACK from m8-win-sub-20260901T170636 (Mid: 93, RC:0)
1788254179: Received PUBLISH from gatewayd-m8-gateway-20260901-170636-7882 (d0, q1, r0, m48, 'test/m8/20260901T170636/reactor', ... (54324 bytes))
1788254179: Sending PUBLISH to m8-win-sub-20260901T170636 (d0, q1, r0, m94, 'test/m8/20260901T170636/reactor', ... (54324 bytes))
1788254179: Sending PUBACK to gatewayd-m8-gateway-20260901-170636-7882 (m48, rc0)
1788254179: Received PUBACK from m8-win-sub-20260901T170636 (Mid: 94, RC:0)
1788254179: Received PUBLISH from gatewayd-m8-gateway-20260901-170636-7882 (d0, q1, r0, m49, 'test/m8/20260901T170636/reactor', ... (54292 bytes))
1788254179: Sending PUBLISH to m8-win-sub-20260901T170636 (d0, q1, r0, m95, 'test/m8/20260901T170636/reactor', ... (54292 bytes))
1788254179: Sending PUBACK to gatewayd-m8-gateway-20260901-170636-7882 (m49, rc0)
1788254179: Received PUBACK from m8-win-sub-20260901T170636 (Mid: 95, RC:0)
1788254179: Received PUBLISH from gatewayd-m8-gateway-20260901-170636-7882 (d0, q1, r0, m50, 'test/m8/20260901T170636/reactor', ... (54314 bytes))
1788254179: Sending PUBLISH to m8-win-sub-20260901T170636 (d0, q1, r0, m96, 'test/m8/20260901T170636/reactor', ... (54314 bytes))
1788254179: Sending PUBACK to gatewayd-m8-gateway-20260901-170636-7882 (m50, rc0)
1788254179: Received PUBACK from m8-win-sub-20260901T170636 (Mid: 96, RC:0)
1788254179: Received PUBLISH from gatewayd-m8-gateway-20260901-170636-7882 (d0, q1, r0, m51, 'test/m8/20260901T170636/reactor', ... (54314 bytes))
1788254179: Sending PUBLISH to m8-win-sub-20260901T170636 (d0, q1, r0, m97, 'test/m8/20260901T170636/reactor', ... (54314 bytes))
1788254179: Sending PUBACK to gatewayd-m8-gateway-20260901-170636-7882 (m51, rc0)
1788254179: Received PUBACK from m8-win-sub-20260901T170636 (Mid: 97, RC:0)
1788254179: Received PUBLISH from gatewayd-m8-gateway-20260901-170636-7882 (d0, q1, r0, m52, 'test/m8/20260901T170636/reactor', ... (54315 bytes))
1788254179: Sending PUBLISH to m8-win-sub-20260901T170636 (d0, q1, r0, m98, 'test/m8/20260901T170636/reactor', ... (54315 bytes))
1788254179: Sending PUBACK to gatewayd-m8-gateway-20260901-170636-7882 (m52, rc0)
1788254179: Received PUBACK from m8-win-sub-20260901T170636 (Mid: 98, RC:0)
1788254179: Received PUBLISH from gatewayd-m8-gateway-20260901-170636-7882 (d0, q1, r0, m53, 'test/m8/20260901T170636/reactor', ... (54315 bytes))
1788254179: Sending PUBLISH to m8-win-sub-20260901T170636 (d0, q1, r0, m99, 'test/m8/20260901T170636/reactor', ... (54315 bytes))
1788254179: Sending PUBACK to gatewayd-m8-gateway-20260901-170636-7882 (m53, rc0)
1788254179: Received PUBACK from m8-win-sub-20260901T170636 (Mid: 99, RC:0)
1788254179: Received PUBLISH from gatewayd-m8-gateway-20260901-170636-7882 (d0, q1, r0, m54, 'test/m8/20260901T170636/reactor', ... (54314 bytes))
1788254179: Sending PUBLISH to m8-win-sub-20260901T170636 (d0, q1, r0, m100, 'test/m8/20260901T170636/reactor', ... (54314 bytes))
1788254179: Sending PUBACK to gatewayd-m8-gateway-20260901-170636-7882 (m54, rc0)
1788254179: Received PUBACK from m8-win-sub-20260901T170636 (Mid: 100, RC:0)
1788254179: Received PUBLISH from gatewayd-m8-gateway-20260901-170636-7882 (d0, q1, r0, m55, 'test/m8/20260901T170636/reactor', ... (54339 bytes))
1788254179: Sending PUBLISH to m8-win-sub-20260901T170636 (d0, q1, r0, m101, 'test/m8/20260901T170636/reactor', ... (54339 bytes))
1788254179: Sending PUBACK to gatewayd-m8-gateway-20260901-170636-7882 (m55, rc0)
1788254179: Received PUBACK from m8-win-sub-20260901T170636 (Mid: 101, RC:0)
1788254180: Received PUBLISH from gatewayd-m8-gateway-20260901-170636-7882 (d0, q1, r0, m56, 'test/m8/20260901T170636/reactor', ... (54331 bytes))
1788254180: Sending PUBLISH to m8-win-sub-20260901T170636 (d0, q1, r0, m102, 'test/m8/20260901T170636/reactor', ... (54331 bytes))
1788254180: Sending PUBACK to gatewayd-m8-gateway-20260901-170636-7882 (m56, rc0)
1788254180: Received PUBACK from m8-win-sub-20260901T170636 (Mid: 102, RC:0)
1788254180: Received PUBLISH from gatewayd-m8-gateway-20260901-170636-7882 (d0, q1, r0, m57, 'test/m8/20260901T170636/reactor', ... (54312 bytes))
1788254180: Sending PUBLISH to m8-win-sub-20260901T170636 (d0, q1, r0, m103, 'test/m8/20260901T170636/reactor', ... (54312 bytes))
1788254180: Sending PUBACK to gatewayd-m8-gateway-20260901-170636-7882 (m57, rc0)
1788254180: Received PUBACK from m8-win-sub-20260901T170636 (Mid: 103, RC:0)
1788254180: Received PUBLISH from gatewayd-m8-gateway-20260901-170636-7882 (d0, q1, r0, m58, 'test/m8/20260901T170636/reactor', ... (54326 bytes))
1788254180: Sending PUBLISH to m8-win-sub-20260901T170636 (d0, q1, r0, m104, 'test/m8/20260901T170636/reactor', ... (54326 bytes))
1788254180: Sending PUBACK to gatewayd-m8-gateway-20260901-170636-7882 (m58, rc0)
1788254180: Received PUBACK from m8-win-sub-20260901T170636 (Mid: 104, RC:0)
1788254180: Received PUBLISH from gatewayd-m8-gateway-20260901-170636-7882 (d0, q1, r0, m59, 'test/m8/20260901T170636/reactor', ... (54292 bytes))
1788254180: Sending PUBLISH to m8-win-sub-20260901T170636 (d0, q1, r0, m105, 'test/m8/20260901T170636/reactor', ... (54292 bytes))
1788254180: Sending PUBACK to gatewayd-m8-gateway-20260901-170636-7882 (m59, rc0)
1788254180: Received PUBACK from m8-win-sub-20260901T170636 (Mid: 105, RC:0)
1788254180: Received PUBLISH from gatewayd-m8-gateway-20260901-170636-7882 (d0, q1, r0, m60, 'test/m8/20260901T170636/reactor', ... (54292 bytes))
1788254180: Sending PUBLISH to m8-win-sub-20260901T170636 (d0, q1, r0, m106, 'test/m8/20260901T170636/reactor', ... (54292 bytes))
1788254180: Sending PUBACK to gatewayd-m8-gateway-20260901-170636-7882 (m60, rc0)
1788254180: Received PUBACK from m8-win-sub-20260901T170636 (Mid: 106, RC:0)
1788254180: Received PUBLISH from gatewayd-m8-gateway-20260901-170636-7882 (d0, q1, r0, m61, 'test/m8/20260901T170636/reactor', ... (54311 bytes))
1788254180: Sending PUBLISH to m8-win-sub-20260901T170636 (d0, q1, r0, m107, 'test/m8/20260901T170636/reactor', ... (54311 bytes))
1788254180: Sending PUBACK to gatewayd-m8-gateway-20260901-170636-7882 (m61, rc0)
1788254180: Received PUBACK from m8-win-sub-20260901T170636 (Mid: 107, RC:0)
1788254180: Received PUBLISH from gatewayd-m8-gateway-20260901-170636-7882 (d0, q1, r0, m62, 'test/m8/20260901T170636/reactor', ... (54315 bytes))
1788254180: Sending PUBLISH to m8-win-sub-20260901T170636 (d0, q1, r0, m108, 'test/m8/20260901T170636/reactor', ... (54315 bytes))
1788254180: Sending PUBACK to gatewayd-m8-gateway-20260901-170636-7882 (m62, rc0)
1788254180: Received PUBACK from m8-win-sub-20260901T170636 (Mid: 108, RC:0)
1788254180: Received PUBLISH from gatewayd-m8-gateway-20260901-170636-7882 (d0, q1, r0, m63, 'test/m8/20260901T170636/reactor', ... (54315 bytes))
1788254180: Sending PUBLISH to m8-win-sub-20260901T170636 (d0, q1, r0, m109, 'test/m8/20260901T170636/reactor', ... (54315 bytes))
1788254180: Sending PUBACK to gatewayd-m8-gateway-20260901-170636-7882 (m63, rc0)
1788254180: Received PUBACK from m8-win-sub-20260901T170636 (Mid: 109, RC:0)
1788254180: Received PUBLISH from gatewayd-m8-gateway-20260901-170636-7882 (d0, q1, r0, m64, 'test/m8/20260901T170636/reactor', ... (54314 bytes))
1788254180: Sending PUBLISH to m8-win-sub-20260901T170636 (d0, q1, r0, m110, 'test/m8/20260901T170636/reactor', ... (54314 bytes))
1788254180: Sending PUBACK to gatewayd-m8-gateway-20260901-170636-7882 (m64, rc0)
1788254180: Received PUBACK from m8-win-sub-20260901T170636 (Mid: 110, RC:0)
1788254180: Received PUBLISH from gatewayd-m8-gateway-20260901-170636-7882 (d0, q1, r0, m65, 'test/m8/20260901T170636/reactor', ... (54337 bytes))
1788254180: Sending PUBLISH to m8-win-sub-20260901T170636 (d0, q1, r0, m111, 'test/m8/20260901T170636/reactor', ... (54337 bytes))
1788254180: Sending PUBACK to gatewayd-m8-gateway-20260901-170636-7882 (m65, rc0)
1788254180: Received PUBACK from m8-win-sub-20260901T170636 (Mid: 111, RC:0)
1788254180: Received PUBLISH from gatewayd-m8-gateway-20260901-170636-7882 (d0, q1, r0, m66, 'test/m8/20260901T170636/reactor', ... (54340 bytes))
1788254180: Sending PUBLISH to m8-win-sub-20260901T170636 (d0, q1, r0, m112, 'test/m8/20260901T170636/reactor', ... (54340 bytes))
1788254180: Sending PUBACK to gatewayd-m8-gateway-20260901-170636-7882 (m66, rc0)
1788254180: Received PUBACK from m8-win-sub-20260901T170636 (Mid: 112, RC:0)
1788254180: Received PUBLISH from gatewayd-m8-gateway-20260901-170636-7882 (d0, q1, r0, m67, 'test/m8/20260901T170636/reactor', ... (54336 bytes))
1788254180: Sending PUBLISH to m8-win-sub-20260901T170636 (d0, q1, r0, m113, 'test/m8/20260901T170636/reactor', ... (54336 bytes))
1788254180: Sending PUBACK to gatewayd-m8-gateway-20260901-170636-7882 (m67, rc0)
1788254180: Received PUBACK from m8-win-sub-20260901T170636 (Mid: 113, RC:0)
1788254180: Received PUBLISH from gatewayd-m8-gateway-20260901-170636-7882 (d0, q1, r0, m68, 'test/m8/20260901T170636/reactor', ... (54317 bytes))
1788254180: Sending PUBLISH to m8-win-sub-20260901T170636 (d0, q1, r0, m114, 'test/m8/20260901T170636/reactor', ... (54317 bytes))
1788254180: Sending PUBACK to gatewayd-m8-gateway-20260901-170636-7882 (m68, rc0)
1788254180: Received PUBACK from m8-win-sub-20260901T170636 (Mid: 114, RC:0)
1788254181: Received PUBLISH from gatewayd-m8-gateway-20260901-170636-7882 (d0, q1, r0, m69, 'test/m8/20260901T170636/reactor', ... (54296 bytes))
1788254181: Sending PUBLISH to m8-win-sub-20260901T170636 (d0, q1, r0, m115, 'test/m8/20260901T170636/reactor', ... (54296 bytes))
1788254181: Sending PUBACK to gatewayd-m8-gateway-20260901-170636-7882 (m69, rc0)
1788254181: Received PUBACK from m8-win-sub-20260901T170636 (Mid: 115, RC:0)
1788254181: Received PUBLISH from gatewayd-m8-gateway-20260901-170636-7882 (d0, q1, r0, m70, 'test/m8/20260901T170636/reactor', ... (54292 bytes))
1788254181: Sending PUBLISH to m8-win-sub-20260901T170636 (d0, q1, r0, m116, 'test/m8/20260901T170636/reactor', ... (54292 bytes))
1788254181: Sending PUBACK to gatewayd-m8-gateway-20260901-170636-7882 (m70, rc0)
1788254181: Received PUBACK from m8-win-sub-20260901T170636 (Mid: 116, RC:0)
1788254181: Received PUBLISH from gatewayd-m8-gateway-20260901-170636-7882 (d0, q1, r0, m71, 'test/m8/20260901T170636/reactor', ... (54291 bytes))
1788254181: Sending PUBLISH to m8-win-sub-20260901T170636 (d0, q1, r0, m117, 'test/m8/20260901T170636/reactor', ... (54291 bytes))
1788254181: Sending PUBACK to gatewayd-m8-gateway-20260901-170636-7882 (m71, rc0)
1788254181: Received PUBACK from m8-win-sub-20260901T170636 (Mid: 117, RC:0)
1788254181: Received PUBLISH from gatewayd-m8-gateway-20260901-170636-7882 (d0, q1, r0, m72, 'test/m8/20260901T170636/reactor', ... (54309 bytes))
1788254181: Sending PUBLISH to m8-win-sub-20260901T170636 (d0, q1, r0, m118, 'test/m8/20260901T170636/reactor', ... (54309 bytes))
1788254181: Sending PUBACK to gatewayd-m8-gateway-20260901-170636-7882 (m72, rc0)
1788254181: Received PUBACK from m8-win-sub-20260901T170636 (Mid: 118, RC:0)
1788254181: Received PUBLISH from gatewayd-m8-gateway-20260901-170636-7882 (d0, q1, r0, m73, 'test/m8/20260901T170636/reactor', ... (54315 bytes))
1788254181: Sending PUBLISH to m8-win-sub-20260901T170636 (d0, q1, r0, m119, 'test/m8/20260901T170636/reactor', ... (54315 bytes))
1788254181: Sending PUBACK to gatewayd-m8-gateway-20260901-170636-7882 (m73, rc0)
1788254181: Received PUBACK from m8-win-sub-20260901T170636 (Mid: 119, RC:0)
1788254181: Received PUBLISH from gatewayd-m8-gateway-20260901-170636-7882 (d0, q1, r0, m74, 'test/m8/20260901T170636/reactor', ... (54314 bytes))
1788254181: Sending PUBLISH to m8-win-sub-20260901T170636 (d0, q1, r0, m120, 'test/m8/20260901T170636/reactor', ... (54314 bytes))
1788254181: Sending PUBACK to gatewayd-m8-gateway-20260901-170636-7882 (m74, rc0)
1788254181: Received PUBACK from m8-win-sub-20260901T170636 (Mid: 120, RC:0)
1788254181: Received PUBLISH from gatewayd-m8-gateway-20260901-170636-7882 (d0, q1, r0, m75, 'test/m8/20260901T170636/reactor', ... (54335 bytes))
1788254181: Sending PUBLISH to m8-win-sub-20260901T170636 (d0, q1, r0, m121, 'test/m8/20260901T170636/reactor', ... (54335 bytes))
1788254181: Sending PUBACK to gatewayd-m8-gateway-20260901-170636-7882 (m75, rc0)
1788254181: Received PUBACK from m8-win-sub-20260901T170636 (Mid: 121, RC:0)
1788254181: Received PUBLISH from gatewayd-m8-gateway-20260901-170636-7882 (d0, q1, r0, m76, 'test/m8/20260901T170636/reactor', ... (54340 bytes))
1788254181: Sending PUBLISH to m8-win-sub-20260901T170636 (d0, q1, r0, m122, 'test/m8/20260901T170636/reactor', ... (54340 bytes))
1788254181: Sending PUBACK to gatewayd-m8-gateway-20260901-170636-7882 (m76, rc0)
1788254181: Received PUBACK from m8-win-sub-20260901T170636 (Mid: 122, RC:0)
1788254181: Received PUBLISH from gatewayd-m8-gateway-20260901-170636-7882 (d0, q1, r0, m77, 'test/m8/20260901T170636/reactor', ... (54340 bytes))
1788254181: Sending PUBLISH to m8-win-sub-20260901T170636 (d0, q1, r0, m123, 'test/m8/20260901T170636/reactor', ... (54340 bytes))
1788254181: Sending PUBACK to gatewayd-m8-gateway-20260901-170636-7882 (m77, rc0)
1788254181: Received PUBACK from m8-win-sub-20260901T170636 (Mid: 123, RC:0)
1788254181: Received PUBLISH from gatewayd-m8-gateway-20260901-170636-7882 (d0, q1, r0, m78, 'test/m8/20260901T170636/reactor', ... (54348 bytes))
1788254181: Sending PUBLISH to m8-win-sub-20260901T170636 (d0, q1, r0, m124, 'test/m8/20260901T170636/reactor', ... (54348 bytes))
1788254181: Sending PUBACK to gatewayd-m8-gateway-20260901-170636-7882 (m78, rc0)
1788254181: Received PUBACK from m8-win-sub-20260901T170636 (Mid: 124, RC:0)
1788254181: Received PUBLISH from gatewayd-m8-gateway-20260901-170636-7882 (d0, q1, r0, m79, 'test/m8/20260901T170636/reactor', ... (54292 bytes))
1788254181: Sending PUBLISH to m8-win-sub-20260901T170636 (d0, q1, r0, m125, 'test/m8/20260901T170636/reactor', ... (54292 bytes))
1788254181: Sending PUBACK to gatewayd-m8-gateway-20260901-170636-7882 (m79, rc0)
1788254181: Received PUBACK from m8-win-sub-20260901T170636 (Mid: 125, RC:0)
1788254181: Received PUBLISH from gatewayd-m8-gateway-20260901-170636-7882 (d0, q1, r0, m80, 'test/m8/20260901T170636/reactor', ... (54294 bytes))
1788254181: Sending PUBLISH to m8-win-sub-20260901T170636 (d0, q1, r0, m126, 'test/m8/20260901T170636/reactor', ... (54294 bytes))
1788254181: Sending PUBACK to gatewayd-m8-gateway-20260901-170636-7882 (m80, rc0)
1788254181: Received PUBACK from m8-win-sub-20260901T170636 (Mid: 126, RC:0)
1788254181: Received PUBLISH from gatewayd-m8-gateway-20260901-170636-7882 (d0, q1, r0, m81, 'test/m8/20260901T170636/reactor', ... (54314 bytes))
1788254181: Sending PUBLISH to m8-win-sub-20260901T170636 (d0, q1, r0, m127, 'test/m8/20260901T170636/reactor', ... (54314 bytes))
1788254181: Sending PUBACK to gatewayd-m8-gateway-20260901-170636-7882 (m81, rc0)
1788254181: Received PUBACK from m8-win-sub-20260901T170636 (Mid: 127, RC:0)
1788254181: Received PUBLISH from gatewayd-m8-gateway-20260901-170636-7882 (d0, q1, r0, m82, 'test/m8/20260901T170636/reactor', ... (54294 bytes))
1788254181: Sending PUBLISH to m8-win-sub-20260901T170636 (d0, q1, r0, m128, 'test/m8/20260901T170636/reactor', ... (54294 bytes))
1788254181: Sending PUBACK to gatewayd-m8-gateway-20260901-170636-7882 (m82, rc0)
1788254181: Received PUBACK from m8-win-sub-20260901T170636 (Mid: 128, RC:0)
1788254182: Received PUBLISH from gatewayd-m8-gateway-20260901-170636-7882 (d0, q1, r0, m83, 'test/m8/20260901T170636/reactor', ... (54314 bytes))
1788254182: Sending PUBLISH to m8-win-sub-20260901T170636 (d0, q1, r0, m129, 'test/m8/20260901T170636/reactor', ... (54314 bytes))
1788254182: Sending PUBACK to gatewayd-m8-gateway-20260901-170636-7882 (m83, rc0)
1788254182: Received PUBACK from m8-win-sub-20260901T170636 (Mid: 129, RC:0)
1788254182: Received PUBLISH from gatewayd-m8-gateway-20260901-170636-7882 (d0, q1, r0, m84, 'test/m8/20260901T170636/reactor', ... (54317 bytes))
1788254182: Sending PUBLISH to m8-win-sub-20260901T170636 (d0, q1, r0, m130, 'test/m8/20260901T170636/reactor', ... (54317 bytes))
1788254182: Sending PUBACK to gatewayd-m8-gateway-20260901-170636-7882 (m84, rc0)
1788254182: Received PUBACK from m8-win-sub-20260901T170636 (Mid: 130, RC:0)
1788254182: Received PUBLISH from gatewayd-m8-gateway-20260901-170636-7882 (d0, q1, r0, m85, 'test/m8/20260901T170636/reactor', ... (54317 bytes))
1788254182: Sending PUBLISH to m8-win-sub-20260901T170636 (d0, q1, r0, m131, 'test/m8/20260901T170636/reactor', ... (54317 bytes))
1788254182: Sending PUBACK to gatewayd-m8-gateway-20260901-170636-7882 (m85, rc0)
1788254182: Received PUBACK from m8-win-sub-20260901T170636 (Mid: 131, RC:0)
1788254182: Received PUBLISH from gatewayd-m8-gateway-20260901-170636-7882 (d0, q1, r0, m86, 'test/m8/20260901T170636/reactor', ... (54317 bytes))
1788254182: Sending PUBLISH to m8-win-sub-20260901T170636 (d0, q1, r0, m132, 'test/m8/20260901T170636/reactor', ... (54317 bytes))
1788254182: Sending PUBACK to gatewayd-m8-gateway-20260901-170636-7882 (m86, rc0)
1788254182: Received PUBACK from m8-win-sub-20260901T170636 (Mid: 132, RC:0)
1788254182: Received PUBLISH from gatewayd-m8-gateway-20260901-170636-7882 (d0, q1, r0, m87, 'test/m8/20260901T170636/reactor', ... (54335 bytes))
1788254182: Sending PUBLISH to m8-win-sub-20260901T170636 (d0, q1, r0, m133, 'test/m8/20260901T170636/reactor', ... (54335 bytes))
1788254182: Sending PUBACK to gatewayd-m8-gateway-20260901-170636-7882 (m87, rc0)
1788254182: Received PUBACK from m8-win-sub-20260901T170636 (Mid: 133, RC:0)
1788254182: Received PUBLISH from gatewayd-m8-gateway-20260901-170636-7882 (d0, q1, r0, m88, 'test/m8/20260901T170636/reactor', ... (54343 bytes))
1788254182: Sending PUBLISH to m8-win-sub-20260901T170636 (d0, q1, r0, m134, 'test/m8/20260901T170636/reactor', ... (54343 bytes))
1788254182: Sending PUBACK to gatewayd-m8-gateway-20260901-170636-7882 (m88, rc0)
1788254182: Received PUBACK from m8-win-sub-20260901T170636 (Mid: 134, RC:0)
1788254182: Received PUBLISH from gatewayd-m8-gateway-20260901-170636-7882 (d0, q1, r0, m89, 'test/m8/20260901T170636/reactor', ... (54337 bytes))
1788254182: Sending PUBLISH to m8-win-sub-20260901T170636 (d0, q1, r0, m135, 'test/m8/20260901T170636/reactor', ... (54337 bytes))
1788254182: Sending PUBACK to gatewayd-m8-gateway-20260901-170636-7882 (m89, rc0)
1788254182: Received PUBACK from m8-win-sub-20260901T170636 (Mid: 135, RC:0)
1788254182: Received PUBLISH from gatewayd-m8-gateway-20260901-170636-7882 (d0, q1, r0, m90, 'test/m8/20260901T170636/reactor', ... (54313 bytes))
1788254182: Sending PUBLISH to m8-win-sub-20260901T170636 (d0, q1, r0, m136, 'test/m8/20260901T170636/reactor', ... (54313 bytes))
1788254182: Sending PUBACK to gatewayd-m8-gateway-20260901-170636-7882 (m90, rc0)
1788254182: Received PUBACK from m8-win-sub-20260901T170636 (Mid: 136, RC:0)
1788254182: Received PUBLISH from gatewayd-m8-gateway-20260901-170636-7882 (d0, q1, r0, m91, 'test/m8/20260901T170636/reactor', ... (54300 bytes))
1788254182: Sending PUBLISH to m8-win-sub-20260901T170636 (d0, q1, r0, m137, 'test/m8/20260901T170636/reactor', ... (54300 bytes))
1788254182: Sending PUBACK to gatewayd-m8-gateway-20260901-170636-7882 (m91, rc0)
1788254182: Received PUBACK from m8-win-sub-20260901T170636 (Mid: 137, RC:0)
1788254182: Received PUBLISH from gatewayd-m8-gateway-20260901-170636-7882 (d0, q1, r0, m92, 'test/m8/20260901T170636/reactor', ... (54288 bytes))
1788254182: Sending PUBLISH to m8-win-sub-20260901T170636 (d0, q1, r0, m138, 'test/m8/20260901T170636/reactor', ... (54288 bytes))
1788254182: Sending PUBACK to gatewayd-m8-gateway-20260901-170636-7882 (m92, rc0)
1788254182: Received PUBACK from m8-win-sub-20260901T170636 (Mid: 138, RC:0)
1788254182: Received PUBLISH from gatewayd-m8-gateway-20260901-170636-7882 (d0, q1, r0, m93, 'test/m8/20260901T170636/reactor', ... (54290 bytes))
1788254182: Sending PUBLISH to m8-win-sub-20260901T170636 (d0, q1, r0, m139, 'test/m8/20260901T170636/reactor', ... (54290 bytes))
1788254182: Sending PUBACK to gatewayd-m8-gateway-20260901-170636-7882 (m93, rc0)
1788254182: Received PUBACK from m8-win-sub-20260901T170636 (Mid: 139, RC:0)
1788254182: Received PUBLISH from gatewayd-m8-gateway-20260901-170636-7882 (d0, q1, r0, m94, 'test/m8/20260901T170636/reactor', ... (54309 bytes))
1788254182: Sending PUBLISH to m8-win-sub-20260901T170636 (d0, q1, r0, m140, 'test/m8/20260901T170636/reactor', ... (54309 bytes))
1788254182: Sending PUBACK to gatewayd-m8-gateway-20260901-170636-7882 (m94, rc0)
1788254182: Received PUBACK from m8-win-sub-20260901T170636 (Mid: 140, RC:0)
1788254182: Received PUBLISH from gatewayd-m8-gateway-20260901-170636-7882 (d0, q1, r0, m95, 'test/m8/20260901T170636/reactor', ... (15586 bytes))
1788254182: Sending PUBLISH to m8-win-sub-20260901T170636 (d0, q1, r0, m141, 'test/m8/20260901T170636/reactor', ... (15586 bytes))
1788254182: Sending PUBACK to gatewayd-m8-gateway-20260901-170636-7882 (m95, rc0)
1788254182: Received PUBACK from m8-win-sub-20260901T170636 (Mid: 141, RC:0)
1788254183: Received PUBLISH from gatewayd-m8-gateway-20260901-170636-7882 (d0, q1, r0, m96, 'test/m8/20260901T170636/reactor', ... (19423 bytes))
1788254183: Sending PUBLISH to m8-win-sub-20260901T170636 (d0, q1, r0, m142, 'test/m8/20260901T170636/reactor', ... (19423 bytes))
1788254183: Sending PUBACK to gatewayd-m8-gateway-20260901-170636-7882 (m96, rc0)
1788254183: Received PUBACK from m8-win-sub-20260901T170636 (Mid: 142, RC:0)
1788254185: Received PUBLISH from gatewayd-m8-gateway-20260901-170636-7882 (d0, q1, r0, m97, 'test/m8/20260901T170636/reactor', ... (19022 bytes))
1788254185: Sending PUBLISH to m8-win-sub-20260901T170636 (d0, q1, r0, m143, 'test/m8/20260901T170636/reactor', ... (19022 bytes))
1788254185: Sending PUBACK to gatewayd-m8-gateway-20260901-170636-7882 (m97, rc0)
1788254185: Received PUBACK from m8-win-sub-20260901T170636 (Mid: 143, RC:0)
1788254186: Received PUBLISH from gatewayd-m8-gateway-20260901-170636-7882 (d0, q1, r0, m98, 'test/m8/20260901T170636/reactor', ... (13669 bytes))
1788254186: Sending PUBLISH to m8-win-sub-20260901T170636 (d0, q1, r0, m144, 'test/m8/20260901T170636/reactor', ... (13669 bytes))
1788254186: Sending PUBACK to gatewayd-m8-gateway-20260901-170636-7882 (m98, rc0)
1788254186: Received PUBACK from m8-win-sub-20260901T170636 (Mid: 144, RC:0)
1788254187: Received PUBLISH from gatewayd-m8-gateway-20260901-170636-7882 (d0, q1, r0, m99, 'test/m8/20260901T170636/reactor', ... (17055 bytes))
1788254187: Sending PUBLISH to m8-win-sub-20260901T170636 (d0, q1, r0, m145, 'test/m8/20260901T170636/reactor', ... (17055 bytes))
1788254187: Sending PUBACK to gatewayd-m8-gateway-20260901-170636-7882 (m99, rc0)
1788254187: Received PUBACK from m8-win-sub-20260901T170636 (Mid: 145, RC:0)
1788254188: Received PUBLISH from gatewayd-m8-gateway-20260901-170636-7882 (d0, q1, r0, m100, 'test/m8/20260901T170636/reactor', ... (18810 bytes))
1788254188: Sending PUBLISH to m8-win-sub-20260901T170636 (d0, q1, r0, m146, 'test/m8/20260901T170636/reactor', ... (18810 bytes))
1788254188: Sending PUBACK to gatewayd-m8-gateway-20260901-170636-7882 (m100, rc0)
1788254188: Received PUBACK from m8-win-sub-20260901T170636 (Mid: 146, RC:0)
1788254189: Received PUBLISH from gatewayd-m8-gateway-20260901-170636-7882 (d0, q1, r0, m101, 'test/m8/20260901T170636/reactor', ... (19417 bytes))
1788254189: Sending PUBLISH to m8-win-sub-20260901T170636 (d0, q1, r0, m147, 'test/m8/20260901T170636/reactor', ... (19417 bytes))
1788254189: Sending PUBACK to gatewayd-m8-gateway-20260901-170636-7882 (m101, rc0)
1788254189: Received PUBACK from m8-win-sub-20260901T170636 (Mid: 147, RC:0)
1788254190: Received PUBLISH from gatewayd-m8-gateway-20260901-170636-7882 (d0, q1, r0, m102, 'test/m8/20260901T170636/reactor', ... (12820 bytes))
1788254190: Sending PUBLISH to m8-win-sub-20260901T170636 (d0, q1, r0, m148, 'test/m8/20260901T170636/reactor', ... (12820 bytes))
1788254190: Sending PUBACK to gatewayd-m8-gateway-20260901-170636-7882 (m102, rc0)
1788254190: Received PUBACK from m8-win-sub-20260901T170636 (Mid: 148, RC:0)
1788254191: Received PUBLISH from gatewayd-m8-gateway-20260901-170636-7882 (d0, q1, r0, m103, 'test/m8/20260901T170636/reactor', ... (8185 bytes))
1788254191: Sending PUBLISH to m8-win-sub-20260901T170636 (d0, q1, r0, m149, 'test/m8/20260901T170636/reactor', ... (8185 bytes))
1788254191: Sending PUBACK to gatewayd-m8-gateway-20260901-170636-7882 (m103, rc0)
1788254191: Received PUBACK from m8-win-sub-20260901T170636 (Mid: 149, RC:0)
1788254192: Received PUBLISH from gatewayd-m8-gateway-20260901-170636-7882 (d0, q1, r0, m104, 'test/m8/20260901T170636/reactor', ... (19446 bytes))
1788254192: Sending PUBLISH to m8-win-sub-20260901T170636 (d0, q1, r0, m150, 'test/m8/20260901T170636/reactor', ... (19446 bytes))
1788254192: Sending PUBACK to gatewayd-m8-gateway-20260901-170636-7882 (m104, rc0)
1788254192: Received PUBACK from m8-win-sub-20260901T170636 (Mid: 150, RC:0)
1788254193: Received PUBLISH from gatewayd-m8-gateway-20260901-170636-7882 (d0, q1, r0, m105, 'test/m8/20260901T170636/reactor', ... (18996 bytes))
1788254193: Sending PUBLISH to m8-win-sub-20260901T170636 (d0, q1, r0, m151, 'test/m8/20260901T170636/reactor', ... (18996 bytes))
1788254193: Sending PUBACK to gatewayd-m8-gateway-20260901-170636-7882 (m105, rc0)
1788254193: Received PUBACK from m8-win-sub-20260901T170636 (Mid: 151, RC:0)
1788254194: Received PUBLISH from gatewayd-m8-gateway-20260901-170636-7882 (d0, q1, r0, m106, 'test/m8/20260901T170636/reactor', ... (18926 bytes))
1788254194: Sending PUBLISH to m8-win-sub-20260901T170636 (d0, q1, r0, m152, 'test/m8/20260901T170636/reactor', ... (18926 bytes))
1788254194: Sending PUBACK to gatewayd-m8-gateway-20260901-170636-7882 (m106, rc0)
1788254194: Received PUBACK from m8-win-sub-20260901T170636 (Mid: 152, RC:0)
1788254196: Received PUBLISH from gatewayd-m8-gateway-20260901-170636-7882 (d0, q1, r0, m107, 'test/m8/20260901T170636/reactor', ... (19432 bytes))
1788254196: Sending PUBLISH to m8-win-sub-20260901T170636 (d0, q1, r0, m153, 'test/m8/20260901T170636/reactor', ... (19432 bytes))
1788254196: Sending PUBACK to gatewayd-m8-gateway-20260901-170636-7882 (m107, rc0)
1788254196: Received PUBACK from m8-win-sub-20260901T170636 (Mid: 153, RC:0)
1788254197: Received PUBLISH from gatewayd-m8-gateway-20260901-170636-7882 (d0, q1, r0, m108, 'test/m8/20260901T170636/reactor', ... (19012 bytes))
1788254197: Sending PUBLISH to m8-win-sub-20260901T170636 (d0, q1, r0, m154, 'test/m8/20260901T170636/reactor', ... (19012 bytes))
1788254197: Sending PUBACK to gatewayd-m8-gateway-20260901-170636-7882 (m108, rc0)
1788254197: Received PUBACK from m8-win-sub-20260901T170636 (Mid: 154, RC:0)
1788254198: Received PUBLISH from gatewayd-m8-gateway-20260901-170636-7882 (d0, q1, r0, m109, 'test/m8/20260901T170636/reactor', ... (17870 bytes))
1788254198: Sending PUBLISH to m8-win-sub-20260901T170636 (d0, q1, r0, m155, 'test/m8/20260901T170636/reactor', ... (17870 bytes))
1788254198: Sending PUBACK to gatewayd-m8-gateway-20260901-170636-7882 (m109, rc0)
1788254198: Received PUBACK from m8-win-sub-20260901T170636 (Mid: 155, RC:0)
1788254199: Received PUBLISH from gatewayd-m8-gateway-20260901-170636-7882 (d0, q1, r0, m110, 'test/m8/20260901T170636/reactor', ... (17719 bytes))
1788254199: Sending PUBLISH to m8-win-sub-20260901T170636 (d0, q1, r0, m156, 'test/m8/20260901T170636/reactor', ... (17719 bytes))
1788254199: Sending PUBACK to gatewayd-m8-gateway-20260901-170636-7882 (m110, rc0)
1788254199: Received PUBACK from m8-win-sub-20260901T170636 (Mid: 156, RC:0)
1788254200: Received PUBLISH from gatewayd-m8-gateway-20260901-170636-7882 (d0, q1, r0, m111, 'test/m8/20260901T170636/reactor', ... (19014 bytes))
1788254200: Sending PUBLISH to m8-win-sub-20260901T170636 (d0, q1, r0, m157, 'test/m8/20260901T170636/reactor', ... (19014 bytes))
1788254200: Sending PUBACK to gatewayd-m8-gateway-20260901-170636-7882 (m111, rc0)
1788254200: Received PUBACK from m8-win-sub-20260901T170636 (Mid: 157, RC:0)
1788254201: Received PUBLISH from gatewayd-m8-gateway-20260901-170636-7882 (d0, q1, r0, m112, 'test/m8/20260901T170636/reactor', ... (19371 bytes))
1788254201: Sending PUBLISH to m8-win-sub-20260901T170636 (d0, q1, r0, m158, 'test/m8/20260901T170636/reactor', ... (19371 bytes))
1788254201: Sending PUBACK to gatewayd-m8-gateway-20260901-170636-7882 (m112, rc0)
1788254201: Received PUBACK from m8-win-sub-20260901T170636 (Mid: 158, RC:0)
1788254202: Received PUBLISH from gatewayd-m8-gateway-20260901-170636-7882 (d0, q1, r0, m113, 'test/m8/20260901T170636/reactor', ... (18972 bytes))
1788254202: Sending PUBLISH to m8-win-sub-20260901T170636 (d0, q1, r0, m159, 'test/m8/20260901T170636/reactor', ... (18972 bytes))
1788254202: Sending PUBACK to gatewayd-m8-gateway-20260901-170636-7882 (m113, rc0)
1788254202: Received PUBACK from m8-win-sub-20260901T170636 (Mid: 159, RC:0)
1788254203: Received PUBLISH from gatewayd-m8-gateway-20260901-170636-7882 (d0, q1, r0, m114, 'test/m8/20260901T170636/reactor', ... (18590 bytes))
1788254203: Sending PUBLISH to m8-win-sub-20260901T170636 (d0, q1, r0, m160, 'test/m8/20260901T170636/reactor', ... (18590 bytes))
1788254203: Sending PUBACK to gatewayd-m8-gateway-20260901-170636-7882 (m114, rc0)
1788254203: Received PUBACK from m8-win-sub-20260901T170636 (Mid: 160, RC:0)
1788254204: Received PUBLISH from gatewayd-m8-gateway-20260901-170636-7882 (d0, q1, r0, m115, 'test/m8/20260901T170636/reactor', ... (19386 bytes))
1788254204: Sending PUBLISH to m8-win-sub-20260901T170636 (d0, q1, r0, m161, 'test/m8/20260901T170636/reactor', ... (19386 bytes))
1788254204: Sending PUBACK to gatewayd-m8-gateway-20260901-170636-7882 (m115, rc0)
1788254204: Received PUBACK from m8-win-sub-20260901T170636 (Mid: 161, RC:0)
1788254205: Received PUBLISH from gatewayd-m8-gateway-20260901-170636-7882 (d0, q1, r0, m116, 'test/m8/20260901T170636/reactor', ... (16836 bytes))
1788254205: Sending PUBLISH to m8-win-sub-20260901T170636 (d0, q1, r0, m162, 'test/m8/20260901T170636/reactor', ... (16836 bytes))
1788254205: Sending PUBACK to gatewayd-m8-gateway-20260901-170636-7882 (m116, rc0)
1788254205: Received PUBACK from m8-win-sub-20260901T170636 (Mid: 162, RC:0)
1788254206: Received PUBLISH from gatewayd-m8-gateway-20260901-170636-7882 (d0, q1, r0, m117, 'test/m8/20260901T170636/reactor', ... (17108 bytes))
1788254206: Sending PUBLISH to m8-win-sub-20260901T170636 (d0, q1, r0, m163, 'test/m8/20260901T170636/reactor', ... (17108 bytes))
1788254206: Sending PUBACK to gatewayd-m8-gateway-20260901-170636-7882 (m117, rc0)
1788254206: Received PUBACK from m8-win-sub-20260901T170636 (Mid: 163, RC:0)
1788254207: Received PUBLISH from gatewayd-m8-gateway-20260901-170636-7882 (d0, q1, r0, m118, 'test/m8/20260901T170636/reactor', ... (19209 bytes))
1788254207: Sending PUBLISH to m8-win-sub-20260901T170636 (d0, q1, r0, m164, 'test/m8/20260901T170636/reactor', ... (19209 bytes))
1788254207: Sending PUBACK to gatewayd-m8-gateway-20260901-170636-7882 (m118, rc0)
1788254207: Received PUBACK from m8-win-sub-20260901T170636 (Mid: 164, RC:0)
1788254208: Received PUBLISH from gatewayd-m8-gateway-20260901-170636-7882 (d0, q1, r0, m119, 'test/m8/20260901T170636/reactor', ... (18942 bytes))
1788254208: Sending PUBLISH to m8-win-sub-20260901T170636 (d0, q1, r0, m165, 'test/m8/20260901T170636/reactor', ... (18942 bytes))
1788254208: Sending PUBACK to gatewayd-m8-gateway-20260901-170636-7882 (m119, rc0)
1788254208: Received PUBACK from m8-win-sub-20260901T170636 (Mid: 165, RC:0)
1788254209: Received PUBLISH from gatewayd-m8-gateway-20260901-170636-7882 (d0, q1, r0, m120, 'test/m8/20260901T170636/reactor', ... (19436 bytes))
1788254209: Sending PUBLISH to m8-win-sub-20260901T170636 (d0, q1, r0, m166, 'test/m8/20260901T170636/reactor', ... (19436 bytes))
1788254209: Sending PUBACK to gatewayd-m8-gateway-20260901-170636-7882 (m120, rc0)
1788254209: Received PUBACK from m8-win-sub-20260901T170636 (Mid: 166, RC:0)
1788254210: Received PUBLISH from gatewayd-m8-gateway-20260901-170636-7882 (d0, q1, r0, m121, 'test/m8/20260901T170636/reactor', ... (19023 bytes))
1788254210: Sending PUBLISH to m8-win-sub-20260901T170636 (d0, q1, r0, m167, 'test/m8/20260901T170636/reactor', ... (19023 bytes))
1788254210: Sending PUBACK to gatewayd-m8-gateway-20260901-170636-7882 (m121, rc0)
1788254210: Received PUBACK from m8-win-sub-20260901T170636 (Mid: 167, RC:0)
1788254212: Received PUBLISH from gatewayd-m8-gateway-20260901-170636-7882 (d0, q1, r0, m122, 'test/m8/20260901T170636/reactor', ... (19357 bytes))
1788254212: Sending PUBLISH to m8-win-sub-20260901T170636 (d0, q1, r0, m168, 'test/m8/20260901T170636/reactor', ... (19357 bytes))
1788254212: Sending PUBACK to gatewayd-m8-gateway-20260901-170636-7882 (m122, rc0)
1788254212: Received PUBACK from m8-win-sub-20260901T170636 (Mid: 168, RC:0)
1788254213: Received PUBLISH from gatewayd-m8-gateway-20260901-170636-7882 (d0, q1, r0, m123, 'test/m8/20260901T170636/reactor', ... (19213 bytes))
1788254213: Sending PUBLISH to m8-win-sub-20260901T170636 (d0, q1, r0, m169, 'test/m8/20260901T170636/reactor', ... (19213 bytes))
1788254213: Sending PUBACK to gatewayd-m8-gateway-20260901-170636-7882 (m123, rc0)
1788254213: Received PUBACK from m8-win-sub-20260901T170636 (Mid: 169, RC:0)
1788254214: Received PUBLISH from gatewayd-m8-gateway-20260901-170636-7882 (d0, q1, r0, m124, 'test/m8/20260901T170636/reactor', ... (19022 bytes))
1788254214: Sending PUBLISH to m8-win-sub-20260901T170636 (d0, q1, r0, m170, 'test/m8/20260901T170636/reactor', ... (19022 bytes))
1788254214: Sending PUBACK to gatewayd-m8-gateway-20260901-170636-7882 (m124, rc0)
1788254214: Received PUBACK from m8-win-sub-20260901T170636 (Mid: 170, RC:0)
1788254215: Received PUBLISH from gatewayd-m8-gateway-20260901-170636-7882 (d0, q1, r0, m125, 'test/m8/20260901T170636/reactor', ... (19582 bytes))
1788254215: Sending PUBLISH to m8-win-sub-20260901T170636 (d0, q1, r0, m171, 'test/m8/20260901T170636/reactor', ... (19582 bytes))
1788254215: Sending PUBACK to gatewayd-m8-gateway-20260901-170636-7882 (m125, rc0)
1788254215: Received PUBACK from m8-win-sub-20260901T170636 (Mid: 171, RC:0)
1788254216: Received PUBLISH from gatewayd-m8-gateway-20260901-170636-7882 (d0, q1, r0, m126, 'test/m8/20260901T170636/reactor', ... (18353 bytes))
1788254216: Sending PUBLISH to m8-win-sub-20260901T170636 (d0, q1, r0, m172, 'test/m8/20260901T170636/reactor', ... (18353 bytes))
1788254216: Sending PUBACK to gatewayd-m8-gateway-20260901-170636-7882 (m126, rc0)
1788254216: Received PUBACK from m8-win-sub-20260901T170636 (Mid: 172, RC:0)
1788254217: Received PUBLISH from gatewayd-m8-gateway-20260901-170636-7882 (d0, q1, r0, m127, 'test/m8/20260901T170636/reactor', ... (17326 bytes))
1788254217: Sending PUBLISH to m8-win-sub-20260901T170636 (d0, q1, r0, m173, 'test/m8/20260901T170636/reactor', ... (17326 bytes))
1788254217: Sending PUBACK to gatewayd-m8-gateway-20260901-170636-7882 (m127, rc0)
1788254217: Received PUBACK from m8-win-sub-20260901T170636 (Mid: 173, RC:0)
1788254218: Received PUBLISH from gatewayd-m8-gateway-20260901-170636-7882 (d0, q1, r0, m128, 'test/m8/20260901T170636/reactor', ... (19604 bytes))
1788254218: Sending PUBLISH to m8-win-sub-20260901T170636 (d0, q1, r0, m174, 'test/m8/20260901T170636/reactor', ... (19604 bytes))
1788254218: Sending PUBACK to gatewayd-m8-gateway-20260901-170636-7882 (m128, rc0)
1788254218: Received PUBACK from m8-win-sub-20260901T170636 (Mid: 174, RC:0)
1788254219: Received PUBLISH from gatewayd-m8-gateway-20260901-170636-7882 (d0, q1, r0, m129, 'test/m8/20260901T170636/reactor', ... (18966 bytes))
1788254219: Sending PUBLISH to m8-win-sub-20260901T170636 (d0, q1, r0, m175, 'test/m8/20260901T170636/reactor', ... (18966 bytes))
1788254219: Sending PUBACK to gatewayd-m8-gateway-20260901-170636-7882 (m129, rc0)
1788254219: Received PUBACK from m8-win-sub-20260901T170636 (Mid: 175, RC:0)
1788254220: Received PUBLISH from gatewayd-m8-gateway-20260901-170636-7882 (d0, q1, r0, m130, 'test/m8/20260901T170636/reactor', ... (19446 bytes))
1788254220: Sending PUBLISH to m8-win-sub-20260901T170636 (d0, q1, r0, m176, 'test/m8/20260901T170636/reactor', ... (19446 bytes))
1788254220: Sending PUBACK to gatewayd-m8-gateway-20260901-170636-7882 (m130, rc0)
1788254220: Received PUBACK from m8-win-sub-20260901T170636 (Mid: 176, RC:0)
1788254221: Received PUBLISH from gatewayd-m8-gateway-20260901-170636-7882 (d0, q1, r0, m131, 'test/m8/20260901T170636/reactor', ... (18982 bytes))
1788254221: Sending PUBLISH to m8-win-sub-20260901T170636 (d0, q1, r0, m177, 'test/m8/20260901T170636/reactor', ... (18982 bytes))
1788254221: Sending PUBACK to gatewayd-m8-gateway-20260901-170636-7882 (m131, rc0)
1788254221: Received PUBACK from m8-win-sub-20260901T170636 (Mid: 177, RC:0)
1788254222: Received PUBLISH from gatewayd-m8-gateway-20260901-170636-7882 (d0, q1, r0, m132, 'test/m8/20260901T170636/reactor', ... (18953 bytes))
1788254222: Sending PUBLISH to m8-win-sub-20260901T170636 (d0, q1, r0, m178, 'test/m8/20260901T170636/reactor', ... (18953 bytes))
1788254222: Sending PUBACK to gatewayd-m8-gateway-20260901-170636-7882 (m132, rc0)
1788254222: Received PUBACK from m8-win-sub-20260901T170636 (Mid: 178, RC:0)
1788254223: Received PUBLISH from gatewayd-m8-gateway-20260901-170636-7882 (d0, q1, r0, m133, 'test/m8/20260901T170636/reactor', ... (19234 bytes))
1788254223: Sending PUBLISH to m8-win-sub-20260901T170636 (d0, q1, r0, m179, 'test/m8/20260901T170636/reactor', ... (19234 bytes))
1788254223: Sending PUBACK to gatewayd-m8-gateway-20260901-170636-7882 (m133, rc0)
1788254223: Received PUBACK from m8-win-sub-20260901T170636 (Mid: 179, RC:0)
1788254224: Received PUBLISH from gatewayd-m8-gateway-20260901-170636-7882 (d0, q1, r0, m134, 'test/m8/20260901T170636/reactor', ... (9906 bytes))
1788254224: Sending PUBLISH to m8-win-sub-20260901T170636 (d0, q1, r0, m180, 'test/m8/20260901T170636/reactor', ... (9906 bytes))
1788254224: Sending PUBACK to gatewayd-m8-gateway-20260901-170636-7882 (m134, rc0)
1788254224: Received PUBACK from m8-win-sub-20260901T170636 (Mid: 180, RC:0)
1788254224: Received DISCONNECT from gatewayd-m8-gateway-20260901-170636-7882
1788254224: Client gatewayd-m8-gateway-20260901-170636-7882 [<REDACTED_LAN_ADDRESS>:52038] disconnected.
1788254254: Client m8-win-sub-20260901T170636 [<REDACTED_LAN_ADDRESS>:50794] disconnected: connection closed by client.
