1788253933: mosquitto version 2.1.2 starting
1788253933: Config loaded from E:\imx6ull-can-mqtt-gateway\imx6ull-can-mqtt-gateway\artifacts\20260901T170636+0800-m8-windows-reactor-final-gate\private_raw\mosquitto.conf.
1788253933: Bridge support available.
1788253933: Persistence support available.
1788253933: TLS support available.
1788253933: TLS-PSK support available.
1788253933: Websockets support available.
1788253933: Opening ipv4 listen socket on port 18884.
1788253933: mosquitto version 2.1.2 running
1788253933: New connection from <REDACTED_LAN_ADDRESS>:65368 on port 18884.
1788253933: New client connected from <REDACTED_LAN_ADDRESS>:65368 as m8-win-sub-20260901T170636 (p4, c1, k60).
1788253933: No will message specified.
1788253933: Sending CONNACK to m8-win-sub-20260901T170636 (0, 0)
1788253933: Received SUBSCRIBE from m8-win-sub-20260901T170636
1788253933: 	test/m8/20260901T170636/reactor (QoS 1)
1788253933: m8-win-sub-20260901T170636 1 test/m8/20260901T170636/reactor
1788253933: Sending SUBACK to m8-win-sub-20260901T170636
1788253952: New connection from <REDACTED_LAN_ADDRESS>:52034 on port 18884.
1788253952: New client connected from <REDACTED_LAN_ADDRESS>:52034 as gatewayd-m8-gateway-20260901-170636-7128 (p4, c1, k60).
1788253952: No will message specified.
1788253952: Sending CONNACK to gatewayd-m8-gateway-20260901-170636-7128 (0, 0)
1788253952: Received PUBLISH from gatewayd-m8-gateway-20260901-170636-7128 (d0, q1, r0, m1, 'test/m8/20260901T170636/reactor', ... (54088 bytes))
1788253952: Sending PUBLISH to m8-win-sub-20260901T170636 (d0, q1, r0, m1, 'test/m8/20260901T170636/reactor', ... (54088 bytes))
1788253952: Sending PUBACK to gatewayd-m8-gateway-20260901-170636-7128 (m1, rc0)
1788253952: Received PUBACK from m8-win-sub-20260901T170636 (Mid: 1, RC:0)
1788253952: Received PUBLISH from gatewayd-m8-gateway-20260901-170636-7128 (d0, q1, r0, m2, 'test/m8/20260901T170636/reactor', ... (54038 bytes))
1788253952: Sending PUBLISH to m8-win-sub-20260901T170636 (d0, q1, r0, m2, 'test/m8/20260901T170636/reactor', ... (54038 bytes))
1788253952: Sending PUBACK to gatewayd-m8-gateway-20260901-170636-7128 (m2, rc0)
1788253952: Received PUBACK from m8-win-sub-20260901T170636 (Mid: 2, RC:0)
1788253952: Received PUBLISH from gatewayd-m8-gateway-20260901-170636-7128 (d0, q1, r0, m3, 'test/m8/20260901T170636/reactor', ... (54036 bytes))
1788253952: Sending PUBLISH to m8-win-sub-20260901T170636 (d0, q1, r0, m3, 'test/m8/20260901T170636/reactor', ... (54036 bytes))
1788253952: Sending PUBACK to gatewayd-m8-gateway-20260901-170636-7128 (m3, rc0)
1788253952: Received PUBACK from m8-win-sub-20260901T170636 (Mid: 3, RC:0)
1788253952: Received PUBLISH from gatewayd-m8-gateway-20260901-170636-7128 (d0, q1, r0, m4, 'test/m8/20260901T170636/reactor', ... (54036 bytes))
1788253952: Sending PUBLISH to m8-win-sub-20260901T170636 (d0, q1, r0, m4, 'test/m8/20260901T170636/reactor', ... (54036 bytes))
1788253952: Sending PUBACK to gatewayd-m8-gateway-20260901-170636-7128 (m4, rc0)
1788253952: Received PUBACK from m8-win-sub-20260901T170636 (Mid: 4, RC:0)
1788253952: Received PUBLISH from gatewayd-m8-gateway-20260901-170636-7128 (d0, q1, r0, m5, 'test/m8/20260901T170636/reactor', ... (54036 bytes))
1788253952: Sending PUBLISH to m8-win-sub-20260901T170636 (d0, q1, r0, m5, 'test/m8/20260901T170636/reactor', ... (54036 bytes))
1788253952: Sending PUBACK to gatewayd-m8-gateway-20260901-170636-7128 (m5, rc0)
1788253952: Received PUBACK from m8-win-sub-20260901T170636 (Mid: 5, RC:0)
1788253953: Received PUBLISH from gatewayd-m8-gateway-20260901-170636-7128 (d0, q1, r0, m6, 'test/m8/20260901T170636/reactor', ... (54051 bytes))
1788253953: Sending PUBLISH to m8-win-sub-20260901T170636 (d0, q1, r0, m6, 'test/m8/20260901T170636/reactor', ... (54051 bytes))
1788253953: Sending PUBACK to gatewayd-m8-gateway-20260901-170636-7128 (m6, rc0)
1788253953: Received PUBACK from m8-win-sub-20260901T170636 (Mid: 6, RC:0)
1788253953: Received PUBLISH from gatewayd-m8-gateway-20260901-170636-7128 (d0, q1, r0, m7, 'test/m8/20260901T170636/reactor', ... (54059 bytes))
1788253953: Sending PUBLISH to m8-win-sub-20260901T170636 (d0, q1, r0, m7, 'test/m8/20260901T170636/reactor', ... (54059 bytes))
1788253953: Sending PUBACK to gatewayd-m8-gateway-20260901-170636-7128 (m7, rc0)
1788253953: Received PUBACK from m8-win-sub-20260901T170636 (Mid: 7, RC:0)
1788253953: Received PUBLISH from gatewayd-m8-gateway-20260901-170636-7128 (d0, q1, r0, m8, 'test/m8/20260901T170636/reactor', ... (54075 bytes))
1788253953: Sending PUBLISH to m8-win-sub-20260901T170636 (d0, q1, r0, m8, 'test/m8/20260901T170636/reactor', ... (54075 bytes))
1788253953: Sending PUBACK to gatewayd-m8-gateway-20260901-170636-7128 (m8, rc0)
1788253953: Received PUBACK from m8-win-sub-20260901T170636 (Mid: 8, RC:0)
1788253953: Received PUBLISH from gatewayd-m8-gateway-20260901-170636-7128 (d0, q1, r0, m9, 'test/m8/20260901T170636/reactor', ... (54085 bytes))
1788253953: Sending PUBLISH to m8-win-sub-20260901T170636 (d0, q1, r0, m9, 'test/m8/20260901T170636/reactor', ... (54085 bytes))
1788253953: Sending PUBACK to gatewayd-m8-gateway-20260901-170636-7128 (m9, rc0)
1788253953: Received PUBACK from m8-win-sub-20260901T170636 (Mid: 9, RC:0)
1788253953: Received PUBLISH from gatewayd-m8-gateway-20260901-170636-7128 (d0, q1, r0, m10, 'test/m8/20260901T170636/reactor', ... (54084 bytes))
1788253953: Sending PUBLISH to m8-win-sub-20260901T170636 (d0, q1, r0, m10, 'test/m8/20260901T170636/reactor', ... (54084 bytes))
1788253953: Sending PUBACK to gatewayd-m8-gateway-20260901-170636-7128 (m10, rc0)
1788253953: Received PUBACK from m8-win-sub-20260901T170636 (Mid: 10, RC:0)
1788253953: Received PUBLISH from gatewayd-m8-gateway-20260901-170636-7128 (d0, q1, r0, m11, 'test/m8/20260901T170636/reactor', ... (54086 bytes))
1788253953: Sending PUBLISH to m8-win-sub-20260901T170636 (d0, q1, r0, m11, 'test/m8/20260901T170636/reactor', ... (54086 bytes))
1788253953: Sending PUBACK to gatewayd-m8-gateway-20260901-170636-7128 (m11, rc0)
1788253953: Received PUBACK from m8-win-sub-20260901T170636 (Mid: 11, RC:0)
1788253953: Received PUBLISH from gatewayd-m8-gateway-20260901-170636-7128 (d0, q1, r0, m12, 'test/m8/20260901T170636/reactor', ... (54075 bytes))
1788253953: Sending PUBLISH to m8-win-sub-20260901T170636 (d0, q1, r0, m12, 'test/m8/20260901T170636/reactor', ... (54075 bytes))
1788253953: Sending PUBACK to gatewayd-m8-gateway-20260901-170636-7128 (m12, rc0)
1788253953: Received PUBACK from m8-win-sub-20260901T170636 (Mid: 12, RC:0)
1788253953: Received PUBLISH from gatewayd-m8-gateway-20260901-170636-7128 (d0, q1, r0, m13, 'test/m8/20260901T170636/reactor', ... (54028 bytes))
1788253953: Sending PUBLISH to m8-win-sub-20260901T170636 (d0, q1, r0, m13, 'test/m8/20260901T170636/reactor', ... (54028 bytes))
1788253953: Sending PUBACK to gatewayd-m8-gateway-20260901-170636-7128 (m13, rc0)
1788253953: Received PUBACK from m8-win-sub-20260901T170636 (Mid: 13, RC:0)
1788253953: Received PUBLISH from gatewayd-m8-gateway-20260901-170636-7128 (d0, q1, r0, m14, 'test/m8/20260901T170636/reactor', ... (54036 bytes))
1788253953: Sending PUBLISH to m8-win-sub-20260901T170636 (d0, q1, r0, m14, 'test/m8/20260901T170636/reactor', ... (54036 bytes))
1788253953: Sending PUBACK to gatewayd-m8-gateway-20260901-170636-7128 (m14, rc0)
1788253953: Received PUBACK from m8-win-sub-20260901T170636 (Mid: 14, RC:0)
1788253953: Received PUBLISH from gatewayd-m8-gateway-20260901-170636-7128 (d0, q1, r0, m15, 'test/m8/20260901T170636/reactor', ... (54036 bytes))
1788253953: Sending PUBLISH to m8-win-sub-20260901T170636 (d0, q1, r0, m15, 'test/m8/20260901T170636/reactor', ... (54036 bytes))
1788253953: Sending PUBACK to gatewayd-m8-gateway-20260901-170636-7128 (m15, rc0)
1788253953: Received PUBACK from m8-win-sub-20260901T170636 (Mid: 15, RC:0)
1788253953: Received PUBLISH from gatewayd-m8-gateway-20260901-170636-7128 (d0, q1, r0, m16, 'test/m8/20260901T170636/reactor', ... (54036 bytes))
1788253953: Sending PUBLISH to m8-win-sub-20260901T170636 (d0, q1, r0, m16, 'test/m8/20260901T170636/reactor', ... (54036 bytes))
1788253953: Sending PUBACK to gatewayd-m8-gateway-20260901-170636-7128 (m16, rc0)
1788253953: Received PUBACK from m8-win-sub-20260901T170636 (Mid: 16, RC:0)
1788253953: Received PUBLISH from gatewayd-m8-gateway-20260901-170636-7128 (d0, q1, r0, m17, 'test/m8/20260901T170636/reactor', ... (54049 bytes))
1788253953: Sending PUBLISH to m8-win-sub-20260901T170636 (d0, q1, r0, m17, 'test/m8/20260901T170636/reactor', ... (54049 bytes))
1788253953: Sending PUBACK to gatewayd-m8-gateway-20260901-170636-7128 (m17, rc0)
1788253953: Received PUBACK from m8-win-sub-20260901T170636 (Mid: 17, RC:0)
1788253953: Received PUBLISH from gatewayd-m8-gateway-20260901-170636-7128 (d0, q1, r0, m18, 'test/m8/20260901T170636/reactor', ... (54073 bytes))
1788253953: Sending PUBLISH to m8-win-sub-20260901T170636 (d0, q1, r0, m18, 'test/m8/20260901T170636/reactor', ... (54073 bytes))
1788253953: Sending PUBACK to gatewayd-m8-gateway-20260901-170636-7128 (m18, rc0)
1788253953: Received PUBACK from m8-win-sub-20260901T170636 (Mid: 18, RC:0)
1788253953: Received PUBLISH from gatewayd-m8-gateway-20260901-170636-7128 (d0, q1, r0, m19, 'test/m8/20260901T170636/reactor', ... (54084 bytes))
1788253953: Sending PUBLISH to m8-win-sub-20260901T170636 (d0, q1, r0, m19, 'test/m8/20260901T170636/reactor', ... (54084 bytes))
1788253953: Sending PUBACK to gatewayd-m8-gateway-20260901-170636-7128 (m19, rc0)
1788253953: Received PUBACK from m8-win-sub-20260901T170636 (Mid: 19, RC:0)
1788253954: Received PUBLISH from gatewayd-m8-gateway-20260901-170636-7128 (d0, q1, r0, m20, 'test/m8/20260901T170636/reactor', ... (54084 bytes))
1788253954: Sending PUBLISH to m8-win-sub-20260901T170636 (d0, q1, r0, m20, 'test/m8/20260901T170636/reactor', ... (54084 bytes))
1788253954: Sending PUBACK to gatewayd-m8-gateway-20260901-170636-7128 (m20, rc0)
1788253954: Received PUBACK from m8-win-sub-20260901T170636 (Mid: 20, RC:0)
1788253954: Received PUBLISH from gatewayd-m8-gateway-20260901-170636-7128 (d0, q1, r0, m21, 'test/m8/20260901T170636/reactor', ... (54084 bytes))
1788253954: Sending PUBLISH to m8-win-sub-20260901T170636 (d0, q1, r0, m21, 'test/m8/20260901T170636/reactor', ... (54084 bytes))
1788253954: Sending PUBACK to gatewayd-m8-gateway-20260901-170636-7128 (m21, rc0)
1788253954: Received PUBACK from m8-win-sub-20260901T170636 (Mid: 21, RC:0)
1788253954: Received PUBLISH from gatewayd-m8-gateway-20260901-170636-7128 (d0, q1, r0, m22, 'test/m8/20260901T170636/reactor', ... (54080 bytes))
1788253954: Sending PUBLISH to m8-win-sub-20260901T170636 (d0, q1, r0, m22, 'test/m8/20260901T170636/reactor', ... (54080 bytes))
1788253954: Sending PUBACK to gatewayd-m8-gateway-20260901-170636-7128 (m22, rc0)
1788253954: Received PUBACK from m8-win-sub-20260901T170636 (Mid: 22, RC:0)
1788253954: Received PUBLISH from gatewayd-m8-gateway-20260901-170636-7128 (d0, q1, r0, m23, 'test/m8/20260901T170636/reactor', ... (54059 bytes))
1788253954: Sending PUBLISH to m8-win-sub-20260901T170636 (d0, q1, r0, m23, 'test/m8/20260901T170636/reactor', ... (54059 bytes))
1788253954: Sending PUBACK to gatewayd-m8-gateway-20260901-170636-7128 (m23, rc0)
1788253954: Received PUBACK from m8-win-sub-20260901T170636 (Mid: 23, RC:0)
1788253954: Received PUBLISH from gatewayd-m8-gateway-20260901-170636-7128 (d0, q1, r0, m24, 'test/m8/20260901T170636/reactor', ... (54028 bytes))
1788253954: Sending PUBLISH to m8-win-sub-20260901T170636 (d0, q1, r0, m24, 'test/m8/20260901T170636/reactor', ... (54028 bytes))
1788253954: Sending PUBACK to gatewayd-m8-gateway-20260901-170636-7128 (m24, rc0)
1788253954: Received PUBACK from m8-win-sub-20260901T170636 (Mid: 24, RC:0)
1788253954: Received PUBLISH from gatewayd-m8-gateway-20260901-170636-7128 (d0, q1, r0, m25, 'test/m8/20260901T170636/reactor', ... (54030 bytes))
1788253954: Sending PUBLISH to m8-win-sub-20260901T170636 (d0, q1, r0, m25, 'test/m8/20260901T170636/reactor', ... (54030 bytes))
1788253954: Sending PUBACK to gatewayd-m8-gateway-20260901-170636-7128 (m25, rc0)
1788253954: Received PUBACK from m8-win-sub-20260901T170636 (Mid: 25, RC:0)
1788253954: Received PUBLISH from gatewayd-m8-gateway-20260901-170636-7128 (d0, q1, r0, m26, 'test/m8/20260901T170636/reactor', ... (54032 bytes))
1788253954: Sending PUBLISH to m8-win-sub-20260901T170636 (d0, q1, r0, m26, 'test/m8/20260901T170636/reactor', ... (54032 bytes))
1788253954: Sending PUBACK to gatewayd-m8-gateway-20260901-170636-7128 (m26, rc0)
1788253954: Received PUBACK from m8-win-sub-20260901T170636 (Mid: 26, RC:0)
1788253954: Received PUBLISH from gatewayd-m8-gateway-20260901-170636-7128 (d0, q1, r0, m27, 'test/m8/20260901T170636/reactor', ... (54032 bytes))
1788253954: Sending PUBLISH to m8-win-sub-20260901T170636 (d0, q1, r0, m27, 'test/m8/20260901T170636/reactor', ... (54032 bytes))
1788253954: Sending PUBACK to gatewayd-m8-gateway-20260901-170636-7128 (m27, rc0)
1788253954: Received PUBACK from m8-win-sub-20260901T170636 (Mid: 27, RC:0)
1788253954: Received PUBLISH from gatewayd-m8-gateway-20260901-170636-7128 (d0, q1, r0, m28, 'test/m8/20260901T170636/reactor', ... (54054 bytes))
1788253954: Sending PUBLISH to m8-win-sub-20260901T170636 (d0, q1, r0, m28, 'test/m8/20260901T170636/reactor', ... (54054 bytes))
1788253954: Sending PUBACK to gatewayd-m8-gateway-20260901-170636-7128 (m28, rc0)
1788253954: Received PUBACK from m8-win-sub-20260901T170636 (Mid: 28, RC:0)
1788253954: Received PUBLISH from gatewayd-m8-gateway-20260901-170636-7128 (d0, q1, r0, m29, 'test/m8/20260901T170636/reactor', ... (54172 bytes))
1788253954: Sending PUBLISH to m8-win-sub-20260901T170636 (d0, q1, r0, m29, 'test/m8/20260901T170636/reactor', ... (54172 bytes))
1788253954: Sending PUBACK to gatewayd-m8-gateway-20260901-170636-7128 (m29, rc0)
1788253954: Received PUBACK from m8-win-sub-20260901T170636 (Mid: 29, RC:0)
1788253954: Received PUBLISH from gatewayd-m8-gateway-20260901-170636-7128 (d0, q1, r0, m30, 'test/m8/20260901T170636/reactor', ... (54340 bytes))
1788253954: Sending PUBLISH to m8-win-sub-20260901T170636 (d0, q1, r0, m30, 'test/m8/20260901T170636/reactor', ... (54340 bytes))
1788253954: Sending PUBACK to gatewayd-m8-gateway-20260901-170636-7128 (m30, rc0)
1788253954: Received PUBACK from m8-win-sub-20260901T170636 (Mid: 30, RC:0)
1788253954: Received PUBLISH from gatewayd-m8-gateway-20260901-170636-7128 (d0, q1, r0, m31, 'test/m8/20260901T170636/reactor', ... (54340 bytes))
1788253954: Sending PUBLISH to m8-win-sub-20260901T170636 (d0, q1, r0, m31, 'test/m8/20260901T170636/reactor', ... (54340 bytes))
1788253954: Sending PUBACK to gatewayd-m8-gateway-20260901-170636-7128 (m31, rc0)
1788253954: Received PUBACK from m8-win-sub-20260901T170636 (Mid: 31, RC:0)
1788253954: Received PUBLISH from gatewayd-m8-gateway-20260901-170636-7128 (d0, q1, r0, m32, 'test/m8/20260901T170636/reactor', ... (54337 bytes))
1788253954: Sending PUBLISH to m8-win-sub-20260901T170636 (d0, q1, r0, m32, 'test/m8/20260901T170636/reactor', ... (54337 bytes))
1788253954: Sending PUBACK to gatewayd-m8-gateway-20260901-170636-7128 (m32, rc0)
1788253954: Received PUBACK from m8-win-sub-20260901T170636 (Mid: 32, RC:0)
1788253954: Received PUBLISH from gatewayd-m8-gateway-20260901-170636-7128 (d0, q1, r0, m33, 'test/m8/20260901T170636/reactor', ... (54315 bytes))
1788253954: Sending PUBLISH to m8-win-sub-20260901T170636 (d0, q1, r0, m33, 'test/m8/20260901T170636/reactor', ... (54315 bytes))
1788253954: Sending PUBACK to gatewayd-m8-gateway-20260901-170636-7128 (m33, rc0)
1788253954: Received PUBACK from m8-win-sub-20260901T170636 (Mid: 33, RC:0)
1788253955: Received PUBLISH from gatewayd-m8-gateway-20260901-170636-7128 (d0, q1, r0, m34, 'test/m8/20260901T170636/reactor', ... (54315 bytes))
1788253955: Sending PUBLISH to m8-win-sub-20260901T170636 (d0, q1, r0, m34, 'test/m8/20260901T170636/reactor', ... (54315 bytes))
1788253955: Sending PUBACK to gatewayd-m8-gateway-20260901-170636-7128 (m34, rc0)
1788253955: Received PUBACK from m8-win-sub-20260901T170636 (Mid: 34, RC:0)
1788253955: Received PUBLISH from gatewayd-m8-gateway-20260901-170636-7128 (d0, q1, r0, m35, 'test/m8/20260901T170636/reactor', ... (54288 bytes))
1788253955: Sending PUBLISH to m8-win-sub-20260901T170636 (d0, q1, r0, m35, 'test/m8/20260901T170636/reactor', ... (54288 bytes))
1788253955: Sending PUBACK to gatewayd-m8-gateway-20260901-170636-7128 (m35, rc0)
1788253955: Received PUBACK from m8-win-sub-20260901T170636 (Mid: 35, RC:0)
1788253955: Received PUBLISH from gatewayd-m8-gateway-20260901-170636-7128 (d0, q1, r0, m36, 'test/m8/20260901T170636/reactor', ... (54292 bytes))
1788253955: Sending PUBLISH to m8-win-sub-20260901T170636 (d0, q1, r0, m36, 'test/m8/20260901T170636/reactor', ... (54292 bytes))
1788253955: Sending PUBACK to gatewayd-m8-gateway-20260901-170636-7128 (m36, rc0)
1788253955: Received PUBACK from m8-win-sub-20260901T170636 (Mid: 36, RC:0)
1788253955: Received PUBLISH from gatewayd-m8-gateway-20260901-170636-7128 (d0, q1, r0, m37, 'test/m8/20260901T170636/reactor', ... (54292 bytes))
1788253955: Sending PUBLISH to m8-win-sub-20260901T170636 (d0, q1, r0, m37, 'test/m8/20260901T170636/reactor', ... (54292 bytes))
1788253955: Sending PUBACK to gatewayd-m8-gateway-20260901-170636-7128 (m37, rc0)
1788253955: Received PUBACK from m8-win-sub-20260901T170636 (Mid: 37, RC:0)
1788253955: Received PUBLISH from gatewayd-m8-gateway-20260901-170636-7128 (d0, q1, r0, m38, 'test/m8/20260901T170636/reactor', ... (54300 bytes))
1788253955: Sending PUBLISH to m8-win-sub-20260901T170636 (d0, q1, r0, m38, 'test/m8/20260901T170636/reactor', ... (54300 bytes))
1788253955: Sending PUBACK to gatewayd-m8-gateway-20260901-170636-7128 (m38, rc0)
1788253955: Received PUBACK from m8-win-sub-20260901T170636 (Mid: 38, RC:0)
1788253955: Received PUBLISH from gatewayd-m8-gateway-20260901-170636-7128 (d0, q1, r0, m39, 'test/m8/20260901T170636/reactor', ... (54325 bytes))
1788253955: Sending PUBLISH to m8-win-sub-20260901T170636 (d0, q1, r0, m39, 'test/m8/20260901T170636/reactor', ... (54325 bytes))
1788253955: Sending PUBACK to gatewayd-m8-gateway-20260901-170636-7128 (m39, rc0)
1788253955: Received PUBACK from m8-win-sub-20260901T170636 (Mid: 39, RC:0)
1788253955: Received PUBLISH from gatewayd-m8-gateway-20260901-170636-7128 (d0, q1, r0, m40, 'test/m8/20260901T170636/reactor', ... (54341 bytes))
1788253955: Sending PUBLISH to m8-win-sub-20260901T170636 (d0, q1, r0, m40, 'test/m8/20260901T170636/reactor', ... (54341 bytes))
1788253955: Sending PUBACK to gatewayd-m8-gateway-20260901-170636-7128 (m40, rc0)
1788253955: Received PUBACK from m8-win-sub-20260901T170636 (Mid: 40, RC:0)
1788253955: Received PUBLISH from gatewayd-m8-gateway-20260901-170636-7128 (d0, q1, r0, m41, 'test/m8/20260901T170636/reactor', ... (54340 bytes))
1788253955: Sending PUBLISH to m8-win-sub-20260901T170636 (d0, q1, r0, m41, 'test/m8/20260901T170636/reactor', ... (54340 bytes))
1788253955: Sending PUBACK to gatewayd-m8-gateway-20260901-170636-7128 (m41, rc0)
1788253955: Received PUBACK from m8-win-sub-20260901T170636 (Mid: 41, RC:0)
1788253955: Received PUBLISH from gatewayd-m8-gateway-20260901-170636-7128 (d0, q1, r0, m42, 'test/m8/20260901T170636/reactor', ... (7542 bytes))
1788253955: Sending PUBLISH to m8-win-sub-20260901T170636 (d0, q1, r0, m42, 'test/m8/20260901T170636/reactor', ... (7542 bytes))
1788253955: Sending PUBACK to gatewayd-m8-gateway-20260901-170636-7128 (m42, rc0)
1788253955: Received PUBACK from m8-win-sub-20260901T170636 (Mid: 42, RC:0)
1788253956: Received PUBLISH from gatewayd-m8-gateway-20260901-170636-7128 (d0, q1, r0, m43, 'test/m8/20260901T170636/reactor', ... (18967 bytes))
1788253956: Sending PUBLISH to m8-win-sub-20260901T170636 (d0, q1, r0, m43, 'test/m8/20260901T170636/reactor', ... (18967 bytes))
1788253956: Sending PUBACK to gatewayd-m8-gateway-20260901-170636-7128 (m43, rc0)
1788253956: Received PUBACK from m8-win-sub-20260901T170636 (Mid: 43, RC:0)
1788253957: Received PUBLISH from gatewayd-m8-gateway-20260901-170636-7128 (d0, q1, r0, m44, 'test/m8/20260901T170636/reactor', ... (19445 bytes))
1788253957: Sending PUBLISH to m8-win-sub-20260901T170636 (d0, q1, r0, m44, 'test/m8/20260901T170636/reactor', ... (19445 bytes))
1788253957: Sending PUBACK to gatewayd-m8-gateway-20260901-170636-7128 (m44, rc0)
1788253957: Received PUBACK from m8-win-sub-20260901T170636 (Mid: 44, RC:0)
1788253958: Received PUBLISH from gatewayd-m8-gateway-20260901-170636-7128 (d0, q1, r0, m45, 'test/m8/20260901T170636/reactor', ... (18557 bytes))
1788253958: Sending PUBLISH to m8-win-sub-20260901T170636 (d0, q1, r0, m45, 'test/m8/20260901T170636/reactor', ... (18557 bytes))
1788253958: Sending PUBACK to gatewayd-m8-gateway-20260901-170636-7128 (m45, rc0)
1788253958: Received PUBACK from m8-win-sub-20260901T170636 (Mid: 45, RC:0)
1788253959: Received PUBLISH from gatewayd-m8-gateway-20260901-170636-7128 (d0, q1, r0, m46, 'test/m8/20260901T170636/reactor', ... (13452 bytes))
1788253959: Sending PUBLISH to m8-win-sub-20260901T170636 (d0, q1, r0, m46, 'test/m8/20260901T170636/reactor', ... (13452 bytes))
1788253959: Sending PUBACK to gatewayd-m8-gateway-20260901-170636-7128 (m46, rc0)
1788253959: Received PUBACK from m8-win-sub-20260901T170636 (Mid: 46, RC:0)
1788253961: Received PUBLISH from gatewayd-m8-gateway-20260901-170636-7128 (d0, q1, r0, m47, 'test/m8/20260901T170636/reactor', ... (6502 bytes))
1788253961: Sending PUBLISH to m8-win-sub-20260901T170636 (d0, q1, r0, m47, 'test/m8/20260901T170636/reactor', ... (6502 bytes))
1788253961: Sending PUBACK to gatewayd-m8-gateway-20260901-170636-7128 (m47, rc0)
1788253961: Received PUBACK from m8-win-sub-20260901T170636 (Mid: 47, RC:0)
1788253962: Received PUBLISH from gatewayd-m8-gateway-20260901-170636-7128 (d0, q1, r0, m48, 'test/m8/20260901T170636/reactor', ... (19233 bytes))
1788253962: Sending PUBLISH to m8-win-sub-20260901T170636 (d0, q1, r0, m48, 'test/m8/20260901T170636/reactor', ... (19233 bytes))
1788253962: Sending PUBACK to gatewayd-m8-gateway-20260901-170636-7128 (m48, rc0)
1788253962: Received PUBACK from m8-win-sub-20260901T170636 (Mid: 48, RC:0)
1788253963: Received PUBLISH from gatewayd-m8-gateway-20260901-170636-7128 (d0, q1, r0, m49, 'test/m8/20260901T170636/reactor', ... (18991 bytes))
1788253963: Sending PUBLISH to m8-win-sub-20260901T170636 (d0, q1, r0, m49, 'test/m8/20260901T170636/reactor', ... (18991 bytes))
1788253963: Sending PUBACK to gatewayd-m8-gateway-20260901-170636-7128 (m49, rc0)
1788253963: Received PUBACK from m8-win-sub-20260901T170636 (Mid: 49, RC:0)
1788253964: Received PUBLISH from gatewayd-m8-gateway-20260901-170636-7128 (d0, q1, r0, m50, 'test/m8/20260901T170636/reactor', ... (18941 bytes))
1788253964: Sending PUBLISH to m8-win-sub-20260901T170636 (d0, q1, r0, m50, 'test/m8/20260901T170636/reactor', ... (18941 bytes))
1788253964: Sending PUBACK to gatewayd-m8-gateway-20260901-170636-7128 (m50, rc0)
1788253964: Received PUBACK from m8-win-sub-20260901T170636 (Mid: 50, RC:0)
1788253965: Received PUBLISH from gatewayd-m8-gateway-20260901-170636-7128 (d0, q1, r0, m51, 'test/m8/20260901T170636/reactor', ... (19234 bytes))
1788253965: Sending PUBLISH to m8-win-sub-20260901T170636 (d0, q1, r0, m51, 'test/m8/20260901T170636/reactor', ... (19234 bytes))
1788253965: Sending PUBACK to gatewayd-m8-gateway-20260901-170636-7128 (m51, rc0)
1788253965: Received PUBACK from m8-win-sub-20260901T170636 (Mid: 51, RC:0)
1788253966: Received PUBLISH from gatewayd-m8-gateway-20260901-170636-7128 (d0, q1, r0, m52, 'test/m8/20260901T170636/reactor', ... (18799 bytes))
1788253966: Sending PUBLISH to m8-win-sub-20260901T170636 (d0, q1, r0, m52, 'test/m8/20260901T170636/reactor', ... (18799 bytes))
1788253966: Sending PUBACK to gatewayd-m8-gateway-20260901-170636-7128 (m52, rc0)
1788253966: Received PUBACK from m8-win-sub-20260901T170636 (Mid: 52, RC:0)
1788253967: Received PUBLISH from gatewayd-m8-gateway-20260901-170636-7128 (d0, q1, r0, m53, 'test/m8/20260901T170636/reactor', ... (19359 bytes))
1788253967: Sending PUBLISH to m8-win-sub-20260901T170636 (d0, q1, r0, m53, 'test/m8/20260901T170636/reactor', ... (19359 bytes))
1788253967: Sending PUBACK to gatewayd-m8-gateway-20260901-170636-7128 (m53, rc0)
1788253967: Received PUBACK from m8-win-sub-20260901T170636 (Mid: 53, RC:0)
1788253968: Received PUBLISH from gatewayd-m8-gateway-20260901-170636-7128 (d0, q1, r0, m54, 'test/m8/20260901T170636/reactor', ... (19219 bytes))
1788253968: Sending PUBLISH to m8-win-sub-20260901T170636 (d0, q1, r0, m54, 'test/m8/20260901T170636/reactor', ... (19219 bytes))
1788253968: Sending PUBACK to gatewayd-m8-gateway-20260901-170636-7128 (m54, rc0)
1788253968: Received PUBACK from m8-win-sub-20260901T170636 (Mid: 54, RC:0)
1788253969: Received PUBLISH from gatewayd-m8-gateway-20260901-170636-7128 (d0, q1, r0, m55, 'test/m8/20260901T170636/reactor', ... (19021 bytes))
1788253969: Sending PUBLISH to m8-win-sub-20260901T170636 (d0, q1, r0, m55, 'test/m8/20260901T170636/reactor', ... (19021 bytes))
1788253969: Sending PUBACK to gatewayd-m8-gateway-20260901-170636-7128 (m55, rc0)
1788253969: Received PUBACK from m8-win-sub-20260901T170636 (Mid: 55, RC:0)
1788253970: Received PUBLISH from gatewayd-m8-gateway-20260901-170636-7128 (d0, q1, r0, m56, 'test/m8/20260901T170636/reactor', ... (19348 bytes))
1788253970: Sending PUBLISH to m8-win-sub-20260901T170636 (d0, q1, r0, m56, 'test/m8/20260901T170636/reactor', ... (19348 bytes))
1788253970: Sending PUBACK to gatewayd-m8-gateway-20260901-170636-7128 (m56, rc0)
1788253970: Received PUBACK from m8-win-sub-20260901T170636 (Mid: 56, RC:0)
1788253971: Received PUBLISH from gatewayd-m8-gateway-20260901-170636-7128 (d0, q1, r0, m57, 'test/m8/20260901T170636/reactor', ... (18984 bytes))
1788253971: Sending PUBLISH to m8-win-sub-20260901T170636 (d0, q1, r0, m57, 'test/m8/20260901T170636/reactor', ... (18984 bytes))
1788253971: Sending PUBACK to gatewayd-m8-gateway-20260901-170636-7128 (m57, rc0)
1788253971: Received PUBACK from m8-win-sub-20260901T170636 (Mid: 57, RC:0)
1788253972: Received PUBLISH from gatewayd-m8-gateway-20260901-170636-7128 (d0, q1, r0, m58, 'test/m8/20260901T170636/reactor', ... (19013 bytes))
1788253972: Sending PUBLISH to m8-win-sub-20260901T170636 (d0, q1, r0, m58, 'test/m8/20260901T170636/reactor', ... (19013 bytes))
1788253972: Sending PUBACK to gatewayd-m8-gateway-20260901-170636-7128 (m58, rc0)
1788253972: Received PUBACK from m8-win-sub-20260901T170636 (Mid: 58, RC:0)
1788253973: Received PUBLISH from gatewayd-m8-gateway-20260901-170636-7128 (d0, q1, r0, m59, 'test/m8/20260901T170636/reactor', ... (19367 bytes))
1788253973: Sending PUBLISH to m8-win-sub-20260901T170636 (d0, q1, r0, m59, 'test/m8/20260901T170636/reactor', ... (19367 bytes))
1788253973: Sending PUBACK to gatewayd-m8-gateway-20260901-170636-7128 (m59, rc0)
1788253973: Received PUBACK from m8-win-sub-20260901T170636 (Mid: 59, RC:0)
1788253975: Received PUBLISH from gatewayd-m8-gateway-20260901-170636-7128 (d0, q1, r0, m60, 'test/m8/20260901T170636/reactor', ... (19185 bytes))
1788253975: Sending PUBLISH to m8-win-sub-20260901T170636 (d0, q1, r0, m60, 'test/m8/20260901T170636/reactor', ... (19185 bytes))
1788253975: Sending PUBACK to gatewayd-m8-gateway-20260901-170636-7128 (m60, rc0)
1788253975: Received PUBACK from m8-win-sub-20260901T170636 (Mid: 60, RC:0)
1788253976: Received PUBLISH from gatewayd-m8-gateway-20260901-170636-7128 (d0, q1, r0, m61, 'test/m8/20260901T170636/reactor', ... (19438 bytes))
1788253976: Sending PUBLISH to m8-win-sub-20260901T170636 (d0, q1, r0, m61, 'test/m8/20260901T170636/reactor', ... (19438 bytes))
1788253976: Sending PUBACK to gatewayd-m8-gateway-20260901-170636-7128 (m61, rc0)
1788253976: Received PUBACK from m8-win-sub-20260901T170636 (Mid: 61, RC:0)
1788253977: Received PUBLISH from gatewayd-m8-gateway-20260901-170636-7128 (d0, q1, r0, m62, 'test/m8/20260901T170636/reactor', ... (18744 bytes))
1788253977: Sending PUBLISH to m8-win-sub-20260901T170636 (d0, q1, r0, m62, 'test/m8/20260901T170636/reactor', ... (18744 bytes))
1788253977: Sending PUBACK to gatewayd-m8-gateway-20260901-170636-7128 (m62, rc0)
1788253977: Received PUBACK from m8-win-sub-20260901T170636 (Mid: 62, RC:0)
1788253978: Received PUBLISH from gatewayd-m8-gateway-20260901-170636-7128 (d0, q1, r0, m63, 'test/m8/20260901T170636/reactor', ... (18960 bytes))
1788253978: Sending PUBLISH to m8-win-sub-20260901T170636 (d0, q1, r0, m63, 'test/m8/20260901T170636/reactor', ... (18960 bytes))
1788253978: Sending PUBACK to gatewayd-m8-gateway-20260901-170636-7128 (m63, rc0)
1788253978: Received PUBACK from m8-win-sub-20260901T170636 (Mid: 63, RC:0)
1788253979: Received PUBLISH from gatewayd-m8-gateway-20260901-170636-7128 (d0, q1, r0, m64, 'test/m8/20260901T170636/reactor', ... (19225 bytes))
1788253979: Sending PUBLISH to m8-win-sub-20260901T170636 (d0, q1, r0, m64, 'test/m8/20260901T170636/reactor', ... (19225 bytes))
1788253979: Sending PUBACK to gatewayd-m8-gateway-20260901-170636-7128 (m64, rc0)
1788253979: Received PUBACK from m8-win-sub-20260901T170636 (Mid: 64, RC:0)
1788253980: Received PUBLISH from gatewayd-m8-gateway-20260901-170636-7128 (d0, q1, r0, m65, 'test/m8/20260901T170636/reactor', ... (18971 bytes))
1788253980: Sending PUBLISH to m8-win-sub-20260901T170636 (d0, q1, r0, m65, 'test/m8/20260901T170636/reactor', ... (18971 bytes))
1788253980: Sending PUBACK to gatewayd-m8-gateway-20260901-170636-7128 (m65, rc0)
1788253980: Received PUBACK from m8-win-sub-20260901T170636 (Mid: 65, RC:0)
1788253981: Received PUBLISH from gatewayd-m8-gateway-20260901-170636-7128 (d0, q1, r0, m66, 'test/m8/20260901T170636/reactor', ... (19368 bytes))
1788253981: Sending PUBLISH to m8-win-sub-20260901T170636 (d0, q1, r0, m66, 'test/m8/20260901T170636/reactor', ... (19368 bytes))
1788253981: Sending PUBACK to gatewayd-m8-gateway-20260901-170636-7128 (m66, rc0)
1788253981: Received PUBACK from m8-win-sub-20260901T170636 (Mid: 66, RC:0)
1788253982: Received PUBLISH from gatewayd-m8-gateway-20260901-170636-7128 (d0, q1, r0, m67, 'test/m8/20260901T170636/reactor', ... (19014 bytes))
1788253982: Sending PUBLISH to m8-win-sub-20260901T170636 (d0, q1, r0, m67, 'test/m8/20260901T170636/reactor', ... (19014 bytes))
1788253982: Sending PUBACK to gatewayd-m8-gateway-20260901-170636-7128 (m67, rc0)
1788253982: Received PUBACK from m8-win-sub-20260901T170636 (Mid: 67, RC:0)
1788253983: Received PUBLISH from gatewayd-m8-gateway-20260901-170636-7128 (d0, q1, r0, m68, 'test/m8/20260901T170636/reactor', ... (18778 bytes))
1788253983: Sending PUBLISH to m8-win-sub-20260901T170636 (d0, q1, r0, m68, 'test/m8/20260901T170636/reactor', ... (18778 bytes))
1788253983: Sending PUBACK to gatewayd-m8-gateway-20260901-170636-7128 (m68, rc0)
1788253983: Received PUBACK from m8-win-sub-20260901T170636 (Mid: 68, RC:0)
1788253984: Received PUBLISH from gatewayd-m8-gateway-20260901-170636-7128 (d0, q1, r0, m69, 'test/m8/20260901T170636/reactor', ... (19364 bytes))
1788253984: Sending PUBLISH to m8-win-sub-20260901T170636 (d0, q1, r0, m69, 'test/m8/20260901T170636/reactor', ... (19364 bytes))
1788253984: Sending PUBACK to gatewayd-m8-gateway-20260901-170636-7128 (m69, rc0)
1788253984: Received PUBACK from m8-win-sub-20260901T170636 (Mid: 69, RC:0)
1788253985: Received PUBLISH from gatewayd-m8-gateway-20260901-170636-7128 (d0, q1, r0, m70, 'test/m8/20260901T170636/reactor', ... (19021 bytes))
1788253985: Sending PUBLISH to m8-win-sub-20260901T170636 (d0, q1, r0, m70, 'test/m8/20260901T170636/reactor', ... (19021 bytes))
1788253985: Sending PUBACK to gatewayd-m8-gateway-20260901-170636-7128 (m70, rc0)
1788253985: Received PUBACK from m8-win-sub-20260901T170636 (Mid: 70, RC:0)
1788253986: Received PUBLISH from gatewayd-m8-gateway-20260901-170636-7128 (d0, q1, r0, m71, 'test/m8/20260901T170636/reactor', ... (19016 bytes))
1788253986: Sending PUBLISH to m8-win-sub-20260901T170636 (d0, q1, r0, m71, 'test/m8/20260901T170636/reactor', ... (19016 bytes))
1788253986: Sending PUBACK to gatewayd-m8-gateway-20260901-170636-7128 (m71, rc0)
1788253986: Received PUBACK from m8-win-sub-20260901T170636 (Mid: 71, RC:0)
1788253987: Received PUBLISH from gatewayd-m8-gateway-20260901-170636-7128 (d0, q1, r0, m72, 'test/m8/20260901T170636/reactor', ... (19357 bytes))
1788253987: Sending PUBLISH to m8-win-sub-20260901T170636 (d0, q1, r0, m72, 'test/m8/20260901T170636/reactor', ... (19357 bytes))
1788253987: Sending PUBACK to gatewayd-m8-gateway-20260901-170636-7128 (m72, rc0)
1788253987: Received PUBACK from m8-win-sub-20260901T170636 (Mid: 72, RC:0)
1788253988: Received PUBLISH from gatewayd-m8-gateway-20260901-170636-7128 (d0, q1, r0, m73, 'test/m8/20260901T170636/reactor', ... (18796 bytes))
1788253988: Sending PUBLISH to m8-win-sub-20260901T170636 (d0, q1, r0, m73, 'test/m8/20260901T170636/reactor', ... (18796 bytes))
1788253988: Sending PUBACK to gatewayd-m8-gateway-20260901-170636-7128 (m73, rc0)
1788253988: Received PUBACK from m8-win-sub-20260901T170636 (Mid: 73, RC:0)
1788253989: Received PUBLISH from gatewayd-m8-gateway-20260901-170636-7128 (d0, q1, r0, m74, 'test/m8/20260901T170636/reactor', ... (19446 bytes))
1788253989: Sending PUBLISH to m8-win-sub-20260901T170636 (d0, q1, r0, m74, 'test/m8/20260901T170636/reactor', ... (19446 bytes))
1788253989: Sending PUBACK to gatewayd-m8-gateway-20260901-170636-7128 (m74, rc0)
1788253989: Received PUBACK from m8-win-sub-20260901T170636 (Mid: 74, RC:0)
1788253990: Received PUBLISH from gatewayd-m8-gateway-20260901-170636-7128 (d0, q1, r0, m75, 'test/m8/20260901T170636/reactor', ... (18941 bytes))
1788253990: Sending PUBLISH to m8-win-sub-20260901T170636 (d0, q1, r0, m75, 'test/m8/20260901T170636/reactor', ... (18941 bytes))
1788253990: Sending PUBACK to gatewayd-m8-gateway-20260901-170636-7128 (m75, rc0)
1788253990: Received PUBACK from m8-win-sub-20260901T170636 (Mid: 75, RC:0)
1788253991: Received PUBLISH from gatewayd-m8-gateway-20260901-170636-7128 (d0, q1, r0, m76, 'test/m8/20260901T170636/reactor', ... (18993 bytes))
1788253991: Sending PUBLISH to m8-win-sub-20260901T170636 (d0, q1, r0, m76, 'test/m8/20260901T170636/reactor', ... (18993 bytes))
1788253991: Sending PUBACK to gatewayd-m8-gateway-20260901-170636-7128 (m76, rc0)
1788253991: Received PUBACK from m8-win-sub-20260901T170636 (Mid: 76, RC:0)
1788253993: Received PUBLISH from gatewayd-m8-gateway-20260901-170636-7128 (d0, q1, r0, m77, 'test/m8/20260901T170636/reactor', ... (19447 bytes))
1788253993: Sending PUBLISH to m8-win-sub-20260901T170636 (d0, q1, r0, m77, 'test/m8/20260901T170636/reactor', ... (19447 bytes))
1788253993: Sending PUBACK to gatewayd-m8-gateway-20260901-170636-7128 (m77, rc0)
1788253993: Received PUBACK from m8-win-sub-20260901T170636 (Mid: 77, RC:0)
1788253994: Received PUBLISH from gatewayd-m8-gateway-20260901-170636-7128 (d0, q1, r0, m78, 'test/m8/20260901T170636/reactor', ... (18954 bytes))
1788253994: Sending PUBLISH to m8-win-sub-20260901T170636 (d0, q1, r0, m78, 'test/m8/20260901T170636/reactor', ... (18954 bytes))
1788253994: Sending PUBACK to gatewayd-m8-gateway-20260901-170636-7128 (m78, rc0)
1788253994: Received PUBACK from m8-win-sub-20260901T170636 (Mid: 78, RC:0)
1788253995: Received PUBLISH from gatewayd-m8-gateway-20260901-170636-7128 (d0, q1, r0, m79, 'test/m8/20260901T170636/reactor', ... (19404 bytes))
1788253995: Sending PUBLISH to m8-win-sub-20260901T170636 (d0, q1, r0, m79, 'test/m8/20260901T170636/reactor', ... (19404 bytes))
1788253995: Sending PUBACK to gatewayd-m8-gateway-20260901-170636-7128 (m79, rc0)
1788253995: Received PUBACK from m8-win-sub-20260901T170636 (Mid: 79, RC:0)
1788253996: Received PUBLISH from gatewayd-m8-gateway-20260901-170636-7128 (d0, q1, r0, m80, 'test/m8/20260901T170636/reactor', ... (19446 bytes))
1788253996: Sending PUBLISH to m8-win-sub-20260901T170636 (d0, q1, r0, m80, 'test/m8/20260901T170636/reactor', ... (19446 bytes))
1788253996: Sending PUBACK to gatewayd-m8-gateway-20260901-170636-7128 (m80, rc0)
1788253996: Received PUBACK from m8-win-sub-20260901T170636 (Mid: 80, RC:0)
1788253997: Received PUBLISH from gatewayd-m8-gateway-20260901-170636-7128 (d0, q1, r0, m81, 'test/m8/20260901T170636/reactor', ... (18967 bytes))
1788253997: Sending PUBLISH to m8-win-sub-20260901T170636 (d0, q1, r0, m81, 'test/m8/20260901T170636/reactor', ... (18967 bytes))
1788253997: Sending PUBACK to gatewayd-m8-gateway-20260901-170636-7128 (m81, rc0)
1788253997: Received PUBACK from m8-win-sub-20260901T170636 (Mid: 81, RC:0)
1788253998: Received PUBLISH from gatewayd-m8-gateway-20260901-170636-7128 (d0, q1, r0, m82, 'test/m8/20260901T170636/reactor', ... (19392 bytes))
1788253998: Sending PUBLISH to m8-win-sub-20260901T170636 (d0, q1, r0, m82, 'test/m8/20260901T170636/reactor', ... (19392 bytes))
1788253998: Sending PUBACK to gatewayd-m8-gateway-20260901-170636-7128 (m82, rc0)
1788253998: Received PUBACK from m8-win-sub-20260901T170636 (Mid: 82, RC:0)
1788253999: Received PUBLISH from gatewayd-m8-gateway-20260901-170636-7128 (d0, q1, r0, m83, 'test/m8/20260901T170636/reactor', ... (19022 bytes))
1788253999: Sending PUBLISH to m8-win-sub-20260901T170636 (d0, q1, r0, m83, 'test/m8/20260901T170636/reactor', ... (19022 bytes))
1788253999: Sending PUBACK to gatewayd-m8-gateway-20260901-170636-7128 (m83, rc0)
1788253999: Received PUBACK from m8-win-sub-20260901T170636 (Mid: 83, RC:0)
1788254000: Received PUBLISH from gatewayd-m8-gateway-20260901-170636-7128 (d0, q1, r0, m84, 'test/m8/20260901T170636/reactor', ... (18980 bytes))
1788254000: Sending PUBLISH to m8-win-sub-20260901T170636 (d0, q1, r0, m84, 'test/m8/20260901T170636/reactor', ... (18980 bytes))
1788254000: Sending PUBACK to gatewayd-m8-gateway-20260901-170636-7128 (m84, rc0)
1788254000: Received PUBACK from m8-win-sub-20260901T170636 (Mid: 84, RC:0)
1788254001: Received PUBLISH from gatewayd-m8-gateway-20260901-170636-7128 (d0, q1, r0, m85, 'test/m8/20260901T170636/reactor', ... (19378 bytes))
1788254001: Sending PUBLISH to m8-win-sub-20260901T170636 (d0, q1, r0, m85, 'test/m8/20260901T170636/reactor', ... (19378 bytes))
1788254001: Sending PUBACK to gatewayd-m8-gateway-20260901-170636-7128 (m85, rc0)
1788254001: Received PUBACK from m8-win-sub-20260901T170636 (Mid: 85, RC:0)
1788254002: Received PUBLISH from gatewayd-m8-gateway-20260901-170636-7128 (d0, q1, r0, m86, 'test/m8/20260901T170636/reactor', ... (19022 bytes))
1788254002: Sending PUBLISH to m8-win-sub-20260901T170636 (d0, q1, r0, m86, 'test/m8/20260901T170636/reactor', ... (19022 bytes))
1788254002: Sending PUBACK to gatewayd-m8-gateway-20260901-170636-7128 (m86, rc0)
1788254002: Received PUBACK from m8-win-sub-20260901T170636 (Mid: 86, RC:0)
1788254003: Received PUBLISH from gatewayd-m8-gateway-20260901-170636-7128 (d0, q1, r0, m87, 'test/m8/20260901T170636/reactor', ... (19413 bytes))
1788254003: Sending PUBLISH to m8-win-sub-20260901T170636 (d0, q1, r0, m87, 'test/m8/20260901T170636/reactor', ... (19413 bytes))
1788254003: Sending PUBACK to gatewayd-m8-gateway-20260901-170636-7128 (m87, rc0)
1788254003: Received PUBACK from m8-win-sub-20260901T170636 (Mid: 87, RC:0)
1788254004: Received PUBLISH from gatewayd-m8-gateway-20260901-170636-7128 (d0, q1, r0, m88, 'test/m8/20260901T170636/reactor', ... (18926 bytes))
1788254004: Sending PUBLISH to m8-win-sub-20260901T170636 (d0, q1, r0, m88, 'test/m8/20260901T170636/reactor', ... (18926 bytes))
1788254004: Sending PUBACK to gatewayd-m8-gateway-20260901-170636-7128 (m88, rc0)
1788254004: Received PUBACK from m8-win-sub-20260901T170636 (Mid: 88, RC:0)
1788254005: Received PUBLISH from gatewayd-m8-gateway-20260901-170636-7128 (d0, q1, r0, m89, 'test/m8/20260901T170636/reactor', ... (19014 bytes))
1788254005: Sending PUBLISH to m8-win-sub-20260901T170636 (d0, q1, r0, m89, 'test/m8/20260901T170636/reactor', ... (19014 bytes))
1788254005: Sending PUBACK to gatewayd-m8-gateway-20260901-170636-7128 (m89, rc0)
1788254005: Received PUBACK from m8-win-sub-20260901T170636 (Mid: 89, RC:0)
1788254006: Received PUBLISH from gatewayd-m8-gateway-20260901-170636-7128 (d0, q1, r0, m90, 'test/m8/20260901T170636/reactor', ... (13293 bytes))
1788254006: Sending PUBLISH to m8-win-sub-20260901T170636 (d0, q1, r0, m90, 'test/m8/20260901T170636/reactor', ... (13293 bytes))
1788254006: Sending PUBACK to gatewayd-m8-gateway-20260901-170636-7128 (m90, rc0)
1788254006: Received PUBACK from m8-win-sub-20260901T170636 (Mid: 90, RC:0)
1788254007: Received PUBLISH from gatewayd-m8-gateway-20260901-170636-7128 (d0, q1, r0, m91, 'test/m8/20260901T170636/reactor', ... (16412 bytes))
1788254007: Sending PUBLISH to m8-win-sub-20260901T170636 (d0, q1, r0, m91, 'test/m8/20260901T170636/reactor', ... (16412 bytes))
1788254007: Sending PUBACK to gatewayd-m8-gateway-20260901-170636-7128 (m91, rc0)
1788254007: Received PUBACK from m8-win-sub-20260901T170636 (Mid: 91, RC:0)
1788254009: Received PUBLISH from gatewayd-m8-gateway-20260901-170636-7128 (d0, q1, r0, m92, 'test/m8/20260901T170636/reactor', ... (15573 bytes))
1788254009: Sending PUBLISH to m8-win-sub-20260901T170636 (d0, q1, r0, m92, 'test/m8/20260901T170636/reactor', ... (15573 bytes))
1788254009: Sending PUBACK to gatewayd-m8-gateway-20260901-170636-7128 (m92, rc0)
1788254009: Received PUBACK from m8-win-sub-20260901T170636 (Mid: 92, RC:0)
1788254010: Received PUBLISH from gatewayd-m8-gateway-20260901-170636-7128 (d0, q1, r0, m93, 'test/m8/20260901T170636/reactor', ... (19014 bytes))
1788254010: Sending PUBLISH to m8-win-sub-20260901T170636 (d0, q1, r0, m93, 'test/m8/20260901T170636/reactor', ... (19014 bytes))
1788254010: Sending PUBACK to gatewayd-m8-gateway-20260901-170636-7128 (m93, rc0)
1788254010: Received PUBACK from m8-win-sub-20260901T170636 (Mid: 93, RC:0)
1788254011: Received PUBLISH from gatewayd-m8-gateway-20260901-170636-7128 (d0, q1, r0, m94, 'test/m8/20260901T170636/reactor', ... (19196 bytes))
1788254011: Sending PUBLISH to m8-win-sub-20260901T170636 (d0, q1, r0, m94, 'test/m8/20260901T170636/reactor', ... (19196 bytes))
1788254011: Sending PUBACK to gatewayd-m8-gateway-20260901-170636-7128 (m94, rc0)
1788254011: Received PUBACK from m8-win-sub-20260901T170636 (Mid: 94, RC:0)
1788254012: Received PUBLISH from gatewayd-m8-gateway-20260901-170636-7128 (d0, q1, r0, m95, 'test/m8/20260901T170636/reactor', ... (19359 bytes))
1788254012: Sending PUBLISH to m8-win-sub-20260901T170636 (d0, q1, r0, m95, 'test/m8/20260901T170636/reactor', ... (19359 bytes))
1788254012: Sending PUBACK to gatewayd-m8-gateway-20260901-170636-7128 (m95, rc0)
1788254012: Received PUBACK from m8-win-sub-20260901T170636 (Mid: 95, RC:0)
1788254013: Received PUBLISH from gatewayd-m8-gateway-20260901-170636-7128 (d0, q1, r0, m96, 'test/m8/20260901T170636/reactor', ... (19014 bytes))
1788254013: Sending PUBLISH to m8-win-sub-20260901T170636 (d0, q1, r0, m96, 'test/m8/20260901T170636/reactor', ... (19014 bytes))
1788254013: Sending PUBACK to gatewayd-m8-gateway-20260901-170636-7128 (m96, rc0)
1788254013: Received PUBACK from m8-win-sub-20260901T170636 (Mid: 96, RC:0)
1788254014: Received PUBLISH from gatewayd-m8-gateway-20260901-170636-7128 (d0, q1, r0, m97, 'test/m8/20260901T170636/reactor', ... (19420 bytes))
1788254014: Sending PUBLISH to m8-win-sub-20260901T170636 (d0, q1, r0, m97, 'test/m8/20260901T170636/reactor', ... (19420 bytes))
1788254014: Sending PUBACK to gatewayd-m8-gateway-20260901-170636-7128 (m97, rc0)
1788254014: Received PUBACK from m8-win-sub-20260901T170636 (Mid: 97, RC:0)
1788254015: Received PUBLISH from gatewayd-m8-gateway-20260901-170636-7128 (d0, q1, r0, m98, 'test/m8/20260901T170636/reactor', ... (18933 bytes))
1788254015: Sending PUBLISH to m8-win-sub-20260901T170636 (d0, q1, r0, m98, 'test/m8/20260901T170636/reactor', ... (18933 bytes))
1788254015: Sending PUBACK to gatewayd-m8-gateway-20260901-170636-7128 (m98, rc0)
1788254015: Received PUBACK from m8-win-sub-20260901T170636 (Mid: 98, RC:0)
1788254016: Received PUBLISH from gatewayd-m8-gateway-20260901-170636-7128 (d0, q1, r0, m99, 'test/m8/20260901T170636/reactor', ... (19003 bytes))
1788254016: Sending PUBLISH to m8-win-sub-20260901T170636 (d0, q1, r0, m99, 'test/m8/20260901T170636/reactor', ... (19003 bytes))
1788254016: Sending PUBACK to gatewayd-m8-gateway-20260901-170636-7128 (m99, rc0)
1788254016: Received PUBACK from m8-win-sub-20260901T170636 (Mid: 99, RC:0)
1788254017: Received PUBLISH from gatewayd-m8-gateway-20260901-170636-7128 (d0, q1, r0, m100, 'test/m8/20260901T170636/reactor', ... (19228 bytes))
1788254017: Sending PUBLISH to m8-win-sub-20260901T170636 (d0, q1, r0, m100, 'test/m8/20260901T170636/reactor', ... (19228 bytes))
1788254017: Sending PUBACK to gatewayd-m8-gateway-20260901-170636-7128 (m100, rc0)
1788254017: Received PUBACK from m8-win-sub-20260901T170636 (Mid: 100, RC:0)
1788254018: Received PUBLISH from gatewayd-m8-gateway-20260901-170636-7128 (d0, q1, r0, m101, 'test/m8/20260901T170636/reactor', ... (18093 bytes))
1788254018: Sending PUBLISH to m8-win-sub-20260901T170636 (d0, q1, r0, m101, 'test/m8/20260901T170636/reactor', ... (18093 bytes))
1788254018: Sending PUBACK to gatewayd-m8-gateway-20260901-170636-7128 (m101, rc0)
1788254018: Received PUBACK from m8-win-sub-20260901T170636 (Mid: 101, RC:0)
1788254019: Received PUBLISH from gatewayd-m8-gateway-20260901-170636-7128 (d0, q1, r0, m102, 'test/m8/20260901T170636/reactor', ... (19417 bytes))
1788254019: Sending PUBLISH to m8-win-sub-20260901T170636 (d0, q1, r0, m102, 'test/m8/20260901T170636/reactor', ... (19417 bytes))
1788254019: Sending PUBACK to gatewayd-m8-gateway-20260901-170636-7128 (m102, rc0)
1788254019: Received PUBACK from m8-win-sub-20260901T170636 (Mid: 102, RC:0)
1788254020: Received PUBLISH from gatewayd-m8-gateway-20260901-170636-7128 (d0, q1, r0, m103, 'test/m8/20260901T170636/reactor', ... (19446 bytes))
1788254020: Sending PUBLISH to m8-win-sub-20260901T170636 (d0, q1, r0, m103, 'test/m8/20260901T170636/reactor', ... (19446 bytes))
1788254020: Sending PUBACK to gatewayd-m8-gateway-20260901-170636-7128 (m103, rc0)
1788254020: Received PUBACK from m8-win-sub-20260901T170636 (Mid: 103, RC:0)
1788254021: Received PUBLISH from gatewayd-m8-gateway-20260901-170636-7128 (d0, q1, r0, m104, 'test/m8/20260901T170636/reactor', ... (18953 bytes))
1788254021: Sending PUBLISH to m8-win-sub-20260901T170636 (d0, q1, r0, m104, 'test/m8/20260901T170636/reactor', ... (18953 bytes))
1788254021: Sending PUBACK to gatewayd-m8-gateway-20260901-170636-7128 (m104, rc0)
1788254021: Received PUBACK from m8-win-sub-20260901T170636 (Mid: 104, RC:0)
1788254022: Received PUBLISH from gatewayd-m8-gateway-20260901-170636-7128 (d0, q1, r0, m105, 'test/m8/20260901T170636/reactor', ... (19405 bytes))
1788254022: Sending PUBLISH to m8-win-sub-20260901T170636 (d0, q1, r0, m105, 'test/m8/20260901T170636/reactor', ... (19405 bytes))
1788254022: Sending PUBACK to gatewayd-m8-gateway-20260901-170636-7128 (m105, rc0)
1788254022: Received PUBACK from m8-win-sub-20260901T170636 (Mid: 105, RC:0)
1788254023: Received PUBLISH from gatewayd-m8-gateway-20260901-170636-7128 (d0, q1, r0, m106, 'test/m8/20260901T170636/reactor', ... (19235 bytes))
1788254023: Sending PUBLISH to m8-win-sub-20260901T170636 (d0, q1, r0, m106, 'test/m8/20260901T170636/reactor', ... (19235 bytes))
1788254023: Sending PUBACK to gatewayd-m8-gateway-20260901-170636-7128 (m106, rc0)
1788254023: Received PUBACK from m8-win-sub-20260901T170636 (Mid: 106, RC:0)
1788254025: Received PUBLISH from gatewayd-m8-gateway-20260901-170636-7128 (d0, q1, r0, m107, 'test/m8/20260901T170636/reactor', ... (18966 bytes))
1788254025: Sending PUBLISH to m8-win-sub-20260901T170636 (d0, q1, r0, m107, 'test/m8/20260901T170636/reactor', ... (18966 bytes))
1788254025: Sending PUBACK to gatewayd-m8-gateway-20260901-170636-7128 (m107, rc0)
1788254025: Received PUBACK from m8-win-sub-20260901T170636 (Mid: 107, RC:0)
1788254026: Received PUBLISH from gatewayd-m8-gateway-20260901-170636-7128 (d0, q1, r0, m108, 'test/m8/20260901T170636/reactor', ... (19392 bytes))
1788254026: Sending PUBLISH to m8-win-sub-20260901T170636 (d0, q1, r0, m108, 'test/m8/20260901T170636/reactor', ... (19392 bytes))
1788254026: Sending PUBACK to gatewayd-m8-gateway-20260901-170636-7128 (m108, rc0)
1788254026: Received PUBACK from m8-win-sub-20260901T170636 (Mid: 108, RC:0)
1788254027: Received PUBLISH from gatewayd-m8-gateway-20260901-170636-7128 (d0, q1, r0, m109, 'test/m8/20260901T170636/reactor', ... (19022 bytes))
1788254027: Sending PUBLISH to m8-win-sub-20260901T170636 (d0, q1, r0, m109, 'test/m8/20260901T170636/reactor', ... (19022 bytes))
1788254027: Sending PUBACK to gatewayd-m8-gateway-20260901-170636-7128 (m109, rc0)
1788254027: Received PUBACK from m8-win-sub-20260901T170636 (Mid: 109, RC:0)
1788254028: Received PUBLISH from gatewayd-m8-gateway-20260901-170636-7128 (d0, q1, r0, m110, 'test/m8/20260901T170636/reactor', ... (19402 bytes))
1788254028: Sending PUBLISH to m8-win-sub-20260901T170636 (d0, q1, r0, m110, 'test/m8/20260901T170636/reactor', ... (19402 bytes))
1788254028: Sending PUBACK to gatewayd-m8-gateway-20260901-170636-7128 (m110, rc0)
1788254028: Received PUBACK from m8-win-sub-20260901T170636 (Mid: 110, RC:0)
1788254029: Received PUBLISH from gatewayd-m8-gateway-20260901-170636-7128 (d0, q1, r0, m111, 'test/m8/20260901T170636/reactor', ... (18745 bytes))
1788254029: Sending PUBLISH to m8-win-sub-20260901T170636 (d0, q1, r0, m111, 'test/m8/20260901T170636/reactor', ... (18745 bytes))
1788254029: Sending PUBACK to gatewayd-m8-gateway-20260901-170636-7128 (m111, rc0)
1788254029: Received PUBACK from m8-win-sub-20260901T170636 (Mid: 111, RC:0)
1788254030: Received PUBLISH from gatewayd-m8-gateway-20260901-170636-7128 (d0, q1, r0, m112, 'test/m8/20260901T170636/reactor', ... (18810 bytes))
1788254030: Sending PUBLISH to m8-win-sub-20260901T170636 (d0, q1, r0, m112, 'test/m8/20260901T170636/reactor', ... (18810 bytes))
1788254030: Sending PUBACK to gatewayd-m8-gateway-20260901-170636-7128 (m112, rc0)
1788254030: Received PUBACK from m8-win-sub-20260901T170636 (Mid: 112, RC:0)
