1788172419: mosquitto version 2.1.2 starting
1788172419: Config loaded from E:\imx6ull-can-mqtt-gateway\imx6ull-can-mqtt-gateway\artifacts\20260831T183306p0800-m6-board-smoke\mosquitto.conf.
1788172419: Bridge support available.
1788172419: Persistence support available.
1788172419: TLS support available.
1788172419: TLS-PSK support available.
1788172419: Websockets support available.
1788172419: Opening ipv4 listen socket on port 18884.
1788172419: mosquitto version 2.1.2 running
1788172441: New connection from 192.168.50.1:57367 on port 18884.
1788172441: New client connected from 192.168.50.1:57367 as auto-9ACD35EF-4F70-22F2-827F-6E228038E9EB (p4, c1, k60).
1788172441: No will message specified.
1788172441: Sending CONNACK to auto-9ACD35EF-4F70-22F2-827F-6E228038E9EB (0, 0)
1788172441: Received SUBSCRIBE from auto-9ACD35EF-4F70-22F2-827F-6E228038E9EB
1788172441: 	vehicle/imx6ull-gateway-m6/telemetry/20260831T183306p0800-m6-board-smoke (QoS 1)
1788172441: auto-9ACD35EF-4F70-22F2-827F-6E228038E9EB 1 vehicle/imx6ull-gateway-m6/telemetry/20260831T183306p0800-m6-board-smoke
1788172441: Sending SUBACK to auto-9ACD35EF-4F70-22F2-827F-6E228038E9EB
1788172502: Received PINGREQ from auto-9ACD35EF-4F70-22F2-827F-6E228038E9EB
1788172502: Sending PINGRESP to auto-9ACD35EF-4F70-22F2-827F-6E228038E9EB
1788172514: New connection from 192.168.50.2:51962 on port 18884.
1788172514: New client connected from 192.168.50.2:51962 as gatewayd-imx6ull-gateway-m6-694 (p4, c1, k60).
1788172514: No will message specified.
1788172514: Sending CONNACK to gatewayd-imx6ull-gateway-m6-694 (0, 0)
1788172515: Received PUBLISH from gatewayd-imx6ull-gateway-m6-694 (d0, q1, r0, m1, 'vehicle/imx6ull-gateway-m6/telemetry/20260831T183306p0800-m6-board-smoke', ... (23275 bytes))
1788172515: Sending PUBLISH to auto-9ACD35EF-4F70-22F2-827F-6E228038E9EB (d0, q1, r0, m1, 'vehicle/imx6ull-gateway-m6/telemetry/20260831T183306p0800-m6-board-smoke', ... (23275 bytes))
1788172515: Sending PUBACK to gatewayd-imx6ull-gateway-m6-694 (m1, rc0)
1788172515: Received PUBACK from auto-9ACD35EF-4F70-22F2-827F-6E228038E9EB (Mid: 1, RC:0)
1788172515: Received DISCONNECT from auto-9ACD35EF-4F70-22F2-827F-6E228038E9EB
1788172515: Client auto-9ACD35EF-4F70-22F2-827F-6E228038E9EB [192.168.50.1:57367] disconnected.
1788172516: Received PUBLISH from gatewayd-imx6ull-gateway-m6-694 (d0, q1, r0, m2, 'vehicle/imx6ull-gateway-m6/telemetry/20260831T183306p0800-m6-board-smoke', ... (24648 bytes))
1788172516: Sending PUBACK to gatewayd-imx6ull-gateway-m6-694 (m2, rc0)
1788172517: Received PUBLISH from gatewayd-imx6ull-gateway-m6-694 (d0, q1, r0, m3, 'vehicle/imx6ull-gateway-m6/telemetry/20260831T183306p0800-m6-board-smoke', ... (24072 bytes))
1788172517: Sending PUBACK to gatewayd-imx6ull-gateway-m6-694 (m3, rc0)
1788172518: Received PUBLISH from gatewayd-imx6ull-gateway-m6-694 (d0, q1, r0, m4, 'vehicle/imx6ull-gateway-m6/telemetry/20260831T183306p0800-m6-board-smoke', ... (24381 bytes))
1788172518: Sending PUBACK to gatewayd-imx6ull-gateway-m6-694 (m4, rc0)
1788172519: Received PUBLISH from gatewayd-imx6ull-gateway-m6-694 (d0, q1, r0, m5, 'vehicle/imx6ull-gateway-m6/telemetry/20260831T183306p0800-m6-board-smoke', ... (24282 bytes))
1788172519: Sending PUBACK to gatewayd-imx6ull-gateway-m6-694 (m5, rc0)
1788172521: Received PUBLISH from gatewayd-imx6ull-gateway-m6-694 (d0, q1, r0, m6, 'vehicle/imx6ull-gateway-m6/telemetry/20260831T183306p0800-m6-board-smoke', ... (24225 bytes))
1788172521: Sending PUBACK to gatewayd-imx6ull-gateway-m6-694 (m6, rc0)
1788172522: Received PUBLISH from gatewayd-imx6ull-gateway-m6-694 (d0, q1, r0, m7, 'vehicle/imx6ull-gateway-m6/telemetry/20260831T183306p0800-m6-board-smoke', ... (24456 bytes))
1788172522: Sending PUBACK to gatewayd-imx6ull-gateway-m6-694 (m7, rc0)
1788172523: Received PUBLISH from gatewayd-imx6ull-gateway-m6-694 (d0, q1, r0, m8, 'vehicle/imx6ull-gateway-m6/telemetry/20260831T183306p0800-m6-board-smoke', ... (24280 bytes))
1788172523: Sending PUBACK to gatewayd-imx6ull-gateway-m6-694 (m8, rc0)
1788172524: Received PUBLISH from gatewayd-imx6ull-gateway-m6-694 (d0, q1, r0, m9, 'vehicle/imx6ull-gateway-m6/telemetry/20260831T183306p0800-m6-board-smoke', ... (24441 bytes))
1788172524: Sending PUBACK to gatewayd-imx6ull-gateway-m6-694 (m9, rc0)
1788172525: Received PUBLISH from gatewayd-imx6ull-gateway-m6-694 (d0, q1, r0, m10, 'vehicle/imx6ull-gateway-m6/telemetry/20260831T183306p0800-m6-board-smoke', ... (24410 bytes))
1788172525: Sending PUBACK to gatewayd-imx6ull-gateway-m6-694 (m10, rc0)
1788172526: Received PUBLISH from gatewayd-imx6ull-gateway-m6-694 (d0, q1, r0, m11, 'vehicle/imx6ull-gateway-m6/telemetry/20260831T183306p0800-m6-board-smoke', ... (24338 bytes))
1788172526: Sending PUBACK to gatewayd-imx6ull-gateway-m6-694 (m11, rc0)
1788172527: Received PUBLISH from gatewayd-imx6ull-gateway-m6-694 (d0, q1, r0, m12, 'vehicle/imx6ull-gateway-m6/telemetry/20260831T183306p0800-m6-board-smoke', ... (24583 bytes))
1788172527: Sending PUBACK to gatewayd-imx6ull-gateway-m6-694 (m12, rc0)
1788172528: Received PUBLISH from gatewayd-imx6ull-gateway-m6-694 (d0, q1, r0, m13, 'vehicle/imx6ull-gateway-m6/telemetry/20260831T183306p0800-m6-board-smoke', ... (24386 bytes))
1788172528: Sending PUBACK to gatewayd-imx6ull-gateway-m6-694 (m13, rc0)
1788172529: Received PUBLISH from gatewayd-imx6ull-gateway-m6-694 (d0, q1, r0, m14, 'vehicle/imx6ull-gateway-m6/telemetry/20260831T183306p0800-m6-board-smoke', ... (24535 bytes))
1788172529: Sending PUBACK to gatewayd-imx6ull-gateway-m6-694 (m14, rc0)
1788172530: Received PUBLISH from gatewayd-imx6ull-gateway-m6-694 (d0, q1, r0, m15, 'vehicle/imx6ull-gateway-m6/telemetry/20260831T183306p0800-m6-board-smoke', ... (24410 bytes))
1788172530: Sending PUBACK to gatewayd-imx6ull-gateway-m6-694 (m15, rc0)
1788172531: Received PUBLISH from gatewayd-imx6ull-gateway-m6-694 (d0, q1, r0, m16, 'vehicle/imx6ull-gateway-m6/telemetry/20260831T183306p0800-m6-board-smoke', ... (24330 bytes))
1788172531: Sending PUBACK to gatewayd-imx6ull-gateway-m6-694 (m16, rc0)
1788172532: Received PUBLISH from gatewayd-imx6ull-gateway-m6-694 (d0, q1, r0, m17, 'vehicle/imx6ull-gateway-m6/telemetry/20260831T183306p0800-m6-board-smoke', ... (24591 bytes))
1788172532: Sending PUBACK to gatewayd-imx6ull-gateway-m6-694 (m17, rc0)
1788172533: Received PUBLISH from gatewayd-imx6ull-gateway-m6-694 (d0, q1, r0, m18, 'vehicle/imx6ull-gateway-m6/telemetry/20260831T183306p0800-m6-board-smoke', ... (24378 bytes))
1788172533: Sending PUBACK to gatewayd-imx6ull-gateway-m6-694 (m18, rc0)
1788172534: Received PUBLISH from gatewayd-imx6ull-gateway-m6-694 (d0, q1, r0, m19, 'vehicle/imx6ull-gateway-m6/telemetry/20260831T183306p0800-m6-board-smoke', ... (24543 bytes))
1788172534: Sending PUBACK to gatewayd-imx6ull-gateway-m6-694 (m19, rc0)
1788172535: Received PUBLISH from gatewayd-imx6ull-gateway-m6-694 (d0, q1, r0, m20, 'vehicle/imx6ull-gateway-m6/telemetry/20260831T183306p0800-m6-board-smoke', ... (24410 bytes))
1788172535: Sending PUBACK to gatewayd-imx6ull-gateway-m6-694 (m20, rc0)
1788172536: Received PUBLISH from gatewayd-imx6ull-gateway-m6-694 (d0, q1, r0, m21, 'vehicle/imx6ull-gateway-m6/telemetry/20260831T183306p0800-m6-board-smoke', ... (24098 bytes))
1788172536: Sending PUBACK to gatewayd-imx6ull-gateway-m6-694 (m21, rc0)
1788172537: Received PUBLISH from gatewayd-imx6ull-gateway-m6-694 (d0, q1, r0, m22, 'vehicle/imx6ull-gateway-m6/telemetry/20260831T183306p0800-m6-board-smoke', ... (24582 bytes))
1788172537: Sending PUBACK to gatewayd-imx6ull-gateway-m6-694 (m22, rc0)
1788172538: Received PUBLISH from gatewayd-imx6ull-gateway-m6-694 (d0, q1, r0, m23, 'vehicle/imx6ull-gateway-m6/telemetry/20260831T183306p0800-m6-board-smoke', ... (24359 bytes))
1788172538: Sending PUBACK to gatewayd-imx6ull-gateway-m6-694 (m23, rc0)
1788172539: Received PUBLISH from gatewayd-imx6ull-gateway-m6-694 (d0, q1, r0, m24, 'vehicle/imx6ull-gateway-m6/telemetry/20260831T183306p0800-m6-board-smoke', ... (24327 bytes))
1788172539: Sending PUBACK to gatewayd-imx6ull-gateway-m6-694 (m24, rc0)
1788172540: Received PUBLISH from gatewayd-imx6ull-gateway-m6-694 (d0, q1, r0, m25, 'vehicle/imx6ull-gateway-m6/telemetry/20260831T183306p0800-m6-board-smoke', ... (24608 bytes))
1788172540: Sending PUBACK to gatewayd-imx6ull-gateway-m6-694 (m25, rc0)
1788172541: Received PUBLISH from gatewayd-imx6ull-gateway-m6-694 (d0, q1, r0, m26, 'vehicle/imx6ull-gateway-m6/telemetry/20260831T183306p0800-m6-board-smoke', ... (24303 bytes))
1788172541: Sending PUBACK to gatewayd-imx6ull-gateway-m6-694 (m26, rc0)
1788172542: Received PUBLISH from gatewayd-imx6ull-gateway-m6-694 (d0, q1, r0, m27, 'vehicle/imx6ull-gateway-m6/telemetry/20260831T183306p0800-m6-board-smoke', ... (24802 bytes))
1788172542: Sending PUBACK to gatewayd-imx6ull-gateway-m6-694 (m27, rc0)
1788172543: Received PUBLISH from gatewayd-imx6ull-gateway-m6-694 (d0, q1, r0, m28, 'vehicle/imx6ull-gateway-m6/telemetry/20260831T183306p0800-m6-board-smoke', ... (24351 bytes))
1788172543: Sending PUBACK to gatewayd-imx6ull-gateway-m6-694 (m28, rc0)
1788172544: Received PUBLISH from gatewayd-imx6ull-gateway-m6-694 (d0, q1, r0, m29, 'vehicle/imx6ull-gateway-m6/telemetry/20260831T183306p0800-m6-board-smoke', ... (24335 bytes))
1788172544: Sending PUBACK to gatewayd-imx6ull-gateway-m6-694 (m29, rc0)
1788172545: Received PUBLISH from gatewayd-imx6ull-gateway-m6-694 (d0, q1, r0, m30, 'vehicle/imx6ull-gateway-m6/telemetry/20260831T183306p0800-m6-board-smoke', ... (24398 bytes))
1788172545: Sending PUBACK to gatewayd-imx6ull-gateway-m6-694 (m30, rc0)
1788172546: Received PUBLISH from gatewayd-imx6ull-gateway-m6-694 (d0, q1, r0, m31, 'vehicle/imx6ull-gateway-m6/telemetry/20260831T183306p0800-m6-board-smoke', ... (24307 bytes))
1788172546: Sending PUBACK to gatewayd-imx6ull-gateway-m6-694 (m31, rc0)
1788172548: Received PUBLISH from gatewayd-imx6ull-gateway-m6-694 (d0, q1, r0, m32, 'vehicle/imx6ull-gateway-m6/telemetry/20260831T183306p0800-m6-board-smoke', ... (24612 bytes))
1788172548: Sending PUBACK to gatewayd-imx6ull-gateway-m6-694 (m32, rc0)
1788172549: Received PUBLISH from gatewayd-imx6ull-gateway-m6-694 (d0, q1, r0, m33, 'vehicle/imx6ull-gateway-m6/telemetry/20260831T183306p0800-m6-board-smoke', ... (24355 bytes))
1788172549: Sending PUBACK to gatewayd-imx6ull-gateway-m6-694 (m33, rc0)
1788172550: Received PUBLISH from gatewayd-imx6ull-gateway-m6-694 (d0, q1, r0, m34, 'vehicle/imx6ull-gateway-m6/telemetry/20260831T183306p0800-m6-board-smoke', ... (24353 bytes))
1788172550: Sending PUBACK to gatewayd-imx6ull-gateway-m6-694 (m34, rc0)
1788172551: Received PUBLISH from gatewayd-imx6ull-gateway-m6-694 (d0, q1, r0, m35, 'vehicle/imx6ull-gateway-m6/telemetry/20260831T183306p0800-m6-board-smoke', ... (24620 bytes))
1788172551: Sending PUBACK to gatewayd-imx6ull-gateway-m6-694 (m35, rc0)
1788172552: Received PUBLISH from gatewayd-imx6ull-gateway-m6-694 (d0, q1, r0, m36, 'vehicle/imx6ull-gateway-m6/telemetry/20260831T183306p0800-m6-board-smoke', ... (24299 bytes))
1788172552: Sending PUBACK to gatewayd-imx6ull-gateway-m6-694 (m36, rc0)
1788172553: Received PUBLISH from gatewayd-imx6ull-gateway-m6-694 (d0, q1, r0, m37, 'vehicle/imx6ull-gateway-m6/telemetry/20260831T183306p0800-m6-board-smoke', ... (24620 bytes))
1788172553: Sending PUBACK to gatewayd-imx6ull-gateway-m6-694 (m37, rc0)
1788172554: Received PUBLISH from gatewayd-imx6ull-gateway-m6-694 (d0, q1, r0, m38, 'vehicle/imx6ull-gateway-m6/telemetry/20260831T183306p0800-m6-board-smoke', ... (24347 bytes))
1788172554: Sending PUBACK to gatewayd-imx6ull-gateway-m6-694 (m38, rc0)
1788172555: Received PUBLISH from gatewayd-imx6ull-gateway-m6-694 (d0, q1, r0, m39, 'vehicle/imx6ull-gateway-m6/telemetry/20260831T183306p0800-m6-board-smoke', ... (24361 bytes))
1788172555: Sending PUBACK to gatewayd-imx6ull-gateway-m6-694 (m39, rc0)
1788172556: Received PUBLISH from gatewayd-imx6ull-gateway-m6-694 (d0, q1, r0, m40, 'vehicle/imx6ull-gateway-m6/telemetry/20260831T183306p0800-m6-board-smoke', ... (24612 bytes))
1788172556: Sending PUBACK to gatewayd-imx6ull-gateway-m6-694 (m40, rc0)
1788172557: Received PUBLISH from gatewayd-imx6ull-gateway-m6-694 (d0, q1, r0, m41, 'vehicle/imx6ull-gateway-m6/telemetry/20260831T183306p0800-m6-board-smoke', ... (24307 bytes))
1788172557: Sending PUBACK to gatewayd-imx6ull-gateway-m6-694 (m41, rc0)
1788172558: Received PUBLISH from gatewayd-imx6ull-gateway-m6-694 (d0, q1, r0, m42, 'vehicle/imx6ull-gateway-m6/telemetry/20260831T183306p0800-m6-board-smoke', ... (24620 bytes))
1788172558: Sending PUBACK to gatewayd-imx6ull-gateway-m6-694 (m42, rc0)
1788172559: Received PUBLISH from gatewayd-imx6ull-gateway-m6-694 (d0, q1, r0, m43, 'vehicle/imx6ull-gateway-m6/telemetry/20260831T183306p0800-m6-board-smoke', ... (24339 bytes))
1788172559: Sending PUBACK to gatewayd-imx6ull-gateway-m6-694 (m43, rc0)
1788172560: Received PUBLISH from gatewayd-imx6ull-gateway-m6-694 (d0, q1, r0, m44, 'vehicle/imx6ull-gateway-m6/telemetry/20260831T183306p0800-m6-board-smoke', ... (24369 bytes))
1788172560: Sending PUBACK to gatewayd-imx6ull-gateway-m6-694 (m44, rc0)
1788172561: Received PUBLISH from gatewayd-imx6ull-gateway-m6-694 (d0, q1, r0, m45, 'vehicle/imx6ull-gateway-m6/telemetry/20260831T183306p0800-m6-board-smoke', ... (24596 bytes))
1788172561: Sending PUBACK to gatewayd-imx6ull-gateway-m6-694 (m45, rc0)
1788172562: Received PUBLISH from gatewayd-imx6ull-gateway-m6-694 (d0, q1, r0, m46, 'vehicle/imx6ull-gateway-m6/telemetry/20260831T183306p0800-m6-board-smoke', ... (24302 bytes))
1788172562: Sending PUBACK to gatewayd-imx6ull-gateway-m6-694 (m46, rc0)
1788172563: Received PUBLISH from gatewayd-imx6ull-gateway-m6-694 (d0, q1, r0, m47, 'vehicle/imx6ull-gateway-m6/telemetry/20260831T183306p0800-m6-board-smoke', ... (24609 bytes))
1788172563: Sending PUBACK to gatewayd-imx6ull-gateway-m6-694 (m47, rc0)
1788172564: Received PUBLISH from gatewayd-imx6ull-gateway-m6-694 (d0, q1, r0, m48, 'vehicle/imx6ull-gateway-m6/telemetry/20260831T183306p0800-m6-board-smoke', ... (24321 bytes))
1788172564: Sending PUBACK to gatewayd-imx6ull-gateway-m6-694 (m48, rc0)
1788172565: Received PUBLISH from gatewayd-imx6ull-gateway-m6-694 (d0, q1, r0, m49, 'vehicle/imx6ull-gateway-m6/telemetry/20260831T183306p0800-m6-board-smoke', ... (24367 bytes))
1788172565: Sending PUBACK to gatewayd-imx6ull-gateway-m6-694 (m49, rc0)
1788172566: Received PUBLISH from gatewayd-imx6ull-gateway-m6-694 (d0, q1, r0, m50, 'vehicle/imx6ull-gateway-m6/telemetry/20260831T183306p0800-m6-board-smoke', ... (24579 bytes))
1788172566: Sending PUBACK to gatewayd-imx6ull-gateway-m6-694 (m50, rc0)
1788172567: Received PUBLISH from gatewayd-imx6ull-gateway-m6-694 (d0, q1, r0, m51, 'vehicle/imx6ull-gateway-m6/telemetry/20260831T183306p0800-m6-board-smoke', ... (24319 bytes))
1788172567: Sending PUBACK to gatewayd-imx6ull-gateway-m6-694 (m51, rc0)
1788172568: Received PUBLISH from gatewayd-imx6ull-gateway-m6-694 (d0, q1, r0, m52, 'vehicle/imx6ull-gateway-m6/telemetry/20260831T183306p0800-m6-board-smoke', ... (24819 bytes))
1788172568: Sending PUBACK to gatewayd-imx6ull-gateway-m6-694 (m52, rc0)
1788172569: Received PUBLISH from gatewayd-imx6ull-gateway-m6-694 (d0, q1, r0, m53, 'vehicle/imx6ull-gateway-m6/telemetry/20260831T183306p0800-m6-board-smoke', ... (24313 bytes))
1788172569: Sending PUBACK to gatewayd-imx6ull-gateway-m6-694 (m53, rc0)
1788172570: Received PUBLISH from gatewayd-imx6ull-gateway-m6-694 (d0, q1, r0, m54, 'vehicle/imx6ull-gateway-m6/telemetry/20260831T183306p0800-m6-board-smoke', ... (24375 bytes))
1788172570: Sending PUBACK to gatewayd-imx6ull-gateway-m6-694 (m54, rc0)
1788172571: Received PUBLISH from gatewayd-imx6ull-gateway-m6-694 (d0, q1, r0, m55, 'vehicle/imx6ull-gateway-m6/telemetry/20260831T183306p0800-m6-board-smoke', ... (24576 bytes))
1788172571: Sending PUBACK to gatewayd-imx6ull-gateway-m6-694 (m55, rc0)
1788172572: Received PUBLISH from gatewayd-imx6ull-gateway-m6-694 (d0, q1, r0, m56, 'vehicle/imx6ull-gateway-m6/telemetry/20260831T183306p0800-m6-board-smoke', ... (24337 bytes))
1788172572: Sending PUBACK to gatewayd-imx6ull-gateway-m6-694 (m56, rc0)
1788172574: Received PUBLISH from gatewayd-imx6ull-gateway-m6-694 (d0, q1, r0, m57, 'vehicle/imx6ull-gateway-m6/telemetry/20260831T183306p0800-m6-board-smoke', ... (24620 bytes))
1788172574: Sending PUBACK to gatewayd-imx6ull-gateway-m6-694 (m57, rc0)
1788172575: Received PUBLISH from gatewayd-imx6ull-gateway-m6-694 (d0, q1, r0, m58, 'vehicle/imx6ull-gateway-m6/telemetry/20260831T183306p0800-m6-board-smoke', ... (24315 bytes))
1788172575: Sending PUBACK to gatewayd-imx6ull-gateway-m6-694 (m58, rc0)
1788172576: Received PUBLISH from gatewayd-imx6ull-gateway-m6-694 (d0, q1, r0, m59, 'vehicle/imx6ull-gateway-m6/telemetry/20260831T183306p0800-m6-board-smoke', ... (24393 bytes))
1788172576: Sending PUBACK to gatewayd-imx6ull-gateway-m6-694 (m59, rc0)
1788172577: Received PUBLISH from gatewayd-imx6ull-gateway-m6-694 (d0, q1, r0, m60, 'vehicle/imx6ull-gateway-m6/telemetry/20260831T183306p0800-m6-board-smoke', ... (24574 bytes))
1788172577: Sending PUBACK to gatewayd-imx6ull-gateway-m6-694 (m60, rc0)
1788172578: Received PUBLISH from gatewayd-imx6ull-gateway-m6-694 (d0, q1, r0, m61, 'vehicle/imx6ull-gateway-m6/telemetry/20260831T183306p0800-m6-board-smoke', ... (24345 bytes))
1788172578: Sending PUBACK to gatewayd-imx6ull-gateway-m6-694 (m61, rc0)
1788172579: Received PUBLISH from gatewayd-imx6ull-gateway-m6-694 (d0, q1, r0, m62, 'vehicle/imx6ull-gateway-m6/telemetry/20260831T183306p0800-m6-board-smoke', ... (24620 bytes))
1788172579: Sending PUBACK to gatewayd-imx6ull-gateway-m6-694 (m62, rc0)
1788172580: Received PUBLISH from gatewayd-imx6ull-gateway-m6-694 (d0, q1, r0, m63, 'vehicle/imx6ull-gateway-m6/telemetry/20260831T183306p0800-m6-board-smoke', ... (24307 bytes))
1788172580: Sending PUBACK to gatewayd-imx6ull-gateway-m6-694 (m63, rc0)
1788172581: Received PUBLISH from gatewayd-imx6ull-gateway-m6-694 (d0, q1, r0, m64, 'vehicle/imx6ull-gateway-m6/telemetry/20260831T183306p0800-m6-board-smoke', ... (24401 bytes))
1788172581: Sending PUBACK to gatewayd-imx6ull-gateway-m6-694 (m64, rc0)
1788172582: Received PUBLISH from gatewayd-imx6ull-gateway-m6-694 (d0, q1, r0, m65, 'vehicle/imx6ull-gateway-m6/telemetry/20260831T183306p0800-m6-board-smoke', ... (24566 bytes))
1788172582: Sending PUBACK to gatewayd-imx6ull-gateway-m6-694 (m65, rc0)
1788172583: Received PUBLISH from gatewayd-imx6ull-gateway-m6-694 (d0, q1, r0, m66, 'vehicle/imx6ull-gateway-m6/telemetry/20260831T183306p0800-m6-board-smoke', ... (24353 bytes))
1788172583: Sending PUBACK to gatewayd-imx6ull-gateway-m6-694 (m66, rc0)
1788172584: Received PUBLISH from gatewayd-imx6ull-gateway-m6-694 (d0, q1, r0, m67, 'vehicle/imx6ull-gateway-m6/telemetry/20260831T183306p0800-m6-board-smoke', ... (24620 bytes))
1788172584: Sending PUBACK to gatewayd-imx6ull-gateway-m6-694 (m67, rc0)
1788172585: Received PUBLISH from gatewayd-imx6ull-gateway-m6-694 (d0, q1, r0, m68, 'vehicle/imx6ull-gateway-m6/telemetry/20260831T183306p0800-m6-board-smoke', ... (24299 bytes))
1788172585: Sending PUBACK to gatewayd-imx6ull-gateway-m6-694 (m68, rc0)
1788172586: Received PUBLISH from gatewayd-imx6ull-gateway-m6-694 (d0, q1, r0, m69, 'vehicle/imx6ull-gateway-m6/telemetry/20260831T183306p0800-m6-board-smoke', ... (24409 bytes))
1788172586: Sending PUBACK to gatewayd-imx6ull-gateway-m6-694 (m69, rc0)
1788172587: Received PUBLISH from gatewayd-imx6ull-gateway-m6-694 (d0, q1, r0, m70, 'vehicle/imx6ull-gateway-m6/telemetry/20260831T183306p0800-m6-board-smoke', ... (24548 bytes))
1788172587: Sending PUBACK to gatewayd-imx6ull-gateway-m6-694 (m70, rc0)
1788172588: Received PUBLISH from gatewayd-imx6ull-gateway-m6-694 (d0, q1, r0, m71, 'vehicle/imx6ull-gateway-m6/telemetry/20260831T183306p0800-m6-board-smoke', ... (24346 bytes))
1788172588: Sending PUBACK to gatewayd-imx6ull-gateway-m6-694 (m71, rc0)
1788172589: Received PUBLISH from gatewayd-imx6ull-gateway-m6-694 (d0, q1, r0, m72, 'vehicle/imx6ull-gateway-m6/telemetry/20260831T183306p0800-m6-board-smoke', ... (24182 bytes))
1788172589: Sending PUBACK to gatewayd-imx6ull-gateway-m6-694 (m72, rc0)
1788172590: Received PUBLISH from gatewayd-imx6ull-gateway-m6-694 (d0, q1, r0, m73, 'vehicle/imx6ull-gateway-m6/telemetry/20260831T183306p0800-m6-board-smoke', ... (24505 bytes))
1788172590: Sending PUBACK to gatewayd-imx6ull-gateway-m6-694 (m73, rc0)
1788172591: Received PUBLISH from gatewayd-imx6ull-gateway-m6-694 (d0, q1, r0, m74, 'vehicle/imx6ull-gateway-m6/telemetry/20260831T183306p0800-m6-board-smoke', ... (24399 bytes))
1788172591: Sending PUBACK to gatewayd-imx6ull-gateway-m6-694 (m74, rc0)
1788172592: Received PUBLISH from gatewayd-imx6ull-gateway-m6-694 (d0, q1, r0, m75, 'vehicle/imx6ull-gateway-m6/telemetry/20260831T183306p0800-m6-board-smoke', ... (24330 bytes))
1788172592: Sending PUBACK to gatewayd-imx6ull-gateway-m6-694 (m75, rc0)
1788172593: Received PUBLISH from gatewayd-imx6ull-gateway-m6-694 (d0, q1, r0, m76, 'vehicle/imx6ull-gateway-m6/telemetry/20260831T183306p0800-m6-board-smoke', ... (24357 bytes))
1788172593: Sending PUBACK to gatewayd-imx6ull-gateway-m6-694 (m76, rc0)
1788172594: Received PUBLISH from gatewayd-imx6ull-gateway-m6-694 (d0, q1, r0, m77, 'vehicle/imx6ull-gateway-m6/telemetry/20260831T183306p0800-m6-board-smoke', ... (24379 bytes))
1788172594: Sending PUBACK to gatewayd-imx6ull-gateway-m6-694 (m77, rc0)
1788172595: Received PUBLISH from gatewayd-imx6ull-gateway-m6-694 (d0, q1, r0, m78, 'vehicle/imx6ull-gateway-m6/telemetry/20260831T183306p0800-m6-board-smoke', ... (24729 bytes))
1788172595: Sending PUBACK to gatewayd-imx6ull-gateway-m6-694 (m78, rc0)
1788172596: Received PUBLISH from gatewayd-imx6ull-gateway-m6-694 (d0, q1, r0, m79, 'vehicle/imx6ull-gateway-m6/telemetry/20260831T183306p0800-m6-board-smoke', ... (24399 bytes))
1788172596: Sending PUBACK to gatewayd-imx6ull-gateway-m6-694 (m79, rc0)
1788172597: Received PUBLISH from gatewayd-imx6ull-gateway-m6-694 (d0, q1, r0, m80, 'vehicle/imx6ull-gateway-m6/telemetry/20260831T183306p0800-m6-board-smoke', ... (24542 bytes))
1788172597: Sending PUBACK to gatewayd-imx6ull-gateway-m6-694 (m80, rc0)
1788172598: Received PUBLISH from gatewayd-imx6ull-gateway-m6-694 (d0, q1, r0, m81, 'vehicle/imx6ull-gateway-m6/telemetry/20260831T183306p0800-m6-board-smoke', ... (24164 bytes))
1788172598: Sending PUBACK to gatewayd-imx6ull-gateway-m6-694 (m81, rc0)
1788172599: Received PUBLISH from gatewayd-imx6ull-gateway-m6-694 (d0, q1, r0, m82, 'vehicle/imx6ull-gateway-m6/telemetry/20260831T183306p0800-m6-board-smoke', ... (24382 bytes))
1788172599: Sending PUBACK to gatewayd-imx6ull-gateway-m6-694 (m82, rc0)
1788172601: Received PUBLISH from gatewayd-imx6ull-gateway-m6-694 (d0, q1, r0, m83, 'vehicle/imx6ull-gateway-m6/telemetry/20260831T183306p0800-m6-board-smoke', ... (24326 bytes))
1788172601: Sending PUBACK to gatewayd-imx6ull-gateway-m6-694 (m83, rc0)
1788172602: Received PUBLISH from gatewayd-imx6ull-gateway-m6-694 (d0, q1, r0, m84, 'vehicle/imx6ull-gateway-m6/telemetry/20260831T183306p0800-m6-board-smoke', ... (24409 bytes))
1788172602: Sending PUBACK to gatewayd-imx6ull-gateway-m6-694 (m84, rc0)
1788172603: Received PUBLISH from gatewayd-imx6ull-gateway-m6-694 (d0, q1, r0, m85, 'vehicle/imx6ull-gateway-m6/telemetry/20260831T183306p0800-m6-board-smoke', ... (24327 bytes))
1788172603: Sending PUBACK to gatewayd-imx6ull-gateway-m6-694 (m85, rc0)
1788172604: Received PUBLISH from gatewayd-imx6ull-gateway-m6-694 (d0, q1, r0, m86, 'vehicle/imx6ull-gateway-m6/telemetry/20260831T183306p0800-m6-board-smoke', ... (24592 bytes))
1788172604: Sending PUBACK to gatewayd-imx6ull-gateway-m6-694 (m86, rc0)
1788172605: Received PUBLISH from gatewayd-imx6ull-gateway-m6-694 (d0, q1, r0, m87, 'vehicle/imx6ull-gateway-m6/telemetry/20260831T183306p0800-m6-board-smoke', ... (24198 bytes))
1788172605: Sending PUBACK to gatewayd-imx6ull-gateway-m6-694 (m87, rc0)
1788172606: Received PUBLISH from gatewayd-imx6ull-gateway-m6-694 (d0, q1, r0, m88, 'vehicle/imx6ull-gateway-m6/telemetry/20260831T183306p0800-m6-board-smoke', ... (24449 bytes))
1788172606: Sending PUBACK to gatewayd-imx6ull-gateway-m6-694 (m88, rc0)
1788172607: Received PUBLISH from gatewayd-imx6ull-gateway-m6-694 (d0, q1, r0, m89, 'vehicle/imx6ull-gateway-m6/telemetry/20260831T183306p0800-m6-board-smoke', ... (24526 bytes))
1788172607: Sending PUBACK to gatewayd-imx6ull-gateway-m6-694 (m89, rc0)
1788172608: Received PUBLISH from gatewayd-imx6ull-gateway-m6-694 (d0, q1, r0, m90, 'vehicle/imx6ull-gateway-m6/telemetry/20260831T183306p0800-m6-board-smoke', ... (24438 bytes))
1788172608: Sending PUBACK to gatewayd-imx6ull-gateway-m6-694 (m90, rc0)
1788172609: Received PUBLISH from gatewayd-imx6ull-gateway-m6-694 (d0, q1, r0, m91, 'vehicle/imx6ull-gateway-m6/telemetry/20260831T183306p0800-m6-board-smoke', ... (24716 bytes))
1788172609: Sending PUBACK to gatewayd-imx6ull-gateway-m6-694 (m91, rc0)
1788172610: Received PUBLISH from gatewayd-imx6ull-gateway-m6-694 (d0, q1, r0, m92, 'vehicle/imx6ull-gateway-m6/telemetry/20260831T183306p0800-m6-board-smoke', ... (24486 bytes))
1788172610: Sending PUBACK to gatewayd-imx6ull-gateway-m6-694 (m92, rc0)
1788172611: Received PUBLISH from gatewayd-imx6ull-gateway-m6-694 (d0, q1, r0, m93, 'vehicle/imx6ull-gateway-m6/telemetry/20260831T183306p0800-m6-board-smoke', ... (24244 bytes))
1788172611: Sending PUBACK to gatewayd-imx6ull-gateway-m6-694 (m93, rc0)
1788172612: Received PUBLISH from gatewayd-imx6ull-gateway-m6-694 (d0, q1, r0, m94, 'vehicle/imx6ull-gateway-m6/telemetry/20260831T183306p0800-m6-board-smoke', ... (24738 bytes))
1788172612: Sending PUBACK to gatewayd-imx6ull-gateway-m6-694 (m94, rc0)
1788172613: Received PUBLISH from gatewayd-imx6ull-gateway-m6-694 (d0, q1, r0, m95, 'vehicle/imx6ull-gateway-m6/telemetry/20260831T183306p0800-m6-board-smoke', ... (24204 bytes))
1788172613: Sending PUBACK to gatewayd-imx6ull-gateway-m6-694 (m95, rc0)
1788172614: Received PUBLISH from gatewayd-imx6ull-gateway-m6-694 (d0, q1, r0, m96, 'vehicle/imx6ull-gateway-m6/telemetry/20260831T183306p0800-m6-board-smoke', ... (24498 bytes))
1788172614: Sending PUBACK to gatewayd-imx6ull-gateway-m6-694 (m96, rc0)
1788172615: Received PUBLISH from gatewayd-imx6ull-gateway-m6-694 (d0, q1, r0, m97, 'vehicle/imx6ull-gateway-m6/telemetry/20260831T183306p0800-m6-board-smoke', ... (24681 bytes))
1788172615: Sending PUBACK to gatewayd-imx6ull-gateway-m6-694 (m97, rc0)
1788172616: Received PUBLISH from gatewayd-imx6ull-gateway-m6-694 (d0, q1, r0, m98, 'vehicle/imx6ull-gateway-m6/telemetry/20260831T183306p0800-m6-board-smoke', ... (24452 bytes))
1788172616: Sending PUBACK to gatewayd-imx6ull-gateway-m6-694 (m98, rc0)
1788172617: Received PUBLISH from gatewayd-imx6ull-gateway-m6-694 (d0, q1, r0, m99, 'vehicle/imx6ull-gateway-m6/telemetry/20260831T183306p0800-m6-board-smoke', ... (24304 bytes))
1788172617: Sending PUBACK to gatewayd-imx6ull-gateway-m6-694 (m99, rc0)
1788172618: Received PUBLISH from gatewayd-imx6ull-gateway-m6-694 (d0, q1, r0, m100, 'vehicle/imx6ull-gateway-m6/telemetry/20260831T183306p0800-m6-board-smoke', ... (24627 bytes))
1788172618: Sending PUBACK to gatewayd-imx6ull-gateway-m6-694 (m100, rc0)
1788172619: Received PUBLISH from gatewayd-imx6ull-gateway-m6-694 (d0, q1, r0, m101, 'vehicle/imx6ull-gateway-m6/telemetry/20260831T183306p0800-m6-board-smoke', ... (24508 bytes))
1788172619: Sending PUBACK to gatewayd-imx6ull-gateway-m6-694 (m101, rc0)
1788172620: Received PUBLISH from gatewayd-imx6ull-gateway-m6-694 (d0, q1, r0, m102, 'vehicle/imx6ull-gateway-m6/telemetry/20260831T183306p0800-m6-board-smoke', ... (24886 bytes))
1788172620: Sending PUBACK to gatewayd-imx6ull-gateway-m6-694 (m102, rc0)
1788172621: Received PUBLISH from gatewayd-imx6ull-gateway-m6-694 (d0, q1, r0, m103, 'vehicle/imx6ull-gateway-m6/telemetry/20260831T183306p0800-m6-board-smoke', ... (24461 bytes))
1788172621: Sending PUBACK to gatewayd-imx6ull-gateway-m6-694 (m103, rc0)
1788172622: Received PUBLISH from gatewayd-imx6ull-gateway-m6-694 (d0, q1, r0, m104, 'vehicle/imx6ull-gateway-m6/telemetry/20260831T183306p0800-m6-board-smoke', ... (24941 bytes))
1788172622: Sending PUBACK to gatewayd-imx6ull-gateway-m6-694 (m104, rc0)
1788172623: Received PUBLISH from gatewayd-imx6ull-gateway-m6-694 (d0, q1, r0, m105, 'vehicle/imx6ull-gateway-m6/telemetry/20260831T183306p0800-m6-board-smoke', ... (24417 bytes))
1788172623: Sending PUBACK to gatewayd-imx6ull-gateway-m6-694 (m105, rc0)
1788172624: Received PUBLISH from gatewayd-imx6ull-gateway-m6-694 (d0, q1, r0, m106, 'vehicle/imx6ull-gateway-m6/telemetry/20260831T183306p0800-m6-board-smoke', ... (24527 bytes))
1788172624: Sending PUBACK to gatewayd-imx6ull-gateway-m6-694 (m106, rc0)
1788172625: Received PUBLISH from gatewayd-imx6ull-gateway-m6-694 (d0, q1, r0, m107, 'vehicle/imx6ull-gateway-m6/telemetry/20260831T183306p0800-m6-board-smoke', ... (24677 bytes))
1788172625: Sending PUBACK to gatewayd-imx6ull-gateway-m6-694 (m107, rc0)
1788172626: Received PUBLISH from gatewayd-imx6ull-gateway-m6-694 (d0, q1, r0, m108, 'vehicle/imx6ull-gateway-m6/telemetry/20260831T183306p0800-m6-board-smoke', ... (24479 bytes))
1788172626: Sending PUBACK to gatewayd-imx6ull-gateway-m6-694 (m108, rc0)
1788172627: Received PUBLISH from gatewayd-imx6ull-gateway-m6-694 (d0, q1, r0, m109, 'vehicle/imx6ull-gateway-m6/telemetry/20260831T183306p0800-m6-board-smoke', ... (7567 bytes))
1788172627: Sending PUBACK to gatewayd-imx6ull-gateway-m6-694 (m109, rc0)
1788172627: Received DISCONNECT from gatewayd-imx6ull-gateway-m6-694
1788172627: Client gatewayd-imx6ull-gateway-m6-694 [192.168.50.2:51962] disconnected.
1788172643: mosquitto version 2.1.2 terminating
