Script started on 2026-09-01 13:00:59+08:00 [<not executed on terminal>]
-- The C compiler identification is GNU 7.5.0
-- Detecting C compiler ABI info
-- Detecting C compiler ABI info - done
-- Check for working C compiler: /home/wangyizhen/projects/imx6ull-can-mqtt-gateway/ToolChain/arm-buildroot-linux-gnueabihf_sdk-buildroot/bin/arm-buildroot-linux-gnueabihf-gcc - skipped
-- Detecting C compile features
-- Detecting C compile features - done
-- Looking for pthread.h
-- Looking for pthread.h - found
-- Performing Test CMAKE_HAVE_LIBC_PTHREAD
-- Performing Test CMAKE_HAVE_LIBC_PTHREAD - Failed
-- Looking for pthread_create in pthreads
-- Looking for pthread_create in pthreads - not found
-- Looking for pthread_create in pthread
-- Looking for pthread_create in pthread - found
-- Found Threads: TRUE  
CMake Error at gateway/CMakeLists.txt:22 (message):
  M6 requires libmosquitto development files.  Install them or set
  GATEWAY_MOSQUITTO_ROOT to a matching target root.


-- Configuring incomplete, errors occurred!
See also "/home/wangyizhen/projects/imx6ull-can-mqtt-gateway/build/m8-arm-cross/CMakeFiles/CMakeOutput.log".
See also "/home/wangyizhen/projects/imx6ull-can-mqtt-gateway/build/m8-arm-cross/CMakeFiles/CMakeError.log".

Script done on 2026-09-01 13:00:59+08:00 [COMMAND_EXIT_CODE="1"]
