Script started on 2026-09-01 13:01:20+08:00 [<not executed on terminal>]

Dynamic section at offset 0xcef8 contains 28 entries:
  标记        类型                         名称/值
 0x00000001 (NEEDED)                     共享库：[libpthread.so.0]
 0x00000001 (NEEDED)                     共享库：[libmosquitto.so.1]
 0x00000001 (NEEDED)                     共享库：[libc.so.6]
 0x0000000f (RPATH)                      Library rpath: [/home/wangyizhen/projects/imx6ull-can-mqtt-gateway/build/m6-arm-private/stage/usr/lib:]
 0x0000000c (INIT)                       0x118d0
 0x0000000d (FINI)                       0x1ae9c
 0x00000019 (INIT_ARRAY)                 0x2cef0
 0x0000001b (INIT_ARRAYSZ)               4 (bytes)
 0x0000001a (FINI_ARRAY)                 0x2cef4
 0x0000001c (FINI_ARRAYSZ)               4 (bytes)
 0x00000004 (HASH)                       0x10190
 0x6ffffef5 (GNU_HASH)                   0x104b0
 0x00000005 (STRTAB)                     0x10e98
 0x00000006 (SYMTAB)                     0x10848
 0x0000000a (STRSZ)                      1477 (bytes)
 0x0000000b (SYMENT)                     16 (bytes)
 0x00000015 (DEBUG)                      0x0
 0x00000003 (PLTGOT)                     0x2d000
 0x00000002 (PLTRELSZ)                   776 (bytes)
 0x00000014 (PLTREL)                     REL
 0x00000017 (JMPREL)                     0x115c8
 0x00000011 (REL)                        0x115b8
 0x00000012 (RELSZ)                      16 (bytes)
 0x00000013 (RELENT)                     8 (bytes)
 0x6ffffffe (VERNEED)                    0x11528
 0x6fffffff (VERNEEDNUM)                 2
 0x6ffffff0 (VERSYM)                     0x1145e
 0x00000000 (NULL)                       0x0

Script done on 2026-09-01 13:01:20+08:00 [COMMAND_EXIT_CODE="0"]
