Attribute Section: aeabi
File Attributes
  Tag_CPU_name: "Cortex-A7"
  Tag_CPU_arch: v7
  Tag_CPU_arch_profile: Application
  Tag_ARM_ISA_use: Yes
  Tag_THUMB_ISA_use: Thumb-2
  Tag_FP_arch: VFPv4
  Tag_Advanced_SIMD_arch: NEONv1 with Fused-MAC
  Tag_ABI_PCS_wchar_t: 4
  Tag_ABI_FP_rounding: Needed
  Tag_ABI_FP_denormal: Needed
  Tag_ABI_FP_exceptions: Needed
  Tag_ABI_FP_number_model: IEEE 754
  Tag_ABI_align_needed: 8-byte
  Tag_ABI_align_preserved: 8-byte, except leaf SP
  Tag_ABI_enum_size: int
  Tag_ABI_VFP_args: VFP registers
  Tag_CPU_unaligned_access: v6
  Tag_MPextension_use: Allowed
  Tag_DIV_use: Allowed in v7-A with integer division extension
  Tag_Virtualization_use: TrustZone and Virtualization Extensions
