ELF 头：
  Magic：   7f 45 4c 46 01 01 01 00 00 00 00 00 00 00 00 00 
  类别:                              ELF32
  数据:                              2 补码，小端序 (little endian)
  Version:                           1 (current)
  OS/ABI:                            UNIX - System V
  ABI 版本:                          0
  类型:                              EXEC (可执行文件)
  系统架构:                          ARM
  版本:                              0x1
  入口点地址：               0x111d0
  程序头起点：          52 (bytes into file)
  Start of section headers:          65740 (bytes into file)
  标志：             0x5000400, Version5 EABI, hard-float ABI
  Size of this header:               52 (bytes)
  Size of program headers:           32 (bytes)
  Number of program headers:         9
  Size of section headers:           40 (bytes)
  Number of section headers:         37
  Section header string table index: 36

程序头：
  Type           Offset   VirtAddr   PhysAddr   FileSiz MemSiz  Flg Align
  EXIDX          0x009664 0x00019664 0x00019664 0x00008 0x00008 R   0x4
  PHDR           0x000034 0x00010034 0x00010034 0x00120 0x00120 R   0x4
  INTERP         0x000154 0x00010154 0x00010154 0x00019 0x00019 R   0x1
      [Requesting program interpreter: /lib/ld-linux-armhf.so.3]
  LOAD           0x000000 0x00010000 0x00010000 0x09670 0x09670 R E 0x10000
  LOAD           0x009f00 0x00029f00 0x00029f00 0x0020c 0x00218 RW  0x10000
  DYNAMIC        0x009f08 0x00029f08 0x00029f08 0x000f8 0x000f8 RW  0x4
  NOTE           0x000170 0x00010170 0x00010170 0x00020 0x00020 R   0x4
  GNU_STACK      0x000000 0x00000000 0x00000000 0x00000 0x00000 RW  0x10
  GNU_RELRO      0x009f00 0x00029f00 0x00029f00 0x00100 0x00100 R   0x1

 Section to Segment mapping:
  段节...
   00     .ARM.exidx 
   01     
   02     .interp 
   03     .interp .note.ABI-tag .hash .gnu.hash .dynsym .dynstr .gnu.version .gnu.version_r .rel.dyn .rel.plt .init .plt .text .fini .rodata .ARM.exidx .eh_frame 
   04     .init_array .fini_array .dynamic .got .data .bss 
   05     .dynamic 
   06     .note.ABI-tag 
   07     
   08     .init_array .fini_array .dynamic 
