./cc-version.log: OK
./changed-files.log: OK
./cmake-version.log: OK
./commands.md: OK
./dependency_audit.md: OK
./diff-stat.log: OK
./failure_history.md: OK
./git-diff-check-final.log: OK
./git-diff-check-staged.log: OK
./git-diff-check.log: OK
./manifest_correction.md: OK
./not_run.md: OK
./scan_interpretation.md: OK
./sensitive-scan-final.log: OK
./sensitive-scan.log: OK
./staged-numstat.log: OK
./status-precommit.log: OK
./status-prestage.log: OK
./test_report.md: OK
./tracked-binary-audit-final.log: OK
./tracked-binary-audit.log: OK
./uname.log: OK
