Script started on 2026-09-02 13:38:51+08:00 [<not executed on terminal>]
4	0	.gitattributes
4	2	README.md
8	0	artifacts/20260902T133021+0800-m10-spool-v2-recovery-source-audit/cc-version.log
18	0	artifacts/20260902T133021+0800-m10-spool-v2-recovery-source-audit/changed-files.log
6	0	artifacts/20260902T133021+0800-m10-spool-v2-recovery-source-audit/cmake-version.log
21	0	artifacts/20260902T133021+0800-m10-spool-v2-recovery-source-audit/commands.md
13	0	artifacts/20260902T133021+0800-m10-spool-v2-recovery-source-audit/dependency_audit.md
19	0	artifacts/20260902T133021+0800-m10-spool-v2-recovery-source-audit/diff-stat.log
9	0	artifacts/20260902T133021+0800-m10-spool-v2-recovery-source-audit/failure_history.md
3	0	artifacts/20260902T133021+0800-m10-spool-v2-recovery-source-audit/git-diff-check.log
13	0	artifacts/20260902T133021+0800-m10-spool-v2-recovery-source-audit/not_run.md
9	0	artifacts/20260902T133021+0800-m10-spool-v2-recovery-source-audit/scan_interpretation.md
29	0	artifacts/20260902T133021+0800-m10-spool-v2-recovery-source-audit/test_report.md
4	0	artifacts/20260902T133021+0800-m10-spool-v2-recovery-source-audit/uname.log
424	0	artifacts/20260902T133022+0800-m10-spool-v2-recovery-host-final/build-clean-verbose.log
18	0	artifacts/20260902T133022+0800-m10-spool-v2-recovery-host-final/commands.md
17	0	artifacts/20260902T133022+0800-m10-spool-v2-recovery-host-final/configure.log
28	0	artifacts/20260902T133022+0800-m10-spool-v2-recovery-host-final/ctest-M10.log
25	0	artifacts/20260902T133022+0800-m10-spool-v2-recovery-host-final/ctest-M7.log
20	0	artifacts/20260902T133022+0800-m10-spool-v2-recovery-host-final/ctest-M8.log
15	0	artifacts/20260902T133022+0800-m10-spool-v2-recovery-host-final/ctest-M9.log
66	0	artifacts/20260902T133022+0800-m10-spool-v2-recovery-host-final/ctest-full.log
5	0	artifacts/20260902T133022+0800-m10-spool-v2-recovery-host-final/not_run.md
16	0	artifacts/20260902T133022+0800-m10-spool-v2-recovery-host-final/test_report.md
64	0	artifacts/20260902T133023+0800-m10-spool-v2-recovery-asan-ubsan/build-clean.log
16	0	artifacts/20260902T133023+0800-m10-spool-v2-recovery-asan-ubsan/commands.md
17	0	artifacts/20260902T133023+0800-m10-spool-v2-recovery-asan-ubsan/configure.log
66	0	artifacts/20260902T133023+0800-m10-spool-v2-recovery-asan-ubsan/ctest-full.log
7	0	artifacts/20260902T133023+0800-m10-spool-v2-recovery-asan-ubsan/not_run.md
10	0	artifacts/20260902T133023+0800-m10-spool-v2-recovery-asan-ubsan/test_report.md
74	0	artifacts/20260902T133024+0800-m10-spool-v2-recovery-arm-relwithdebinfo/build-clean-verbose.log
22	0	artifacts/20260902T133024+0800-m10-spool-v2-recovery-arm-relwithdebinfo/build.log
18	0	artifacts/20260902T133024+0800-m10-spool-v2-recovery-arm-relwithdebinfo/commands.md
8	0	artifacts/20260902T133024+0800-m10-spool-v2-recovery-arm-relwithdebinfo/compiler-version.log
21	0	artifacts/20260902T133024+0800-m10-spool-v2-recovery-arm-relwithdebinfo/configure-v2.log
13	0	artifacts/20260902T133024+0800-m10-spool-v2-recovery-arm-relwithdebinfo/configure.log
4	0	artifacts/20260902T133024+0800-m10-spool-v2-recovery-arm-relwithdebinfo/file.log
5	0	artifacts/20260902T133024+0800-m10-spool-v2-recovery-arm-relwithdebinfo/input-sha256.log
8	0	artifacts/20260902T133024+0800-m10-spool-v2-recovery-arm-relwithdebinfo/not_run.md
33	0	artifacts/20260902T133024+0800-m10-spool-v2-recovery-arm-relwithdebinfo/readelf-dynamic.log
23	0	artifacts/20260902T133024+0800-m10-spool-v2-recovery-arm-relwithdebinfo/readelf-header.log
32	0	artifacts/20260902T133024+0800-m10-spool-v2-recovery-arm-relwithdebinfo/readelf-program.log
4	0	artifacts/20260902T133024+0800-m10-spool-v2-recovery-arm-relwithdebinfo/sha256-after.log
4	0	artifacts/20260902T133024+0800-m10-spool-v2-recovery-arm-relwithdebinfo/sha256-before.log
4	0	artifacts/20260902T133024+0800-m10-spool-v2-recovery-arm-relwithdebinfo/size-after.log
4	0	artifacts/20260902T133024+0800-m10-spool-v2-recovery-arm-relwithdebinfo/size-before.log
24	0	artifacts/20260902T133024+0800-m10-spool-v2-recovery-arm-relwithdebinfo/test_report.md
18	0	docs/DECISION_LOG.md
9	0	docs/OPEN_QUESTIONS.md
19	0	docs/PLANS.md
3	0	docs/PROJECT_SPEC.md
10	0	docs/RESUME_TRACEABILITY.md
9	0	docs/TEST_PLAN.md
30	0	docs/milestones/M10.md
35	2	docs/milestones/M10_SPOOL_V2_DESIGN.md
6	0	gateway/include/gateway/spool.h
21	4	gateway/src/spool.c
38	4	gateway/src/spool_v2.c
2	1	gateway/src/spool_v2_internal.h
158	0	gateway/tests/test_spool.c

Script done on 2026-09-02 13:38:51+08:00 [COMMAND_EXIT_CODE="0"]
