PASS uploaded archive SHA256
20260829T133148+0800-m2-board-loopback/result.env: Uid 不同
20260829T133148+0800-m2-board-loopback/result.env: Gid 不同
20260829T133148+0800-m2-board-loopback/can_restored.txt: Uid 不同
20260829T133148+0800-m2-board-loopback/can_restored.txt: Gid 不同
20260829T133148+0800-m2-board-loopback/restore_commands.log: Uid 不同
20260829T133148+0800-m2-board-loopback/restore_commands.log: Gid 不同
20260829T133148+0800-m2-board-loopback/can_after.txt: Uid 不同
20260829T133148+0800-m2-board-loopback/can_after.txt: Gid 不同
20260829T133148+0800-m2-board-loopback/dlc.log: Uid 不同
20260829T133148+0800-m2-board-loopback/dlc.log: Gid 不同
20260829T133148+0800-m2-board-loopback/dlc_send.log: Uid 不同
20260829T133148+0800-m2-board-loopback/dlc_send.log: Gid 不同
20260829T133148+0800-m2-board-loopback/non_target.log: Uid 不同
20260829T133148+0800-m2-board-loopback/non_target.log: Gid 不同
20260829T133148+0800-m2-board-loopback/non_target_send.log: Uid 不同
20260829T133148+0800-m2-board-loopback/non_target_send.log: Gid 不同
20260829T133148+0800-m2-board-loopback/target.log: Uid 不同
20260829T133148+0800-m2-board-loopback/target.log: Gid 不同
20260829T133148+0800-m2-board-loopback/target_send.log: Uid 不同
20260829T133148+0800-m2-board-loopback/target_send.log: Gid 不同
20260829T133148+0800-m2-board-loopback/can_loopback_up.txt: Uid 不同
20260829T133148+0800-m2-board-loopback/can_loopback_up.txt: Gid 不同
20260829T133148+0800-m2-board-loopback/can_configure.log: Uid 不同
20260829T133148+0800-m2-board-loopback/can_configure.log: Gid 不同
20260829T133148+0800-m2-board-loopback/version.log: Uid 不同
20260829T133148+0800-m2-board-loopback/version.log: Gid 不同
20260829T133148+0800-m2-board-loopback/can_before.txt: Uid 不同
20260829T133148+0800-m2-board-loopback/can_before.txt: Gid 不同
20260829T133148+0800-m2-board-loopback/board_info.txt: Uid 不同
20260829T133148+0800-m2-board-loopback/board_info.txt: Gid 不同
20260829T133148+0800-m2-board-loopback/sha256.txt: Uid 不同
20260829T133148+0800-m2-board-loopback/sha256.txt: Gid 不同
20260829T133148+0800-m2-board-loopback/sha256_error.log: Uid 不同
20260829T133148+0800-m2-board-loopback/sha256_error.log: Gid 不同
20260829T133148+0800-m2-board-loopback/console.log: Uid 不同
20260829T133148+0800-m2-board-loopback/console.log: Gid 不同
