Script started on 2026-08-29 09:18:07+08:00 [<not executed on terminal>]
[  4%] [32mBuilding C object gateway/CMakeFiles/gateway_core.dir/src/lifecycle.c.o[0m
[  9%] [32mBuilding C object gateway/CMakeFiles/gateway_core.dir/src/config.c.o[0m
[ 13%] [32mBuilding C object gateway/CMakeFiles/gateway_core.dir/src/can_receiver.c.o[0m
[ 18%] [32mBuilding C object gateway/CMakeFiles/gateway_core.dir/src/log.c.o[0m
[ 22%] [32mBuilding C object gateway/CMakeFiles/gateway_core.dir/src/error.c.o[0m
[ 27%] [32mBuilding C object gateway/CMakeFiles/gateway_core.dir/src/ring_buffer.c.o[0m
[ 31%] [32mBuilding C object gateway/CMakeFiles/gateway_core.dir/src/stats.c.o[0m
[ 36%] [32m[1mLinking C static library libgateway_core.a[0m
[ 36%] Built target gateway_core
[ 40%] [32mBuilding C object gateway/CMakeFiles/test_log.dir/tests/test_log.c.o[0m
[ 45%] [32mBuilding C object gateway/CMakeFiles/test_error_record.dir/tests/test_error_record.c.o[0m
[ 50%] [32mBuilding C object gateway/CMakeFiles/test_can_receiver.dir/tests/test_can_receiver.c.o[0m
[ 54%] [32mBuilding C object gateway/CMakeFiles/test_config.dir/tests/test_config.c.o[0m
[ 59%] [32mBuilding C object gateway/CMakeFiles/test_lifecycle.dir/tests/test_lifecycle.c.o[0m
[ 63%] [32mBuilding C object gateway/CMakeFiles/gatewayd.dir/src/main.c.o[0m
[ 68%] [32mBuilding C object gateway/CMakeFiles/test_ring_buffer.dir/tests/test_ring_buffer.c.o[0m
[ 72%] [32m[1mLinking C executable test_log[0m
[ 77%] [32m[1mLinking C executable test_error_record[0m
[ 81%] [32m[1mLinking C executable test_lifecycle[0m
[ 86%] [32m[1mLinking C executable test_config[0m
[ 90%] [32m[1mLinking C executable test_can_receiver[0m
[ 95%] [32m[1mLinking C executable gatewayd[0m
[ 95%] Built target test_log
[100%] [32m[1mLinking C executable test_ring_buffer[0m
[100%] Built target test_error_record
[100%] Built target test_lifecycle
[100%] Built target test_config
[100%] Built target test_can_receiver
[100%] Built target gatewayd
[100%] Built target test_ring_buffer

Script done on 2026-08-29 09:18:08+08:00 [COMMAND_EXIT_CODE="0"]
