Script started on 2026-09-01 15:45:13+08:00 [<not executed on terminal>]
+ readelf -rW build/m8-continuous-reconnect-fix-arm/gateway/gatewayd

重定位节 '.rel.dyn' at offset 0x15ac contains 2 entries:
 偏移量     信息    类型                  符号值      符号名称
00032198  00000215 R_ARM_GLOB_DAT         00000000   __gmon_start__
000321a8  00003314 R_ARM_COPY             000321a8   stderr@GLIBC_2.4

重定位节 '.rel.plt' at offset 0x15bc contains 99 entries:
 偏移量     信息    类型                  符号值      符号名称
0003200c  00002716 R_ARM_JUMP_SLOT        00000000   pthread_mutex_unlock@GLIBC_2.4
00032010  00004c16 R_ARM_JUMP_SLOT        00000000   calloc@GLIBC_2.4
00032014  00003b16 R_ARM_JUMP_SLOT        00000000   raise@GLIBC_2.4
00032018  00001416 R_ARM_JUMP_SLOT        00000000   mosquitto_loop_read
0003201c  00003f16 R_ARM_JUMP_SLOT        00000000   pthread_cond_broadcast@GLIBC_2.4
00032020  00004b16 R_ARM_JUMP_SLOT        00000000   gmtime_r@GLIBC_2.4
00032024  00001716 R_ARM_JUMP_SLOT        00000000   fsync@GLIBC_2.4
00032028  00000416 R_ARM_JUMP_SLOT        00000000   strcmp@GLIBC_2.4
0003202c  00003216 R_ARM_JUMP_SLOT        00000000   setsockopt@GLIBC_2.4
00032030  00002816 R_ARM_JUMP_SLOT        00000000   mosquitto_lib_cleanup
00032034  00003816 R_ARM_JUMP_SLOT        00000000   printf@GLIBC_2.4
00032038  00002a16 R_ARM_JUMP_SLOT        00000000   read@GLIBC_2.4
0003203c  00001516 R_ARM_JUMP_SLOT        00000000   pthread_mutex_destroy@GLIBC_2.4
00032040  00000916 R_ARM_JUMP_SLOT        00000000   fflush@GLIBC_2.4
00032044  00005716 R_ARM_JUMP_SLOT        00000000   free@GLIBC_2.4
00032048  00000b16 R_ARM_JUMP_SLOT        00000000   fgets@GLIBC_2.4
0003204c  00003e16 R_ARM_JUMP_SLOT        00000000   pthread_mutex_lock@GLIBC_2.4
00032050  00002d16 R_ARM_JUMP_SLOT        00000000   nanosleep@GLIBC_2.4
00032054  00004516 R_ARM_JUMP_SLOT        00000000   mosquitto_lib_version
00032058  00000816 R_ARM_JUMP_SLOT        00000000   ferror@GLIBC_2.4
0003205c  00004216 R_ARM_JUMP_SLOT        00000000   mosquitto_publish
00032060  00003916 R_ARM_JUMP_SLOT        00000000   clock_gettime@GLIBC_2.17
00032064  00005a16 R_ARM_JUMP_SLOT        00000000   memcpy@GLIBC_2.4
00032068  00005016 R_ARM_JUMP_SLOT        00000000   mosquitto_destroy
0003206c  00006316 R_ARM_JUMP_SLOT        00000000   pthread_mutex_init@GLIBC_2.4
00032070  00002c16 R_ARM_JUMP_SLOT        00000000   mosquitto_strerror
00032074  00005116 R_ARM_JUMP_SLOT        00000000   ftruncate64@GLIBC_2.4
00032078  00001916 R_ARM_JUMP_SLOT        00000000   mosquitto_disconnect
0003207c  00005316 R_ARM_JUMP_SLOT        00000000   memcmp@GLIBC_2.4
00032080  00006416 R_ARM_JUMP_SLOT        00000000   pthread_condattr_init@GLIBC_2.4
00032084  00001116 R_ARM_JUMP_SLOT        00000000   pthread_cond_init@GLIBC_2.4
00032088  00002f16 R_ARM_JUMP_SLOT        00000000   mosquitto_socket
0003208c  00000e16 R_ARM_JUMP_SLOT        00000000   unlink@GLIBC_2.4
00032090  00004616 R_ARM_JUMP_SLOT        00000000   pthread_condattr_setclock@GLIBC_2.4
00032094  00005416 R_ARM_JUMP_SLOT        00000000   mosquitto_lib_init
00032098  00005816 R_ARM_JUMP_SLOT        00000000   mosquitto_max_inflight_messages_set
0003209c  00000c16 R_ARM_JUMP_SLOT        00000000   pthread_cond_destroy@GLIBC_2.4
000320a0  00004716 R_ARM_JUMP_SLOT        00000000   mosquitto_new
000320a4  00003a16 R_ARM_JUMP_SLOT        00000000   poll@GLIBC_2.4
000320a8  00003716 R_ARM_JUMP_SLOT        00000000   __fxstat64@GLIBC_2.4
000320ac  00003616 R_ARM_JUMP_SLOT        00000000   sigaction@GLIBC_2.4
000320b0  00003116 R_ARM_JUMP_SLOT        00000000   fwrite@GLIBC_2.4
000320b4  00004416 R_ARM_JUMP_SLOT        00000000   mosquitto_connect_callback_set
000320b8  00004116 R_ARM_JUMP_SLOT        00000000   pread64@GLIBC_2.4
000320bc  00001a16 R_ARM_JUMP_SLOT        00000000   pthread_create@GLIBC_2.4
000320c0  00006016 R_ARM_JUMP_SLOT        00000000   mosquitto_disconnect_callback_set
000320c4  00001c16 R_ARM_JUMP_SLOT        00000000   open64@GLIBC_2.4
000320c8  00001816 R_ARM_JUMP_SLOT        00000000   mosquitto_loop_write
000320cc  00001216 R_ARM_JUMP_SLOT        00000000   __libc_start_main@GLIBC_2.4
000320d0  00001016 R_ARM_JUMP_SLOT        00000000   strerror@GLIBC_2.4
000320d4  00005216 R_ARM_JUMP_SLOT        00000000   epoll_ctl@GLIBC_2.4
000320d8  00000216 R_ARM_JUMP_SLOT        00000000   __gmon_start__
000320dc  00004316 R_ARM_JUMP_SLOT        00000000   pthread_condattr_destroy@GLIBC_2.4
000320e0  00004916 R_ARM_JUMP_SLOT        00000000   timerfd_create@GLIBC_2.8
000320e4  00006516 R_ARM_JUMP_SLOT        00000000   rename@GLIBC_2.4
000320e8  00001d16 R_ARM_JUMP_SLOT        00000000   __ctype_b_loc@GLIBC_2.4
000320ec  00000616 R_ARM_JUMP_SLOT        00000000   getpid@GLIBC_2.4
000320f0  00002216 R_ARM_JUMP_SLOT        00000000   feof@GLIBC_2.4
000320f4  00005c16 R_ARM_JUMP_SLOT        00000000   flock@GLIBC_2.4
000320f8  00002116 R_ARM_JUMP_SLOT        00000000   strlen@GLIBC_2.4
000320fc  00002416 R_ARM_JUMP_SLOT        00000000   strchr@GLIBC_2.4
00032100  00004816 R_ARM_JUMP_SLOT        00000000   mosquitto_connect
00032104  00005516 R_ARM_JUMP_SLOT        00000000   mosquitto_loop_misc
00032108  00001616 R_ARM_JUMP_SLOT        00000000   fprintf@GLIBC_2.4
0003210c  00001f16 R_ARM_JUMP_SLOT        00000000   __errno_location@GLIBC_2.4
00032110  00000a16 R_ARM_JUMP_SLOT        00000000   snprintf@GLIBC_2.4
00032114  00005e16 R_ARM_JUMP_SLOT        00000000   bind@GLIBC_2.4
00032118  00004f16 R_ARM_JUMP_SLOT        00000000   memset@GLIBC_2.4
0003211c  00000f16 R_ARM_JUMP_SLOT        00000000   strtoull@GLIBC_2.4
00032120  00002516 R_ARM_JUMP_SLOT        00000000   pwrite64@GLIBC_2.4
00032124  00000516 R_ARM_JUMP_SLOT        00000000   write@GLIBC_2.4
00032128  00004e16 R_ARM_JUMP_SLOT        00000000   fclose@GLIBC_2.4
0003212c  00003416 R_ARM_JUMP_SLOT        00000000   pipe@GLIBC_2.4
00032130  00002016 R_ARM_JUMP_SLOT        00000000   mosquitto_publish_callback_set
00032134  00005916 R_ARM_JUMP_SLOT        00000000   pthread_cond_timedwait@GLIBC_2.4
00032138  00006216 R_ARM_JUMP_SLOT        00000000   fcntl64@GLIBC_2.28
0003213c  00001316 R_ARM_JUMP_SLOT        00000000   epoll_wait@GLIBC_2.4
00032140  00005616 R_ARM_JUMP_SLOT        00000000   sigemptyset@GLIBC_2.4
00032144  00005b16 R_ARM_JUMP_SLOT        00000000   mosquitto_want_write
00032148  00003016 R_ARM_JUMP_SLOT        00000000   strrchr@GLIBC_2.4
0003214c  00002916 R_ARM_JUMP_SLOT        00000000   vfprintf@GLIBC_2.4
00032150  00002e16 R_ARM_JUMP_SLOT        00000000   pthread_join@GLIBC_2.4
00032154  00005d16 R_ARM_JUMP_SLOT        00000000   fputc@GLIBC_2.4
00032158  00006116 R_ARM_JUMP_SLOT        00000000   timerfd_settime@GLIBC_2.8
0003215c  00003516 R_ARM_JUMP_SLOT        00000000   vsnprintf@GLIBC_2.4
00032160  00004d16 R_ARM_JUMP_SLOT        00000000   recvmsg@GLIBC_2.4
00032164  00000716 R_ARM_JUMP_SLOT        00000000   fopen64@GLIBC_2.4
00032168  00003d16 R_ARM_JUMP_SLOT        00000000   strpbrk@GLIBC_2.4
0003216c  00006616 R_ARM_JUMP_SLOT        00000000   pthread_cond_wait@GLIBC_2.4
00032170  00005f16 R_ARM_JUMP_SLOT        00000000   socket@GLIBC_2.4
00032174  00004016 R_ARM_JUMP_SLOT        00000000   eventfd@GLIBC_2.7
00032178  00001b16 R_ARM_JUMP_SLOT        00000000   __cmsg_nxthdr@GLIBC_2.4
0003217c  00002b16 R_ARM_JUMP_SLOT        00000000   mosquitto_username_pw_set
00032180  00003c16 R_ARM_JUMP_SLOT        00000000   if_nametoindex@GLIBC_2.4
00032184  00000d16 R_ARM_JUMP_SLOT        00000000   fdatasync@GLIBC_2.4
00032188  00004a16 R_ARM_JUMP_SLOT        00000000   pthread_cond_signal@GLIBC_2.4
0003218c  00002316 R_ARM_JUMP_SLOT        00000000   abort@GLIBC_2.4
00032190  00001e16 R_ARM_JUMP_SLOT        00000000   epoll_create1@GLIBC_2.9
00032194  00002616 R_ARM_JUMP_SLOT        00000000   close@GLIBC_2.4

Script done on 2026-09-01 15:45:14+08:00 [COMMAND_EXIT_CODE="0"]
