Script started on 2026-09-01 15:45:13+08:00 [<not executed on terminal>]
+ readelf -dW build/m8-continuous-reconnect-fix-arm/gateway/gatewayd

Dynamic section at offset 0x11f00 contains 27 entries:
  标记        类型                         名称/值
 0x00000001 (NEEDED)                     共享库：[libpthread.so.0]
 0x00000001 (NEEDED)                     共享库：[libmosquitto.so.1]
 0x00000001 (NEEDED)                     共享库：[libc.so.6]
 0x0000000c (INIT)                       0x118d4
 0x0000000d (FINI)                       0x1ff4c
 0x00000019 (INIT_ARRAY)                 0x31ef8
 0x0000001b (INIT_ARRAYSZ)               4 (bytes)
 0x0000001a (FINI_ARRAY)                 0x31efc
 0x0000001c (FINI_ARRAYSZ)               4 (bytes)
 0x00000004 (HASH)                       0x10190
 0x6ffffef5 (GNU_HASH)                   0x104b8
 0x00000005 (STRTAB)                     0x10ec8
 0x00000006 (SYMTAB)                     0x10858
 0x0000000a (STRSZ)                      1411 (bytes)
 0x0000000b (SYMENT)                     16 (bytes)
 0x00000015 (DEBUG)                      0x0
 0x00000003 (PLTGOT)                     0x32000
 0x00000002 (PLTRELSZ)                   792 (bytes)
 0x00000014 (PLTREL)                     REL
 0x00000017 (JMPREL)                     0x115bc
 0x00000011 (REL)                        0x115ac
 0x00000012 (RELSZ)                      16 (bytes)
 0x00000013 (RELENT)                     8 (bytes)
 0x6ffffffe (VERNEED)                    0x1151c
 0x6fffffff (VERNEEDNUM)                 2
 0x6ffffff0 (VERSYM)                     0x1144c
 0x00000000 (NULL)                       0x0

Script done on 2026-09-01 15:45:13+08:00 [COMMAND_EXIT_CODE="0"]
