Script started on 2026-09-01 15:45:13+08:00 [<not executed on terminal>]
+ readelf -hW build/m8-continuous-reconnect-fix-arm/gateway/gatewayd
ELF 头：
  Magic：   7f 45 4c 46 01 01 01 00 00 00 00 00 00 00 00 00 
  类别:                              ELF32
  数据:                              2 补码，小端序 (little endian)
  Version:                           1 (current)
  OS/ABI:                            UNIX - System V
  ABI 版本:                          0
  类型:                              EXEC (可执行文件)
  系统架构:                          ARM
  版本:                              0x1
  入口点地址：               0x11d98
  程序头起点：          52 (bytes into file)
  Start of section headers:          196700 (bytes into file)
  标志：             0x5000400, Version5 EABI, hard-float ABI
  Size of this header:               52 (bytes)
  Size of program headers:           32 (bytes)
  Number of program headers:         9
  Size of section headers:           40 (bytes)
  Number of section headers:         37
  Section header string table index: 36

Script done on 2026-09-01 15:45:13+08:00 [COMMAND_EXIT_CODE="0"]
