Script started on 2026-09-01 15:48:47+08:00 [<not executed on terminal>]
+ git diff --cached --stat
 .../arm-binary-identity.log                        |   9 ++
 .../arm-build.log                                  |  22 ++++
 .../arm-configure.log                              |  22 ++++
 .../arm-external-api-audit.log                     |  10 ++
 .../arm-external-api-count.log                     |   9 ++
 .../arm-external-api-unique-count.log              |   5 +
 .../arm-external-api-unique-retry.log              |  11 ++
 .../arm-file.log                                   |   5 +
 .../arm-readelf-dynamic.log                        |  34 +++++++
 .../arm-readelf-header.log                         |  24 +++++
 .../arm-readelf-program-headers.log                |  33 ++++++
 .../arm-readelf-relocations.log                    | 111 +++++++++++++++++++++
 .../arm-rpath-audit.log                            |   5 +
 .../arm-toolchain-version.log                      |   9 ++
 .../artifact-file-list-before-stage.log            |  57 +++++++++++
 .../artifact-size.log                              |   5 +
 .../asan-ubsan-build.log                           |  64 ++++++++++++
 .../asan-ubsan-configure.log                       |  18 ++++
 .../asan-ubsan-ctest-m8.log                        |  20 ++++
 .../asan-ubsan-test-mqtt-reactor-direct.log        |   4 +
 .../asan-ubsan-test-mqtt-sink-direct.log           |   4 +
 .../cc-version.log                                 |   9 ++
 .../cmake-cache-audit.log                          |  30 ++++++
 .../cmake-version.log                              |   7 ++
 .../command_index.md                               |  51 ++++++++++
 .../fix-source-audit.log                           |  12 +++
 .../fresh-build-dir-check.log                      |   6 ++
 .../git-ancestor.log                               |   3 +
 .../git-diff-check-before-stage.log                |   4 +
 .../git-head.log                                   |   4 +
 .../git-show-stat.log                              |   7 ++
 .../git-status-after-pull.log                      |   9 ++
 .../git-status-before-stage.log                    |   9 ++
 .../host-build.log                                 |  64 ++++++++++++
 .../host-configure.log                             |  18 ++++
 .../host-ctest-full-sandboxed.log                  |  66 ++++++++++++
 .../host-ctest-full-unsandboxed.log                |  55 ++++++++++
 .../host-ctest-m8-unsandboxed.log                  |  20 ++++
 .../host-ctest-m8.log                              |  27 +++++
 .../host-fresh-binary-audit.log                    |  11 ++
 .../host-libmosquitto-audit.log                    |  15 +++
 .../host-test-mqtt-sink-direct-unsandboxed.log     |   4 +
 .../host-test-mqtt-sink-direct.log                 |   6 ++
 .../initial_pull.log                               |  21 ++++
 .../libmosquitto-dpkg-version.log                  |   6 ++
 .../libmosquitto-version.log                       |   8 ++
 .../make-version.log                               |  10 ++
 .../os-release.log                                 |  16 +++
 .../sensitive-scan.log                             |   6 ++
 .../source-sha256.log                              |   9 ++
 .../target-libmosquitto-audit.log                  |   8 ++
 .../test_report.md                                 |  72 +++++++++++++
 .../uname.log                                      |   5 +
 .../warning-audit.log                              |   5 +
 54 files changed, 1084 insertions(+)

Script done on 2026-09-01 15:48:47+08:00 [COMMAND_EXIT_CODE="0"]
