artifacts/20260902T094551+0800-m10-windows-profile-prep
analyzer_unit_tests.txt: 成功
authorization_and_scope.txt: 成功
commands.txt: 成功
environment.txt: 成功
git_head.txt: 成功
git_status_before.txt: 成功
hardware_tests_not_run.md: 成功
keil_target_generator_check.txt: 成功
local_time.txt: 成功
run_windows_profile_prep.ps1: 成功
sensitive_scan.txt: 成功
test_report.md: 成功
artifacts/20260902T094824+0800-m10-windows-profile-prep2
analyzer_unit_tests.txt: 成功
authorization_and_scope.txt: 成功
build_completion_recheck.ps1: 成功
build_product_sha256.txt: 成功
build_product_sha256_after_completion.txt: 成功
commands.txt: 成功
environment.txt: 成功
finalize_attempt1.ps1: 成功
git_head.txt: 成功
git_status_before.txt: 成功
hardware_tests_not_run.md: 成功
keil_exit_codes.txt: 成功
keil_log_assessment.txt: 成功
keil_m10_1000_rebuild.txt: 成功
keil_m10_111_rebuild.txt: 成功
keil_m10_500_rebuild.txt: 成功
keil_target_generator_check.txt: 成功
keil_target_settings.txt: 成功
local_time.txt: 成功
race_correction.txt: 成功
run_windows_profile_prep.ps1: 成功
sensitive_scan.txt: 成功
source_sha256.txt: 成功
test_report.md: 成功
uv4_process_after.txt: 成功
artifacts/20260902T095951+0800-m10-windows-prep-final-audit
analyzer_unit_tests.txt: 成功
archived_m4_real_capture_replay.txt: 成功
archived_m4_real_capture_summary.json: 成功
commands.txt: 成功
finalize_manifest.ps1: 成功
keil_target_generator_check.txt: 成功
local_time.txt: 成功
run_final_audit.ps1: 成功
scope.txt: 成功
syntax_and_format_checks.txt: 成功
test_report.md: 成功
artifacts/20260902T100231+0800-m10-windows-prep-final-audit2
analyzer_unit_tests.txt: 成功
archived_m4_real_capture_replay.txt: 成功
archived_m4_real_capture_summary.json: 成功
build_product_git_audit.txt: 成功
commands.txt: 成功
finalize_manifest.ps1: 成功
git_diff_check.txt: 成功
intended_commit_scope.txt: 成功
keil_dependency_tracking_audit.txt: 成功
keil_target_generator_check.txt: 成功
key_source_sha256.txt: 成功
local_time.txt: 成功
post_report_scan.ps1: 成功
previous_manifest_checks.txt: 成功
run_final_audit.ps1: 成功
scope.txt: 成功
sensitive_scan.txt: 成功
sensitive_scan_v2.txt: 成功
syntax_and_format_checks.txt: 成功
test_report.md: 成功
