[  4%] Building C object gateway/CMakeFiles/gateway_core.dir/src/error.c.o
[  9%] Building C object gateway/CMakeFiles/gateway_core.dir/src/lifecycle.c.o
[ 13%] Building C object gateway/CMakeFiles/gateway_core.dir/src/can_receiver.c.o
[ 18%] Building C object gateway/CMakeFiles/gateway_core.dir/src/config.c.o
[ 22%] Building C object gateway/CMakeFiles/gateway_core.dir/src/stats.c.o
[ 27%] Building C object gateway/CMakeFiles/gateway_core.dir/src/log.c.o
[ 31%] Building C object gateway/CMakeFiles/gateway_core.dir/src/ring_buffer.c.o
[ 36%] Linking C static library libgateway_core.a
[ 36%] Built target gateway_core
[ 40%] Building C object gateway/CMakeFiles/test_lifecycle.dir/tests/test_lifecycle.c.o
[ 45%] Building C object gateway/CMakeFiles/gatewayd.dir/src/main.c.o
[ 54%] Building C object gateway/CMakeFiles/test_config.dir/tests/test_config.c.o
[ 59%] Building C object gateway/CMakeFiles/test_can_receiver.dir/tests/test_can_receiver.c.o
[ 59%] Building C object gateway/CMakeFiles/test_log.dir/tests/test_log.c.o
[ 63%] Building C object gateway/CMakeFiles/test_error_record.dir/tests/test_error_record.c.o
[ 68%] Building C object gateway/CMakeFiles/test_ring_buffer.dir/tests/test_ring_buffer.c.o
[ 72%] Linking C executable test_log
[ 77%] Linking C executable test_lifecycle
[ 81%] Linking C executable test_error_record
[ 86%] Linking C executable gatewayd
[ 90%] Linking C executable test_config
[ 95%] Linking C executable test_ring_buffer
[ 95%] Built target test_config
[100%] Linking C executable test_can_receiver
[100%] Built target test_error_record
[100%] Built target test_lifecycle
[100%] Built target test_log
[100%] Built target gatewayd
[100%] Built target test_can_receiver
[100%] Built target test_ring_buffer
