Script started on 2026-08-29 13:15:15+08:00 [<not executed on terminal>]
ELF Header:
  Magic:   7f 45 4c 46 01 01 01 00 00 00 00 00 00 00 00 00 
  Class:                             ELF32
  Data:                              2's complement, little endian
  Version:                           1 (current)
  OS/ABI:                            UNIX - System V
  ABI Version:                       0
  Type:                              EXEC (Executable file)
  Machine:                           ARM
  Version:                           0x1
  Entry point address:               0x11078
  Start of program headers:          52 (bytes into file)
  Start of section headers:          89928 (bytes into file)
  Flags:                             0x5000400, Version5 EABI, hard-float ABI
  Size of this header:               52 (bytes)
  Size of program headers:           32 (bytes)
  Number of program headers:         9
  Size of section headers:           40 (bytes)
  Number of section headers:         37
  Section header string table index: 36

Program Headers:
  Type           Offset   VirtAddr   PhysAddr   FileSiz MemSiz  Flg Align
  EXIDX          0x006a14 0x00016a14 0x00016a14 0x00008 0x00008 R   0x4
  PHDR           0x000034 0x00010034 0x00010034 0x00120 0x00120 R   0x4
  INTERP         0x000154 0x00010154 0x00010154 0x00019 0x00019 R   0x1
      [Requesting program interpreter: /lib/ld-linux-armhf.so.3]
  LOAD           0x000000 0x00010000 0x00010000 0x06a20 0x06a20 R E 0x10000
  LOAD           0x006f00 0x00026f00 0x00026f00 0x001f4 0x00200 RW  0x10000
  DYNAMIC        0x006f08 0x00026f08 0x00026f08 0x000f8 0x000f8 RW  0x4
  NOTE           0x000170 0x00010170 0x00010170 0x00020 0x00020 R   0x4
  GNU_STACK      0x000000 0x00000000 0x00000000 0x00000 0x00000 RW  0x10
  GNU_RELRO      0x006f00 0x00026f00 0x00026f00 0x00100 0x00100 R   0x1

 Section to Segment mapping:
  Segment Sections...
   00     .ARM.exidx 
   01     
   02     .interp 
   03     .interp .note.ABI-tag .hash .gnu.hash .dynsym .dynstr .gnu.version .gnu.version_r .rel.dyn .rel.plt .init .plt .text .fini .rodata .ARM.exidx .eh_frame 
   04     .init_array .fini_array .dynamic .got .data .bss 
   05     .dynamic 
   06     .note.ABI-tag 
   07     
   08     .init_array .fini_array .dynamic 

Dynamic section at offset 0x6f08 contains 26 entries:
  Tag        Type                         Name/Value
 0x00000001 (NEEDED)                     Shared library: [libpthread.so.0]
 0x00000001 (NEEDED)                     Shared library: [libc.so.6]
 0x0000000c (INIT)                       0x10dcc
 0x0000000d (FINI)                       0x15f00
 0x00000019 (INIT_ARRAY)                 0x26f00
 0x0000001b (INIT_ARRAYSZ)               4 (bytes)
 0x0000001a (FINI_ARRAY)                 0x26f04
 0x0000001c (FINI_ARRAYSZ)               4 (bytes)
 0x00000004 (HASH)                       0x10190
 0x6ffffef5 (GNU_HASH)                   0x10314
 0x00000005 (STRTAB)                     0x10870
 0x00000006 (SYMTAB)                     0x104d0
 0x0000000a (STRSZ)                      709 (bytes)
 0x0000000b (SYMENT)                     16 (bytes)
 0x00000015 (DEBUG)                      0x0
 0x00000003 (PLTGOT)                     0x27000
 0x00000002 (PLTRELSZ)                   432 (bytes)
 0x00000014 (PLTREL)                     REL
 0x00000017 (JMPREL)                     0x10c1c
 0x00000011 (REL)                        0x10c0c
 0x00000012 (RELSZ)                      16 (bytes)
 0x00000013 (RELENT)                     8 (bytes)
 0x6ffffffe (VERNEED)                    0x10bac
 0x6fffffff (VERNEEDNUM)                 2
 0x6ffffff0 (VERSYM)                     0x10b36
 0x00000000 (NULL)                       0x0
Attribute Section: aeabi
File Attributes
  Tag_CPU_name: "Cortex-A7"
  Tag_CPU_arch: v7
  Tag_CPU_arch_profile: Application
  Tag_ARM_ISA_use: Yes
  Tag_THUMB_ISA_use: Thumb-2
  Tag_FP_arch: VFPv4
  Tag_Advanced_SIMD_arch: NEONv1 with Fused-MAC
  Tag_ABI_PCS_wchar_t: 4
  Tag_ABI_FP_rounding: Needed
  Tag_ABI_FP_denormal: Needed
  Tag_ABI_FP_exceptions: Needed
  Tag_ABI_FP_number_model: IEEE 754
  Tag_ABI_align_needed: 8-byte
  Tag_ABI_align_preserved: 8-byte, except leaf SP
  Tag_ABI_enum_size: int
  Tag_ABI_VFP_args: VFP registers
  Tag_CPU_unaligned_access: v6
  Tag_MPextension_use: Allowed
  Tag_DIV_use: Allowed in v7-A with integer division extension
  Tag_Virtualization_use: TrustZone and Virtualization Extensions

Script done on 2026-08-29 13:15:15+08:00 [COMMAND_EXIT_CODE="0"]
