Script started on 2026-09-02 13:33:45+08:00 [<not executed on terminal>]

Dynamic section at offset 0x10f00 contains 27 entries:
  Tag        Type                         Name/Value
 0x00000001 (NEEDED)                     Shared library: [libpthread.so.0]
 0x00000001 (NEEDED)                     Shared library: [libmosquitto.so.1]
 0x00000001 (NEEDED)                     Shared library: [libc.so.6]
 0x0000000c (INIT)                       0x11aac
 0x0000000d (FINI)                       0x1e8e0
 0x00000019 (INIT_ARRAY)                 0x30ef8
 0x0000001b (INIT_ARRAYSZ)               4 (bytes)
 0x0000001a (FINI_ARRAY)                 0x30efc
 0x0000001c (FINI_ARRAYSZ)               4 (bytes)
 0x00000004 (HASH)                       0x10190
 0x6ffffef5 (GNU_HASH)                   0x104e4
 0x00000005 (STRTAB)                     0x10fd0
 0x00000006 (SYMTAB)                     0x108b0
 0x0000000a (STRSZ)                      1512 (bytes)
 0x0000000b (SYMENT)                     16 (bytes)
 0x00000015 (DEBUG)                      0x0
 0x00000003 (PLTGOT)                     0x31000
 0x00000002 (PLTRELSZ)                   880 (bytes)
 0x00000014 (PLTREL)                     REL
 0x00000017 (JMPREL)                     0x1173c
 0x00000011 (REL)                        0x1172c
 0x00000012 (RELSZ)                      16 (bytes)
 0x00000013 (RELENT)                     8 (bytes)
 0x6ffffffe (VERNEED)                    0x1169c
 0x6fffffff (VERNEEDNUM)                 2
 0x6ffffff0 (VERSYM)                     0x115b8
 0x00000000 (NULL)                       0x0

Script done on 2026-09-02 13:33:45+08:00 [COMMAND_EXIT_CODE="0"]
