[  4%] Building C object gateway/CMakeFiles/gateway_core.dir/src/ring_buffer.c.o
[  8%] Building C object gateway/CMakeFiles/gateway_core.dir/src/lifecycle.c.o
[ 12%] Building C object gateway/CMakeFiles/gateway_core.dir/src/config.c.o
[ 16%] Building C object gateway/CMakeFiles/gateway_core.dir/src/stats.c.o
[ 24%] Building C object gateway/CMakeFiles/gateway_core.dir/src/can_receiver.c.o
[ 24%] Building C object gateway/CMakeFiles/gateway_core.dir/src/log.c.o
[ 28%] Building C object gateway/CMakeFiles/gateway_core.dir/src/error.c.o
[ 32%] Building C object gateway/CMakeFiles/gateway_core.dir/src/vehicle_decoder.c.o
[ 36%] Linking C static library libgateway_core.a
[ 36%] Built target gateway_core
[ 40%] Building C object gateway/CMakeFiles/test_error_record.dir/tests/test_error_record.c.o
[ 44%] Building C object gateway/CMakeFiles/gatewayd.dir/src/main.c.o
[ 48%] Building C object gateway/CMakeFiles/test_config.dir/tests/test_config.c.o
[ 52%] Building C object gateway/CMakeFiles/test_lifecycle.dir/tests/test_lifecycle.c.o
[ 56%] Building C object gateway/CMakeFiles/test_vehicle_decoder.dir/tests/test_vehicle_decoder.c.o
[ 64%] Building C object gateway/CMakeFiles/test_log.dir/tests/test_log.c.o
[ 64%] Building C object gateway/CMakeFiles/test_can_receiver.dir/tests/test_can_receiver.c.o
[ 68%] Building C object gateway/CMakeFiles/test_ring_buffer.dir/tests/test_ring_buffer.c.o
[ 72%] Linking C executable test_config
[ 76%] Linking C executable test_error_record
[ 80%] Linking C executable test_lifecycle
[ 84%] Linking C executable test_can_receiver
[ 88%] Linking C executable test_log
[ 92%] Linking C executable test_vehicle_decoder
[ 96%] Linking C executable gatewayd
[100%] Built target test_error_record
[100%] Linking C executable test_ring_buffer
[100%] Built target test_lifecycle
[100%] Built target test_config
[100%] Built target test_vehicle_decoder
[100%] Built target test_log
[100%] Built target test_can_receiver
[100%] Built target gatewayd
[100%] Built target test_ring_buffer
