1788232769: mosquitto version 2.1.2 starting
1788232769: Config loaded from E:\imx6ull-can-mqtt-gateway\imx6ull-can-mqtt-gateway\artifacts\20260901T105414+0800-m7-lan-recovery-gate2\private_raw\windows-phase2\mosquitto.conf.
1788232769: Bridge support available.
1788232769: Persistence support available.
1788232769: TLS support available.
1788232769: TLS-PSK support available.
1788232769: Websockets support available.
1788232769: Opening ipv4 listen socket on port 18884.
1788232769: mosquitto version 2.1.2 running
1788232770: New connection from <REDACTED_LAN_ADDRESS>:51365 on port 18884.
1788232770: New client connected from <REDACTED_LAN_ADDRESS>:51365 as m7-win-sub-phase2-20260901T105414 (p4, c1, k60).
1788232770: No will message specified.
1788232770: Sending CONNACK to m7-win-sub-phase2-20260901T105414 (0, 0)
1788232770: Received SUBSCRIBE from m7-win-sub-phase2-20260901T105414
1788232770: 	test/m7/20260901T105414/recovery (QoS 1)
1788232770: m7-win-sub-phase2-20260901T105414 1 test/m7/20260901T105414/recovery
1788232770: Sending SUBACK to m7-win-sub-phase2-20260901T105414
1788232829: Received PINGREQ from m7-win-sub-phase2-20260901T105414
1788232829: Sending PINGRESP to m7-win-sub-phase2-20260901T105414
1788232887: New connection from <REDACTED_TARGET_ADDRESS>:51982 on port 18884.
1788232887: New client connected from <REDACTED_TARGET_ADDRESS>:51982 as gatewayd-m7-gateway-20260901-105414-1926 (p4, c1, k60).
1788232887: No will message specified.
1788232887: Sending CONNACK to gatewayd-m7-gateway-20260901-105414-1926 (0, 0)
1788232887: Received PUBLISH from gatewayd-m7-gateway-20260901-105414-1926 (d0, q1, r0, m1, 'test/m7/20260901T105414/recovery', ... (54061 bytes))
1788232887: Sending PUBLISH to m7-win-sub-phase2-20260901T105414 (d0, q1, r0, m1, 'test/m7/20260901T105414/recovery', ... (54061 bytes))
1788232887: Sending PUBACK to gatewayd-m7-gateway-20260901-105414-1926 (m1, rc0)
1788232887: Received PUBACK from m7-win-sub-phase2-20260901T105414 (Mid: 1, RC:0)
1788232887: Received PUBLISH from gatewayd-m7-gateway-20260901-105414-1926 (d0, q1, r0, m2, 'test/m7/20260901T105414/recovery', ... (54065 bytes))
1788232887: Sending PUBLISH to m7-win-sub-phase2-20260901T105414 (d0, q1, r0, m2, 'test/m7/20260901T105414/recovery', ... (54065 bytes))
1788232887: Sending PUBACK to gatewayd-m7-gateway-20260901-105414-1926 (m2, rc0)
1788232887: Received PUBACK from m7-win-sub-phase2-20260901T105414 (Mid: 2, RC:0)
1788232887: Received PUBLISH from gatewayd-m7-gateway-20260901-105414-1926 (d0, q1, r0, m3, 'test/m7/20260901T105414/recovery', ... (54036 bytes))
1788232887: Sending PUBLISH to m7-win-sub-phase2-20260901T105414 (d0, q1, r0, m3, 'test/m7/20260901T105414/recovery', ... (54036 bytes))
1788232887: Sending PUBACK to gatewayd-m7-gateway-20260901-105414-1926 (m3, rc0)
1788232887: Received PUBACK from m7-win-sub-phase2-20260901T105414 (Mid: 3, RC:0)
1788232887: Received PUBLISH from gatewayd-m7-gateway-20260901-105414-1926 (d0, q1, r0, m4, 'test/m7/20260901T105414/recovery', ... (54039 bytes))
1788232887: Sending PUBLISH to m7-win-sub-phase2-20260901T105414 (d0, q1, r0, m4, 'test/m7/20260901T105414/recovery', ... (54039 bytes))
1788232887: Sending PUBACK to gatewayd-m7-gateway-20260901-105414-1926 (m4, rc0)
1788232887: Received PUBACK from m7-win-sub-phase2-20260901T105414 (Mid: 4, RC:0)
1788232888: Received PUBLISH from gatewayd-m7-gateway-20260901-105414-1926 (d0, q1, r0, m5, 'test/m7/20260901T105414/recovery', ... (54059 bytes))
1788232888: Sending PUBLISH to m7-win-sub-phase2-20260901T105414 (d0, q1, r0, m5, 'test/m7/20260901T105414/recovery', ... (54059 bytes))
1788232888: Sending PUBACK to gatewayd-m7-gateway-20260901-105414-1926 (m5, rc0)
1788232888: Received PUBACK from m7-win-sub-phase2-20260901T105414 (Mid: 5, RC:0)
1788232888: Received PUBLISH from gatewayd-m7-gateway-20260901-105414-1926 (d0, q1, r0, m6, 'test/m7/20260901T105414/recovery', ... (54059 bytes))
1788232888: Sending PUBLISH to m7-win-sub-phase2-20260901T105414 (d0, q1, r0, m6, 'test/m7/20260901T105414/recovery', ... (54059 bytes))
1788232888: Sending PUBACK to gatewayd-m7-gateway-20260901-105414-1926 (m6, rc0)
1788232888: Received PUBACK from m7-win-sub-phase2-20260901T105414 (Mid: 6, RC:0)
1788232888: Received PUBLISH from gatewayd-m7-gateway-20260901-105414-1926 (d0, q1, r0, m7, 'test/m7/20260901T105414/recovery', ... (54059 bytes))
1788232888: Sending PUBLISH to m7-win-sub-phase2-20260901T105414 (d0, q1, r0, m7, 'test/m7/20260901T105414/recovery', ... (54059 bytes))
1788232888: Sending PUBACK to gatewayd-m7-gateway-20260901-105414-1926 (m7, rc0)
1788232888: Received PUBACK from m7-win-sub-phase2-20260901T105414 (Mid: 7, RC:0)
1788232888: Received PUBLISH from gatewayd-m7-gateway-20260901-105414-1926 (d0, q1, r0, m8, 'test/m7/20260901T105414/recovery', ... (54061 bytes))
1788232888: Sending PUBLISH to m7-win-sub-phase2-20260901T105414 (d0, q1, r0, m8, 'test/m7/20260901T105414/recovery', ... (54061 bytes))
1788232888: Sending PUBACK to gatewayd-m7-gateway-20260901-105414-1926 (m8, rc0)
1788232888: Received PUBACK from m7-win-sub-phase2-20260901T105414 (Mid: 8, RC:0)
1788232888: Received PUBLISH from gatewayd-m7-gateway-20260901-105414-1926 (d0, q1, r0, m9, 'test/m7/20260901T105414/recovery', ... (54085 bytes))
1788232888: Sending PUBLISH to m7-win-sub-phase2-20260901T105414 (d0, q1, r0, m9, 'test/m7/20260901T105414/recovery', ... (54085 bytes))
1788232888: Sending PUBACK to gatewayd-m7-gateway-20260901-105414-1926 (m9, rc0)
1788232888: Received PUBACK from m7-win-sub-phase2-20260901T105414 (Mid: 9, RC:0)
1788232888: Received PUBLISH from gatewayd-m7-gateway-20260901-105414-1926 (d0, q1, r0, m10, 'test/m7/20260901T105414/recovery', ... (54084 bytes))
1788232888: Sending PUBLISH to m7-win-sub-phase2-20260901T105414 (d0, q1, r0, m10, 'test/m7/20260901T105414/recovery', ... (54084 bytes))
1788232888: Sending PUBACK to gatewayd-m7-gateway-20260901-105414-1926 (m10, rc0)
1788232888: Received PUBACK from m7-win-sub-phase2-20260901T105414 (Mid: 10, RC:0)
1788232888: Received PUBLISH from gatewayd-m7-gateway-20260901-105414-1926 (d0, q1, r0, m11, 'test/m7/20260901T105414/recovery', ... (54067 bytes))
1788232888: Sending PUBLISH to m7-win-sub-phase2-20260901T105414 (d0, q1, r0, m11, 'test/m7/20260901T105414/recovery', ... (54067 bytes))
1788232888: Sending PUBACK to gatewayd-m7-gateway-20260901-105414-1926 (m11, rc0)
1788232888: Received PUBACK from m7-win-sub-phase2-20260901T105414 (Mid: 11, RC:0)
1788232888: Received PUBLISH from gatewayd-m7-gateway-20260901-105414-1926 (d0, q1, r0, m12, 'test/m7/20260901T105414/recovery', ... (54066 bytes))
1788232888: Sending PUBLISH to m7-win-sub-phase2-20260901T105414 (d0, q1, r0, m12, 'test/m7/20260901T105414/recovery', ... (54066 bytes))
1788232888: Sending PUBACK to gatewayd-m7-gateway-20260901-105414-1926 (m12, rc0)
1788232888: Received PUBACK from m7-win-sub-phase2-20260901T105414 (Mid: 12, RC:0)
1788232889: Received PUBLISH from gatewayd-m7-gateway-20260901-105414-1926 (d0, q1, r0, m13, 'test/m7/20260901T105414/recovery', ... (54036 bytes))
1788232889: Sending PUBLISH to m7-win-sub-phase2-20260901T105414 (d0, q1, r0, m13, 'test/m7/20260901T105414/recovery', ... (54036 bytes))
1788232889: Sending PUBACK to gatewayd-m7-gateway-20260901-105414-1926 (m13, rc0)
1788232889: Received PUBACK from m7-win-sub-phase2-20260901T105414 (Mid: 13, RC:0)
1788232889: Received PUBLISH from gatewayd-m7-gateway-20260901-105414-1926 (d0, q1, r0, m14, 'test/m7/20260901T105414/recovery', ... (54036 bytes))
1788232889: Sending PUBLISH to m7-win-sub-phase2-20260901T105414 (d0, q1, r0, m14, 'test/m7/20260901T105414/recovery', ... (54036 bytes))
1788232889: Sending PUBACK to gatewayd-m7-gateway-20260901-105414-1926 (m14, rc0)
1788232889: Received PUBACK from m7-win-sub-phase2-20260901T105414 (Mid: 14, RC:0)
1788232889: Received PUBLISH from gatewayd-m7-gateway-20260901-105414-1926 (d0, q1, r0, m15, 'test/m7/20260901T105414/recovery', ... (54037 bytes))
1788232889: Sending PUBLISH to m7-win-sub-phase2-20260901T105414 (d0, q1, r0, m15, 'test/m7/20260901T105414/recovery', ... (54037 bytes))
1788232889: Sending PUBACK to gatewayd-m7-gateway-20260901-105414-1926 (m15, rc0)
1788232889: Received PUBACK from m7-win-sub-phase2-20260901T105414 (Mid: 15, RC:0)
1788232889: Received PUBLISH from gatewayd-m7-gateway-20260901-105414-1926 (d0, q1, r0, m16, 'test/m7/20260901T105414/recovery', ... (54059 bytes))
1788232889: Sending PUBLISH to m7-win-sub-phase2-20260901T105414 (d0, q1, r0, m16, 'test/m7/20260901T105414/recovery', ... (54059 bytes))
1788232889: Sending PUBACK to gatewayd-m7-gateway-20260901-105414-1926 (m16, rc0)
1788232889: Received PUBACK from m7-win-sub-phase2-20260901T105414 (Mid: 16, RC:0)
1788232889: Received PUBLISH from gatewayd-m7-gateway-20260901-105414-1926 (d0, q1, r0, m17, 'test/m7/20260901T105414/recovery', ... (54059 bytes))
1788232889: Sending PUBLISH to m7-win-sub-phase2-20260901T105414 (d0, q1, r0, m17, 'test/m7/20260901T105414/recovery', ... (54059 bytes))
1788232889: Sending PUBACK to gatewayd-m7-gateway-20260901-105414-1926 (m17, rc0)
1788232889: Received PUBACK from m7-win-sub-phase2-20260901T105414 (Mid: 17, RC:0)
1788232889: Received PUBLISH from gatewayd-m7-gateway-20260901-105414-1926 (d0, q1, r0, m18, 'test/m7/20260901T105414/recovery', ... (54059 bytes))
1788232889: Sending PUBLISH to m7-win-sub-phase2-20260901T105414 (d0, q1, r0, m18, 'test/m7/20260901T105414/recovery', ... (54059 bytes))
1788232889: Sending PUBACK to gatewayd-m7-gateway-20260901-105414-1926 (m18, rc0)
1788232889: Received PUBACK from m7-win-sub-phase2-20260901T105414 (Mid: 18, RC:0)
1788232889: Received PUBLISH from gatewayd-m7-gateway-20260901-105414-1926 (d0, q1, r0, m19, 'test/m7/20260901T105414/recovery', ... (54085 bytes))
1788232889: Sending PUBLISH to m7-win-sub-phase2-20260901T105414 (d0, q1, r0, m19, 'test/m7/20260901T105414/recovery', ... (54085 bytes))
1788232889: Sending PUBACK to gatewayd-m7-gateway-20260901-105414-1926 (m19, rc0)
1788232889: Received PUBACK from m7-win-sub-phase2-20260901T105414 (Mid: 19, RC:0)
1788232890: Received PUBLISH from gatewayd-m7-gateway-20260901-105414-1926 (d0, q1, r0, m20, 'test/m7/20260901T105414/recovery', ... (54084 bytes))
1788232890: Sending PUBLISH to m7-win-sub-phase2-20260901T105414 (d0, q1, r0, m20, 'test/m7/20260901T105414/recovery', ... (54084 bytes))
1788232890: Sending PUBACK to gatewayd-m7-gateway-20260901-105414-1926 (m20, rc0)
1788232890: Received PUBACK from m7-win-sub-phase2-20260901T105414 (Mid: 20, RC:0)
1788232890: Received PUBLISH from gatewayd-m7-gateway-20260901-105414-1926 (d0, q1, r0, m21, 'test/m7/20260901T105414/recovery', ... (54326 bytes))
1788232890: Sending PUBLISH to m7-win-sub-phase2-20260901T105414 (d0, q1, r0, m21, 'test/m7/20260901T105414/recovery', ... (54326 bytes))
1788232890: Sending PUBACK to gatewayd-m7-gateway-20260901-105414-1926 (m21, rc0)
1788232890: Received PUBACK from m7-win-sub-phase2-20260901T105414 (Mid: 21, RC:0)
1788232890: Received PUBLISH from gatewayd-m7-gateway-20260901-105414-1926 (d0, q1, r0, m22, 'test/m7/20260901T105414/recovery', ... (54339 bytes))
1788232890: Sending PUBLISH to m7-win-sub-phase2-20260901T105414 (d0, q1, r0, m22, 'test/m7/20260901T105414/recovery', ... (54339 bytes))
1788232890: Sending PUBACK to gatewayd-m7-gateway-20260901-105414-1926 (m22, rc0)
1788232890: Received PUBACK from m7-win-sub-phase2-20260901T105414 (Mid: 22, RC:0)
1788232890: Received PUBLISH from gatewayd-m7-gateway-20260901-105414-1926 (d0, q1, r0, m23, 'test/m7/20260901T105414/recovery', ... (54290 bytes))
1788232890: Sending PUBLISH to m7-win-sub-phase2-20260901T105414 (d0, q1, r0, m23, 'test/m7/20260901T105414/recovery', ... (54290 bytes))
1788232890: Sending PUBACK to gatewayd-m7-gateway-20260901-105414-1926 (m23, rc0)
1788232890: Received PUBACK from m7-win-sub-phase2-20260901T105414 (Mid: 23, RC:0)
1788232890: Received PUBLISH from gatewayd-m7-gateway-20260901-105414-1926 (d0, q1, r0, m24, 'test/m7/20260901T105414/recovery', ... (54294 bytes))
1788232890: Sending PUBLISH to m7-win-sub-phase2-20260901T105414 (d0, q1, r0, m24, 'test/m7/20260901T105414/recovery', ... (54294 bytes))
1788232890: Sending PUBACK to gatewayd-m7-gateway-20260901-105414-1926 (m24, rc0)
1788232890: Received PUBACK from m7-win-sub-phase2-20260901T105414 (Mid: 24, RC:0)
1788232890: Received PUBLISH from gatewayd-m7-gateway-20260901-105414-1926 (d0, q1, r0, m25, 'test/m7/20260901T105414/recovery', ... (54294 bytes))
1788232890: Sending PUBLISH to m7-win-sub-phase2-20260901T105414 (d0, q1, r0, m25, 'test/m7/20260901T105414/recovery', ... (54294 bytes))
1788232890: Sending PUBACK to gatewayd-m7-gateway-20260901-105414-1926 (m25, rc0)
1788232890: Received PUBACK from m7-win-sub-phase2-20260901T105414 (Mid: 25, RC:0)
1788232890: Received PUBLISH from gatewayd-m7-gateway-20260901-105414-1926 (d0, q1, r0, m26, 'test/m7/20260901T105414/recovery', ... (54294 bytes))
1788232890: Sending PUBLISH to m7-win-sub-phase2-20260901T105414 (d0, q1, r0, m26, 'test/m7/20260901T105414/recovery', ... (54294 bytes))
1788232890: Sending PUBACK to gatewayd-m7-gateway-20260901-105414-1926 (m26, rc0)
1788232890: Received PUBACK from m7-win-sub-phase2-20260901T105414 (Mid: 26, RC:0)
1788232890: Received PUBLISH from gatewayd-m7-gateway-20260901-105414-1926 (d0, q1, r0, m27, 'test/m7/20260901T105414/recovery', ... (54315 bytes))
1788232890: Sending PUBLISH to m7-win-sub-phase2-20260901T105414 (d0, q1, r0, m27, 'test/m7/20260901T105414/recovery', ... (54315 bytes))
1788232890: Sending PUBACK to gatewayd-m7-gateway-20260901-105414-1926 (m27, rc0)
1788232890: Received PUBACK from m7-win-sub-phase2-20260901T105414 (Mid: 27, RC:0)
1788232891: Received PUBLISH from gatewayd-m7-gateway-20260901-105414-1926 (d0, q1, r0, m28, 'test/m7/20260901T105414/recovery', ... (54317 bytes))
1788232891: Sending PUBLISH to m7-win-sub-phase2-20260901T105414 (d0, q1, r0, m28, 'test/m7/20260901T105414/recovery', ... (54317 bytes))
1788232891: Sending PUBACK to gatewayd-m7-gateway-20260901-105414-1926 (m28, rc0)
1788232891: Received PUBACK from m7-win-sub-phase2-20260901T105414 (Mid: 28, RC:0)
1788232891: Received PUBLISH from gatewayd-m7-gateway-20260901-105414-1926 (d0, q1, r0, m29, 'test/m7/20260901T105414/recovery', ... (54341 bytes))
1788232891: Sending PUBLISH to m7-win-sub-phase2-20260901T105414 (d0, q1, r0, m29, 'test/m7/20260901T105414/recovery', ... (54341 bytes))
1788232891: Sending PUBACK to gatewayd-m7-gateway-20260901-105414-1926 (m29, rc0)
1788232891: Received PUBACK from m7-win-sub-phase2-20260901T105414 (Mid: 29, RC:0)
1788232891: Received PUBLISH from gatewayd-m7-gateway-20260901-105414-1926 (d0, q1, r0, m30, 'test/m7/20260901T105414/recovery', ... (54342 bytes))
1788232891: Sending PUBLISH to m7-win-sub-phase2-20260901T105414 (d0, q1, r0, m30, 'test/m7/20260901T105414/recovery', ... (54342 bytes))
1788232891: Sending PUBACK to gatewayd-m7-gateway-20260901-105414-1926 (m30, rc0)
1788232891: Received PUBACK from m7-win-sub-phase2-20260901T105414 (Mid: 30, RC:0)
1788232891: Received PUBLISH from gatewayd-m7-gateway-20260901-105414-1926 (d0, q1, r0, m31, 'test/m7/20260901T105414/recovery', ... (54342 bytes))
1788232891: Sending PUBLISH to m7-win-sub-phase2-20260901T105414 (d0, q1, r0, m31, 'test/m7/20260901T105414/recovery', ... (54342 bytes))
1788232891: Sending PUBACK to gatewayd-m7-gateway-20260901-105414-1926 (m31, rc0)
1788232891: Received PUBACK from m7-win-sub-phase2-20260901T105414 (Mid: 31, RC:0)
1788232891: Received PUBLISH from gatewayd-m7-gateway-20260901-105414-1926 (d0, q1, r0, m32, 'test/m7/20260901T105414/recovery', ... (54353 bytes))
1788232891: Sending PUBLISH to m7-win-sub-phase2-20260901T105414 (d0, q1, r0, m32, 'test/m7/20260901T105414/recovery', ... (54353 bytes))
1788232891: Sending PUBACK to gatewayd-m7-gateway-20260901-105414-1926 (m32, rc0)
1788232891: Received PUBACK from m7-win-sub-phase2-20260901T105414 (Mid: 32, RC:0)
1788232891: Received PUBLISH from gatewayd-m7-gateway-20260901-105414-1926 (d0, q1, r0, m33, 'test/m7/20260901T105414/recovery', ... (54309 bytes))
1788232891: Sending PUBLISH to m7-win-sub-phase2-20260901T105414 (d0, q1, r0, m33, 'test/m7/20260901T105414/recovery', ... (54309 bytes))
1788232891: Sending PUBACK to gatewayd-m7-gateway-20260901-105414-1926 (m33, rc0)
1788232891: Received PUBACK from m7-win-sub-phase2-20260901T105414 (Mid: 33, RC:0)
1788232891: Received PUBLISH from gatewayd-m7-gateway-20260901-105414-1926 (d0, q1, r0, m34, 'test/m7/20260901T105414/recovery', ... (54288 bytes))
1788232891: Sending PUBLISH to m7-win-sub-phase2-20260901T105414 (d0, q1, r0, m34, 'test/m7/20260901T105414/recovery', ... (54288 bytes))
1788232891: Sending PUBACK to gatewayd-m7-gateway-20260901-105414-1926 (m34, rc0)
1788232891: Received PUBACK from m7-win-sub-phase2-20260901T105414 (Mid: 34, RC:0)
1788232891: Received PUBLISH from gatewayd-m7-gateway-20260901-105414-1926 (d0, q1, r0, m35, 'test/m7/20260901T105414/recovery', ... (54294 bytes))
1788232891: Sending PUBLISH to m7-win-sub-phase2-20260901T105414 (d0, q1, r0, m35, 'test/m7/20260901T105414/recovery', ... (54294 bytes))
1788232891: Sending PUBACK to gatewayd-m7-gateway-20260901-105414-1926 (m35, rc0)
1788232891: Received PUBACK from m7-win-sub-phase2-20260901T105414 (Mid: 35, RC:0)
1788232892: Received PUBLISH from gatewayd-m7-gateway-20260901-105414-1926 (d0, q1, r0, m36, 'test/m7/20260901T105414/recovery', ... (54294 bytes))
1788232892: Sending PUBLISH to m7-win-sub-phase2-20260901T105414 (d0, q1, r0, m36, 'test/m7/20260901T105414/recovery', ... (54294 bytes))
1788232892: Sending PUBACK to gatewayd-m7-gateway-20260901-105414-1926 (m36, rc0)
1788232892: Received PUBACK from m7-win-sub-phase2-20260901T105414 (Mid: 36, RC:0)
1788232892: Received PUBLISH from gatewayd-m7-gateway-20260901-105414-1926 (d0, q1, r0, m37, 'test/m7/20260901T105414/recovery', ... (54294 bytes))
1788232892: Sending PUBLISH to m7-win-sub-phase2-20260901T105414 (d0, q1, r0, m37, 'test/m7/20260901T105414/recovery', ... (54294 bytes))
1788232892: Sending PUBACK to gatewayd-m7-gateway-20260901-105414-1926 (m37, rc0)
1788232892: Received PUBACK from m7-win-sub-phase2-20260901T105414 (Mid: 37, RC:0)
1788232892: Received PUBLISH from gatewayd-m7-gateway-20260901-105414-1926 (d0, q1, r0, m38, 'test/m7/20260901T105414/recovery', ... (54313 bytes))
1788232892: Sending PUBLISH to m7-win-sub-phase2-20260901T105414 (d0, q1, r0, m38, 'test/m7/20260901T105414/recovery', ... (54313 bytes))
1788232892: Sending PUBACK to gatewayd-m7-gateway-20260901-105414-1926 (m38, rc0)
1788232892: Received PUBACK from m7-win-sub-phase2-20260901T105414 (Mid: 38, RC:0)
1788232892: Received PUBLISH from gatewayd-m7-gateway-20260901-105414-1926 (d0, q1, r0, m39, 'test/m7/20260901T105414/recovery', ... (54338 bytes))
1788232892: Sending PUBLISH to m7-win-sub-phase2-20260901T105414 (d0, q1, r0, m39, 'test/m7/20260901T105414/recovery', ... (54338 bytes))
1788232892: Sending PUBACK to gatewayd-m7-gateway-20260901-105414-1926 (m39, rc0)
1788232892: Received PUBACK from m7-win-sub-phase2-20260901T105414 (Mid: 39, RC:0)
1788232892: Received PUBLISH from gatewayd-m7-gateway-20260901-105414-1926 (d0, q1, r0, m40, 'test/m7/20260901T105414/recovery', ... (54342 bytes))
1788232892: Sending PUBLISH to m7-win-sub-phase2-20260901T105414 (d0, q1, r0, m40, 'test/m7/20260901T105414/recovery', ... (54342 bytes))
1788232892: Sending PUBACK to gatewayd-m7-gateway-20260901-105414-1926 (m40, rc0)
1788232892: Received PUBACK from m7-win-sub-phase2-20260901T105414 (Mid: 40, RC:0)
1788232892: Received PUBLISH from gatewayd-m7-gateway-20260901-105414-1926 (d0, q1, r0, m41, 'test/m7/20260901T105414/recovery', ... (54342 bytes))
1788232892: Sending PUBLISH to m7-win-sub-phase2-20260901T105414 (d0, q1, r0, m41, 'test/m7/20260901T105414/recovery', ... (54342 bytes))
1788232892: Sending PUBACK to gatewayd-m7-gateway-20260901-105414-1926 (m41, rc0)
1788232892: Received PUBACK from m7-win-sub-phase2-20260901T105414 (Mid: 41, RC:0)
1788232892: Received PUBLISH from gatewayd-m7-gateway-20260901-105414-1926 (d0, q1, r0, m42, 'test/m7/20260901T105414/recovery', ... (54350 bytes))
1788232892: Sending PUBLISH to m7-win-sub-phase2-20260901T105414 (d0, q1, r0, m42, 'test/m7/20260901T105414/recovery', ... (54350 bytes))
1788232892: Sending PUBACK to gatewayd-m7-gateway-20260901-105414-1926 (m42, rc0)
1788232892: Received PUBACK from m7-win-sub-phase2-20260901T105414 (Mid: 42, RC:0)
1788232893: Received PUBLISH from gatewayd-m7-gateway-20260901-105414-1926 (d0, q1, r0, m43, 'test/m7/20260901T105414/recovery', ... (54323 bytes))
1788232893: Sending PUBLISH to m7-win-sub-phase2-20260901T105414 (d0, q1, r0, m43, 'test/m7/20260901T105414/recovery', ... (54323 bytes))
1788232893: Sending PUBACK to gatewayd-m7-gateway-20260901-105414-1926 (m43, rc0)
1788232893: Received PUBACK from m7-win-sub-phase2-20260901T105414 (Mid: 43, RC:0)
1788232893: Received PUBLISH from gatewayd-m7-gateway-20260901-105414-1926 (d0, q1, r0, m44, 'test/m7/20260901T105414/recovery', ... (54311 bytes))
1788232893: Sending PUBLISH to m7-win-sub-phase2-20260901T105414 (d0, q1, r0, m44, 'test/m7/20260901T105414/recovery', ... (54311 bytes))
1788232893: Sending PUBACK to gatewayd-m7-gateway-20260901-105414-1926 (m44, rc0)
1788232893: Received PUBACK from m7-win-sub-phase2-20260901T105414 (Mid: 44, RC:0)
1788232893: Received PUBLISH from gatewayd-m7-gateway-20260901-105414-1926 (d0, q1, r0, m45, 'test/m7/20260901T105414/recovery', ... (54280 bytes))
1788232893: Sending PUBLISH to m7-win-sub-phase2-20260901T105414 (d0, q1, r0, m45, 'test/m7/20260901T105414/recovery', ... (54280 bytes))
1788232893: Sending PUBACK to gatewayd-m7-gateway-20260901-105414-1926 (m45, rc0)
1788232893: Received PUBACK from m7-win-sub-phase2-20260901T105414 (Mid: 45, RC:0)
1788232893: Received PUBLISH from gatewayd-m7-gateway-20260901-105414-1926 (d0, q1, r0, m46, 'test/m7/20260901T105414/recovery', ... (54290 bytes))
1788232893: Sending PUBLISH to m7-win-sub-phase2-20260901T105414 (d0, q1, r0, m46, 'test/m7/20260901T105414/recovery', ... (54290 bytes))
1788232893: Sending PUBACK to gatewayd-m7-gateway-20260901-105414-1926 (m46, rc0)
1788232893: Received PUBACK from m7-win-sub-phase2-20260901T105414 (Mid: 46, RC:0)
1788232893: Received PUBLISH from gatewayd-m7-gateway-20260901-105414-1926 (d0, q1, r0, m47, 'test/m7/20260901T105414/recovery', ... (54290 bytes))
1788232893: Sending PUBLISH to m7-win-sub-phase2-20260901T105414 (d0, q1, r0, m47, 'test/m7/20260901T105414/recovery', ... (54290 bytes))
1788232893: Sending PUBACK to gatewayd-m7-gateway-20260901-105414-1926 (m47, rc0)
1788232893: Received PUBACK from m7-win-sub-phase2-20260901T105414 (Mid: 47, RC:0)
1788232893: Received PUBLISH from gatewayd-m7-gateway-20260901-105414-1926 (d0, q1, r0, m48, 'test/m7/20260901T105414/recovery', ... (54289 bytes))
1788232893: Sending PUBLISH to m7-win-sub-phase2-20260901T105414 (d0, q1, r0, m48, 'test/m7/20260901T105414/recovery', ... (54289 bytes))
1788232893: Sending PUBACK to gatewayd-m7-gateway-20260901-105414-1926 (m48, rc0)
1788232893: Received PUBACK from m7-win-sub-phase2-20260901T105414 (Mid: 48, RC:0)
1788232893: Received PUBLISH from gatewayd-m7-gateway-20260901-105414-1926 (d0, q1, r0, m49, 'test/m7/20260901T105414/recovery', ... (54328 bytes))
1788232893: Sending PUBLISH to m7-win-sub-phase2-20260901T105414 (d0, q1, r0, m49, 'test/m7/20260901T105414/recovery', ... (54328 bytes))
1788232893: Sending PUBACK to gatewayd-m7-gateway-20260901-105414-1926 (m49, rc0)
1788232893: Received PUBACK from m7-win-sub-phase2-20260901T105414 (Mid: 49, RC:0)
1788232893: Received PUBLISH from gatewayd-m7-gateway-20260901-105414-1926 (d0, q1, r0, m50, 'test/m7/20260901T105414/recovery', ... (54340 bytes))
1788232893: Sending PUBLISH to m7-win-sub-phase2-20260901T105414 (d0, q1, r0, m50, 'test/m7/20260901T105414/recovery', ... (54340 bytes))
1788232893: Sending PUBACK to gatewayd-m7-gateway-20260901-105414-1926 (m50, rc0)
1788232893: Received PUBACK from m7-win-sub-phase2-20260901T105414 (Mid: 50, RC:0)
1788232894: Received PUBLISH from gatewayd-m7-gateway-20260901-105414-1926 (d0, q1, r0, m51, 'test/m7/20260901T105414/recovery', ... (54340 bytes))
1788232894: Sending PUBLISH to m7-win-sub-phase2-20260901T105414 (d0, q1, r0, m51, 'test/m7/20260901T105414/recovery', ... (54340 bytes))
1788232894: Sending PUBACK to gatewayd-m7-gateway-20260901-105414-1926 (m51, rc0)
1788232894: Received PUBACK from m7-win-sub-phase2-20260901T105414 (Mid: 51, RC:0)
1788232894: Received PUBLISH from gatewayd-m7-gateway-20260901-105414-1926 (d0, q1, r0, m52, 'test/m7/20260901T105414/recovery', ... (54345 bytes))
1788232894: Sending PUBLISH to m7-win-sub-phase2-20260901T105414 (d0, q1, r0, m52, 'test/m7/20260901T105414/recovery', ... (54345 bytes))
1788232894: Sending PUBACK to gatewayd-m7-gateway-20260901-105414-1926 (m52, rc0)
1788232894: Received PUBACK from m7-win-sub-phase2-20260901T105414 (Mid: 52, RC:0)
1788232894: Received PUBLISH from gatewayd-m7-gateway-20260901-105414-1926 (d0, q1, r0, m53, 'test/m7/20260901T105414/recovery', ... (54325 bytes))
1788232894: Sending PUBLISH to m7-win-sub-phase2-20260901T105414 (d0, q1, r0, m53, 'test/m7/20260901T105414/recovery', ... (54325 bytes))
1788232894: Sending PUBACK to gatewayd-m7-gateway-20260901-105414-1926 (m53, rc0)
1788232894: Received PUBACK from m7-win-sub-phase2-20260901T105414 (Mid: 53, RC:0)
1788232894: Received PUBLISH from gatewayd-m7-gateway-20260901-105414-1926 (d0, q1, r0, m54, 'test/m7/20260901T105414/recovery', ... (54315 bytes))
1788232894: Sending PUBLISH to m7-win-sub-phase2-20260901T105414 (d0, q1, r0, m54, 'test/m7/20260901T105414/recovery', ... (54315 bytes))
1788232894: Sending PUBACK to gatewayd-m7-gateway-20260901-105414-1926 (m54, rc0)
1788232894: Received PUBACK from m7-win-sub-phase2-20260901T105414 (Mid: 54, RC:0)
1788232894: Received PUBLISH from gatewayd-m7-gateway-20260901-105414-1926 (d0, q1, r0, m55, 'test/m7/20260901T105414/recovery', ... (54314 bytes))
1788232894: Sending PUBLISH to m7-win-sub-phase2-20260901T105414 (d0, q1, r0, m55, 'test/m7/20260901T105414/recovery', ... (54314 bytes))
1788232894: Sending PUBACK to gatewayd-m7-gateway-20260901-105414-1926 (m55, rc0)
1788232894: Received PUBACK from m7-win-sub-phase2-20260901T105414 (Mid: 55, RC:0)
1788232894: Received PUBLISH from gatewayd-m7-gateway-20260901-105414-1926 (d0, q1, r0, m56, 'test/m7/20260901T105414/recovery', ... (54283 bytes))
1788232894: Sending PUBLISH to m7-win-sub-phase2-20260901T105414 (d0, q1, r0, m56, 'test/m7/20260901T105414/recovery', ... (54283 bytes))
1788232894: Sending PUBACK to gatewayd-m7-gateway-20260901-105414-1926 (m56, rc0)
1788232894: Received PUBACK from m7-win-sub-phase2-20260901T105414 (Mid: 56, RC:0)
1788232894: Received PUBLISH from gatewayd-m7-gateway-20260901-105414-1926 (d0, q1, r0, m57, 'test/m7/20260901T105414/recovery', ... (54292 bytes))
1788232894: Sending PUBLISH to m7-win-sub-phase2-20260901T105414 (d0, q1, r0, m57, 'test/m7/20260901T105414/recovery', ... (54292 bytes))
1788232894: Sending PUBACK to gatewayd-m7-gateway-20260901-105414-1926 (m57, rc0)
1788232894: Received PUBACK from m7-win-sub-phase2-20260901T105414 (Mid: 57, RC:0)
1788232895: Received PUBLISH from gatewayd-m7-gateway-20260901-105414-1926 (d0, q1, r0, m58, 'test/m7/20260901T105414/recovery', ... (54291 bytes))
1788232895: Sending PUBLISH to m7-win-sub-phase2-20260901T105414 (d0, q1, r0, m58, 'test/m7/20260901T105414/recovery', ... (54291 bytes))
1788232895: Sending PUBACK to gatewayd-m7-gateway-20260901-105414-1926 (m58, rc0)
1788232895: Received PUBACK from m7-win-sub-phase2-20260901T105414 (Mid: 58, RC:0)
1788232895: Received PUBLISH from gatewayd-m7-gateway-20260901-105414-1926 (d0, q1, r0, m59, 'test/m7/20260901T105414/recovery', ... (54308 bytes))
1788232895: Sending PUBLISH to m7-win-sub-phase2-20260901T105414 (d0, q1, r0, m59, 'test/m7/20260901T105414/recovery', ... (54308 bytes))
1788232895: Sending PUBACK to gatewayd-m7-gateway-20260901-105414-1926 (m59, rc0)
1788232895: Received PUBACK from m7-win-sub-phase2-20260901T105414 (Mid: 59, RC:0)
1788232895: Received PUBLISH from gatewayd-m7-gateway-20260901-105414-1926 (d0, q1, r0, m60, 'test/m7/20260901T105414/recovery', ... (54332 bytes))
1788232895: Sending PUBLISH to m7-win-sub-phase2-20260901T105414 (d0, q1, r0, m60, 'test/m7/20260901T105414/recovery', ... (54332 bytes))
1788232895: Sending PUBACK to gatewayd-m7-gateway-20260901-105414-1926 (m60, rc0)
1788232895: Received PUBACK from m7-win-sub-phase2-20260901T105414 (Mid: 60, RC:0)
1788232895: Received PUBLISH from gatewayd-m7-gateway-20260901-105414-1926 (d0, q1, r0, m61, 'test/m7/20260901T105414/recovery', ... (54340 bytes))
1788232895: Sending PUBLISH to m7-win-sub-phase2-20260901T105414 (d0, q1, r0, m61, 'test/m7/20260901T105414/recovery', ... (54340 bytes))
1788232895: Sending PUBACK to gatewayd-m7-gateway-20260901-105414-1926 (m61, rc0)
1788232895: Received PUBACK from m7-win-sub-phase2-20260901T105414 (Mid: 61, RC:0)
1788232895: Received PUBLISH from gatewayd-m7-gateway-20260901-105414-1926 (d0, q1, r0, m62, 'test/m7/20260901T105414/recovery', ... (54343 bytes))
1788232895: Sending PUBLISH to m7-win-sub-phase2-20260901T105414 (d0, q1, r0, m62, 'test/m7/20260901T105414/recovery', ... (54343 bytes))
1788232895: Sending PUBACK to gatewayd-m7-gateway-20260901-105414-1926 (m62, rc0)
1788232895: Received PUBACK from m7-win-sub-phase2-20260901T105414 (Mid: 62, RC:0)
1788232895: Received PUBLISH from gatewayd-m7-gateway-20260901-105414-1926 (d0, q1, r0, m63, 'test/m7/20260901T105414/recovery', ... (54329 bytes))
1788232895: Sending PUBLISH to m7-win-sub-phase2-20260901T105414 (d0, q1, r0, m63, 'test/m7/20260901T105414/recovery', ... (54329 bytes))
1788232895: Sending PUBACK to gatewayd-m7-gateway-20260901-105414-1926 (m63, rc0)
1788232895: Received PUBACK from m7-win-sub-phase2-20260901T105414 (Mid: 63, RC:0)
1788232895: Received PUBLISH from gatewayd-m7-gateway-20260901-105414-1926 (d0, q1, r0, m64, 'test/m7/20260901T105414/recovery', ... (54315 bytes))
1788232895: Sending PUBLISH to m7-win-sub-phase2-20260901T105414 (d0, q1, r0, m64, 'test/m7/20260901T105414/recovery', ... (54315 bytes))
1788232895: Sending PUBACK to gatewayd-m7-gateway-20260901-105414-1926 (m64, rc0)
1788232895: Received PUBACK from m7-win-sub-phase2-20260901T105414 (Mid: 64, RC:0)
1788232895: Received PUBLISH from gatewayd-m7-gateway-20260901-105414-1926 (d0, q1, r0, m65, 'test/m7/20260901T105414/recovery', ... (54314 bytes))
1788232895: Sending PUBLISH to m7-win-sub-phase2-20260901T105414 (d0, q1, r0, m65, 'test/m7/20260901T105414/recovery', ... (54314 bytes))
1788232895: Sending PUBACK to gatewayd-m7-gateway-20260901-105414-1926 (m65, rc0)
1788232895: Received PUBACK from m7-win-sub-phase2-20260901T105414 (Mid: 65, RC:0)
1788232896: Received PUBLISH from gatewayd-m7-gateway-20260901-105414-1926 (d0, q1, r0, m66, 'test/m7/20260901T105414/recovery', ... (54315 bytes))
1788232896: Sending PUBLISH to m7-win-sub-phase2-20260901T105414 (d0, q1, r0, m66, 'test/m7/20260901T105414/recovery', ... (54315 bytes))
1788232896: Sending PUBACK to gatewayd-m7-gateway-20260901-105414-1926 (m66, rc0)
1788232896: Received PUBACK from m7-win-sub-phase2-20260901T105414 (Mid: 66, RC:0)
1788232896: Received PUBLISH from gatewayd-m7-gateway-20260901-105414-1926 (d0, q1, r0, m67, 'test/m7/20260901T105414/recovery', ... (54285 bytes))
1788232896: Sending PUBLISH to m7-win-sub-phase2-20260901T105414 (d0, q1, r0, m67, 'test/m7/20260901T105414/recovery', ... (54285 bytes))
1788232896: Sending PUBACK to gatewayd-m7-gateway-20260901-105414-1926 (m67, rc0)
1788232896: Received PUBACK from m7-win-sub-phase2-20260901T105414 (Mid: 67, RC:0)
1788232896: Received PUBLISH from gatewayd-m7-gateway-20260901-105414-1926 (d0, q1, r0, m68, 'test/m7/20260901T105414/recovery', ... (54291 bytes))
1788232896: Sending PUBLISH to m7-win-sub-phase2-20260901T105414 (d0, q1, r0, m68, 'test/m7/20260901T105414/recovery', ... (54291 bytes))
1788232896: Sending PUBACK to gatewayd-m7-gateway-20260901-105414-1926 (m68, rc0)
1788232896: Received PUBACK from m7-win-sub-phase2-20260901T105414 (Mid: 68, RC:0)
1788232896: Received PUBLISH from gatewayd-m7-gateway-20260901-105414-1926 (d0, q1, r0, m69, 'test/m7/20260901T105414/recovery', ... (54306 bytes))
1788232896: Sending PUBLISH to m7-win-sub-phase2-20260901T105414 (d0, q1, r0, m69, 'test/m7/20260901T105414/recovery', ... (54306 bytes))
1788232896: Sending PUBACK to gatewayd-m7-gateway-20260901-105414-1926 (m69, rc0)
1788232896: Received PUBACK from m7-win-sub-phase2-20260901T105414 (Mid: 69, RC:0)
1788232896: Received PUBLISH from gatewayd-m7-gateway-20260901-105414-1926 (d0, q1, r0, m70, 'test/m7/20260901T105414/recovery', ... (54317 bytes))
1788232896: Sending PUBLISH to m7-win-sub-phase2-20260901T105414 (d0, q1, r0, m70, 'test/m7/20260901T105414/recovery', ... (54317 bytes))
1788232896: Sending PUBACK to gatewayd-m7-gateway-20260901-105414-1926 (m70, rc0)
1788232896: Received PUBACK from m7-win-sub-phase2-20260901T105414 (Mid: 70, RC:0)
1788232896: Received PUBLISH from gatewayd-m7-gateway-20260901-105414-1926 (d0, q1, r0, m71, 'test/m7/20260901T105414/recovery', ... (54329 bytes))
1788232896: Sending PUBLISH to m7-win-sub-phase2-20260901T105414 (d0, q1, r0, m71, 'test/m7/20260901T105414/recovery', ... (54329 bytes))
1788232896: Sending PUBACK to gatewayd-m7-gateway-20260901-105414-1926 (m71, rc0)
1788232896: Received PUBACK from m7-win-sub-phase2-20260901T105414 (Mid: 71, RC:0)
1788232896: Received PUBLISH from gatewayd-m7-gateway-20260901-105414-1926 (d0, q1, r0, m72, 'test/m7/20260901T105414/recovery', ... (54340 bytes))
1788232896: Sending PUBLISH to m7-win-sub-phase2-20260901T105414 (d0, q1, r0, m72, 'test/m7/20260901T105414/recovery', ... (54340 bytes))
1788232896: Sending PUBACK to gatewayd-m7-gateway-20260901-105414-1926 (m72, rc0)
1788232896: Received PUBACK from m7-win-sub-phase2-20260901T105414 (Mid: 72, RC:0)
1788232896: Received PUBLISH from gatewayd-m7-gateway-20260901-105414-1926 (d0, q1, r0, m73, 'test/m7/20260901T105414/recovery', ... (54335 bytes))
1788232896: Sending PUBLISH to m7-win-sub-phase2-20260901T105414 (d0, q1, r0, m73, 'test/m7/20260901T105414/recovery', ... (54335 bytes))
1788232896: Sending PUBACK to gatewayd-m7-gateway-20260901-105414-1926 (m73, rc0)
1788232896: Received PUBACK from m7-win-sub-phase2-20260901T105414 (Mid: 73, RC:0)
1788232897: Received PUBLISH from gatewayd-m7-gateway-20260901-105414-1926 (d0, q1, r0, m74, 'test/m7/20260901T105414/recovery', ... (54315 bytes))
1788232897: Sending PUBLISH to m7-win-sub-phase2-20260901T105414 (d0, q1, r0, m74, 'test/m7/20260901T105414/recovery', ... (54315 bytes))
1788232897: Sending PUBACK to gatewayd-m7-gateway-20260901-105414-1926 (m74, rc0)
1788232897: Received PUBACK from m7-win-sub-phase2-20260901T105414 (Mid: 74, RC:0)
1788232897: Received PUBLISH from gatewayd-m7-gateway-20260901-105414-1926 (d0, q1, r0, m75, 'test/m7/20260901T105414/recovery', ... (54314 bytes))
1788232897: Sending PUBLISH to m7-win-sub-phase2-20260901T105414 (d0, q1, r0, m75, 'test/m7/20260901T105414/recovery', ... (54314 bytes))
1788232897: Sending PUBACK to gatewayd-m7-gateway-20260901-105414-1926 (m75, rc0)
1788232897: Received PUBACK from m7-win-sub-phase2-20260901T105414 (Mid: 75, RC:0)
1788232897: Received PUBLISH from gatewayd-m7-gateway-20260901-105414-1926 (d0, q1, r0, m76, 'test/m7/20260901T105414/recovery', ... (54315 bytes))
1788232897: Sending PUBLISH to m7-win-sub-phase2-20260901T105414 (d0, q1, r0, m76, 'test/m7/20260901T105414/recovery', ... (54315 bytes))
1788232897: Sending PUBACK to gatewayd-m7-gateway-20260901-105414-1926 (m76, rc0)
1788232897: Received PUBACK from m7-win-sub-phase2-20260901T105414 (Mid: 76, RC:0)
1788232897: Received PUBLISH from gatewayd-m7-gateway-20260901-105414-1926 (d0, q1, r0, m77, 'test/m7/20260901T105414/recovery', ... (54315 bytes))
1788232897: Sending PUBLISH to m7-win-sub-phase2-20260901T105414 (d0, q1, r0, m77, 'test/m7/20260901T105414/recovery', ... (54315 bytes))
1788232897: Sending PUBACK to gatewayd-m7-gateway-20260901-105414-1926 (m77, rc0)
1788232897: Received PUBACK from m7-win-sub-phase2-20260901T105414 (Mid: 77, RC:0)
1788232897: Received PUBLISH from gatewayd-m7-gateway-20260901-105414-1926 (d0, q1, r0, m78, 'test/m7/20260901T105414/recovery', ... (54286 bytes))
1788232897: Sending PUBLISH to m7-win-sub-phase2-20260901T105414 (d0, q1, r0, m78, 'test/m7/20260901T105414/recovery', ... (54286 bytes))
1788232897: Sending PUBACK to gatewayd-m7-gateway-20260901-105414-1926 (m78, rc0)
1788232897: Received PUBACK from m7-win-sub-phase2-20260901T105414 (Mid: 78, RC:0)
1788232897: Received PUBLISH from gatewayd-m7-gateway-20260901-105414-1926 (d0, q1, r0, m79, 'test/m7/20260901T105414/recovery', ... (54304 bytes))
1788232897: Sending PUBLISH to m7-win-sub-phase2-20260901T105414 (d0, q1, r0, m79, 'test/m7/20260901T105414/recovery', ... (54304 bytes))
1788232897: Sending PUBACK to gatewayd-m7-gateway-20260901-105414-1926 (m79, rc0)
1788232897: Received PUBACK from m7-win-sub-phase2-20260901T105414 (Mid: 79, RC:0)
1788232897: Received PUBLISH from gatewayd-m7-gateway-20260901-105414-1926 (d0, q1, r0, m80, 'test/m7/20260901T105414/recovery', ... (54317 bytes))
1788232897: Sending PUBLISH to m7-win-sub-phase2-20260901T105414 (d0, q1, r0, m80, 'test/m7/20260901T105414/recovery', ... (54317 bytes))
1788232897: Sending PUBACK to gatewayd-m7-gateway-20260901-105414-1926 (m80, rc0)
1788232897: Received PUBACK from m7-win-sub-phase2-20260901T105414 (Mid: 80, RC:0)
1788232897: Received PUBLISH from gatewayd-m7-gateway-20260901-105414-1926 (d0, q1, r0, m81, 'test/m7/20260901T105414/recovery', ... (54318 bytes))
1788232897: Sending PUBLISH to m7-win-sub-phase2-20260901T105414 (d0, q1, r0, m81, 'test/m7/20260901T105414/recovery', ... (54318 bytes))
1788232897: Sending PUBACK to gatewayd-m7-gateway-20260901-105414-1926 (m81, rc0)
1788232897: Received PUBACK from m7-win-sub-phase2-20260901T105414 (Mid: 81, RC:0)
1788232898: Received PUBLISH from gatewayd-m7-gateway-20260901-105414-1926 (d0, q1, r0, m82, 'test/m7/20260901T105414/recovery', ... (54328 bytes))
1788232898: Sending PUBLISH to m7-win-sub-phase2-20260901T105414 (d0, q1, r0, m82, 'test/m7/20260901T105414/recovery', ... (54328 bytes))
1788232898: Sending PUBACK to gatewayd-m7-gateway-20260901-105414-1926 (m82, rc0)
1788232898: Received PUBACK from m7-win-sub-phase2-20260901T105414 (Mid: 82, RC:0)
1788232898: Received PUBLISH from gatewayd-m7-gateway-20260901-105414-1926 (d0, q1, r0, m83, 'test/m7/20260901T105414/recovery', ... (54338 bytes))
1788232898: Sending PUBLISH to m7-win-sub-phase2-20260901T105414 (d0, q1, r0, m83, 'test/m7/20260901T105414/recovery', ... (54338 bytes))
1788232898: Sending PUBACK to gatewayd-m7-gateway-20260901-105414-1926 (m83, rc0)
1788232898: Received PUBACK from m7-win-sub-phase2-20260901T105414 (Mid: 83, RC:0)
1788232898: Received PUBLISH from gatewayd-m7-gateway-20260901-105414-1926 (d0, q1, r0, m84, 'test/m7/20260901T105414/recovery', ... (54315 bytes))
1788232898: Sending PUBLISH to m7-win-sub-phase2-20260901T105414 (d0, q1, r0, m84, 'test/m7/20260901T105414/recovery', ... (54315 bytes))
1788232898: Sending PUBACK to gatewayd-m7-gateway-20260901-105414-1926 (m84, rc0)
1788232898: Received PUBACK from m7-win-sub-phase2-20260901T105414 (Mid: 84, RC:0)
1788232898: Received PUBLISH from gatewayd-m7-gateway-20260901-105414-1926 (d0, q1, r0, m85, 'test/m7/20260901T105414/recovery', ... (54316 bytes))
1788232898: Sending PUBLISH to m7-win-sub-phase2-20260901T105414 (d0, q1, r0, m85, 'test/m7/20260901T105414/recovery', ... (54316 bytes))
1788232898: Sending PUBACK to gatewayd-m7-gateway-20260901-105414-1926 (m85, rc0)
1788232898: Received PUBACK from m7-win-sub-phase2-20260901T105414 (Mid: 85, RC:0)
1788232898: Received PUBLISH from gatewayd-m7-gateway-20260901-105414-1926 (d0, q1, r0, m86, 'test/m7/20260901T105414/recovery', ... (54316 bytes))
1788232898: Sending PUBLISH to m7-win-sub-phase2-20260901T105414 (d0, q1, r0, m86, 'test/m7/20260901T105414/recovery', ... (54316 bytes))
1788232898: Sending PUBACK to gatewayd-m7-gateway-20260901-105414-1926 (m86, rc0)
1788232898: Received PUBACK from m7-win-sub-phase2-20260901T105414 (Mid: 86, RC:0)
1788232898: Received PUBLISH from gatewayd-m7-gateway-20260901-105414-1926 (d0, q1, r0, m87, 'test/m7/20260901T105414/recovery', ... (54316 bytes))
1788232898: Sending PUBLISH to m7-win-sub-phase2-20260901T105414 (d0, q1, r0, m87, 'test/m7/20260901T105414/recovery', ... (54316 bytes))
1788232898: Sending PUBACK to gatewayd-m7-gateway-20260901-105414-1926 (m87, rc0)
1788232898: Received PUBACK from m7-win-sub-phase2-20260901T105414 (Mid: 87, RC:0)
1788232898: Received PUBLISH from gatewayd-m7-gateway-20260901-105414-1926 (d0, q1, r0, m88, 'test/m7/20260901T105414/recovery', ... (54318 bytes))
1788232898: Sending PUBLISH to m7-win-sub-phase2-20260901T105414 (d0, q1, r0, m88, 'test/m7/20260901T105414/recovery', ... (54318 bytes))
1788232898: Sending PUBACK to gatewayd-m7-gateway-20260901-105414-1926 (m88, rc0)
1788232898: Received PUBACK from m7-win-sub-phase2-20260901T105414 (Mid: 88, RC:0)
1788232899: Received PUBLISH from gatewayd-m7-gateway-20260901-105414-1926 (d0, q1, r0, m89, 'test/m7/20260901T105414/recovery', ... (54302 bytes))
1788232899: Sending PUBLISH to m7-win-sub-phase2-20260901T105414 (d0, q1, r0, m89, 'test/m7/20260901T105414/recovery', ... (54302 bytes))
1788232899: Sending PUBACK to gatewayd-m7-gateway-20260901-105414-1926 (m89, rc0)
1788232899: Received PUBACK from m7-win-sub-phase2-20260901T105414 (Mid: 89, RC:0)
1788232899: Received PUBLISH from gatewayd-m7-gateway-20260901-105414-1926 (d0, q1, r0, m90, 'test/m7/20260901T105414/recovery', ... (54320 bytes))
1788232899: Sending PUBLISH to m7-win-sub-phase2-20260901T105414 (d0, q1, r0, m90, 'test/m7/20260901T105414/recovery', ... (54320 bytes))
1788232899: Sending PUBACK to gatewayd-m7-gateway-20260901-105414-1926 (m90, rc0)
1788232899: Received PUBACK from m7-win-sub-phase2-20260901T105414 (Mid: 90, RC:0)
1788232899: Received PUBLISH from gatewayd-m7-gateway-20260901-105414-1926 (d0, q1, r0, m91, 'test/m7/20260901T105414/recovery', ... (54321 bytes))
1788232899: Sending PUBLISH to m7-win-sub-phase2-20260901T105414 (d0, q1, r0, m91, 'test/m7/20260901T105414/recovery', ... (54321 bytes))
1788232899: Sending PUBACK to gatewayd-m7-gateway-20260901-105414-1926 (m91, rc0)
1788232899: Received PUBACK from m7-win-sub-phase2-20260901T105414 (Mid: 91, RC:0)
1788232899: Received PUBLISH from gatewayd-m7-gateway-20260901-105414-1926 (d0, q1, r0, m92, 'test/m7/20260901T105414/recovery', ... (54320 bytes))
1788232899: Sending PUBLISH to m7-win-sub-phase2-20260901T105414 (d0, q1, r0, m92, 'test/m7/20260901T105414/recovery', ... (54320 bytes))
1788232899: Sending PUBACK to gatewayd-m7-gateway-20260901-105414-1926 (m92, rc0)
1788232899: Received PUBACK from m7-win-sub-phase2-20260901T105414 (Mid: 92, RC:0)
1788232899: Received PUBLISH from gatewayd-m7-gateway-20260901-105414-1926 (d0, q1, r0, m93, 'test/m7/20260901T105414/recovery', ... (54327 bytes))
1788232899: Sending PUBLISH to m7-win-sub-phase2-20260901T105414 (d0, q1, r0, m93, 'test/m7/20260901T105414/recovery', ... (54327 bytes))
1788232899: Sending PUBACK to gatewayd-m7-gateway-20260901-105414-1926 (m93, rc0)
1788232899: Received PUBACK from m7-win-sub-phase2-20260901T105414 (Mid: 93, RC:0)
1788232899: Received PUBLISH from gatewayd-m7-gateway-20260901-105414-1926 (d0, q1, r0, m94, 'test/m7/20260901T105414/recovery', ... (54318 bytes))
1788232899: Sending PUBLISH to m7-win-sub-phase2-20260901T105414 (d0, q1, r0, m94, 'test/m7/20260901T105414/recovery', ... (54318 bytes))
1788232899: Sending PUBACK to gatewayd-m7-gateway-20260901-105414-1926 (m94, rc0)
1788232899: Received PUBACK from m7-win-sub-phase2-20260901T105414 (Mid: 94, RC:0)
1788232899: Received PUBLISH from gatewayd-m7-gateway-20260901-105414-1926 (d0, q1, r0, m95, 'test/m7/20260901T105414/recovery', ... (54318 bytes))
1788232899: Sending PUBLISH to m7-win-sub-phase2-20260901T105414 (d0, q1, r0, m95, 'test/m7/20260901T105414/recovery', ... (54318 bytes))
1788232899: Sending PUBACK to gatewayd-m7-gateway-20260901-105414-1926 (m95, rc0)
1788232899: Received PUBACK from m7-win-sub-phase2-20260901T105414 (Mid: 95, RC:0)
1788232899: Received PUBLISH from gatewayd-m7-gateway-20260901-105414-1926 (d0, q1, r0, m96, 'test/m7/20260901T105414/recovery', ... (54318 bytes))
1788232899: Sending PUBLISH to m7-win-sub-phase2-20260901T105414 (d0, q1, r0, m96, 'test/m7/20260901T105414/recovery', ... (54318 bytes))
1788232899: Sending PUBACK to gatewayd-m7-gateway-20260901-105414-1926 (m96, rc0)
1788232899: Received PUBACK from m7-win-sub-phase2-20260901T105414 (Mid: 96, RC:0)
1788232900: Received PUBLISH from gatewayd-m7-gateway-20260901-105414-1926 (d0, q1, r0, m97, 'test/m7/20260901T105414/recovery', ... (54318 bytes))
1788232900: Sending PUBLISH to m7-win-sub-phase2-20260901T105414 (d0, q1, r0, m97, 'test/m7/20260901T105414/recovery', ... (54318 bytes))
1788232900: Sending PUBACK to gatewayd-m7-gateway-20260901-105414-1926 (m97, rc0)
1788232900: Received PUBACK from m7-win-sub-phase2-20260901T105414 (Mid: 97, RC:0)
1788232900: Received PUBLISH from gatewayd-m7-gateway-20260901-105414-1926 (d0, q1, r0, m98, 'test/m7/20260901T105414/recovery', ... (54318 bytes))
1788232900: Sending PUBLISH to m7-win-sub-phase2-20260901T105414 (d0, q1, r0, m98, 'test/m7/20260901T105414/recovery', ... (54318 bytes))
1788232900: Sending PUBACK to gatewayd-m7-gateway-20260901-105414-1926 (m98, rc0)
1788232900: Received PUBACK from m7-win-sub-phase2-20260901T105414 (Mid: 98, RC:0)
1788232900: Received PUBLISH from gatewayd-m7-gateway-20260901-105414-1926 (d0, q1, r0, m99, 'test/m7/20260901T105414/recovery', ... (54325 bytes))
1788232900: Sending PUBLISH to m7-win-sub-phase2-20260901T105414 (d0, q1, r0, m99, 'test/m7/20260901T105414/recovery', ... (54325 bytes))
1788232900: Sending PUBACK to gatewayd-m7-gateway-20260901-105414-1926 (m99, rc0)
1788232900: Received PUBACK from m7-win-sub-phase2-20260901T105414 (Mid: 99, RC:0)
1788232900: Received PUBLISH from gatewayd-m7-gateway-20260901-105414-1926 (d0, q1, r0, m100, 'test/m7/20260901T105414/recovery', ... (54320 bytes))
1788232900: Sending PUBLISH to m7-win-sub-phase2-20260901T105414 (d0, q1, r0, m100, 'test/m7/20260901T105414/recovery', ... (54320 bytes))
1788232900: Sending PUBACK to gatewayd-m7-gateway-20260901-105414-1926 (m100, rc0)
1788232900: Received PUBACK from m7-win-sub-phase2-20260901T105414 (Mid: 100, RC:0)
1788232900: Received PUBLISH from gatewayd-m7-gateway-20260901-105414-1926 (d0, q1, r0, m101, 'test/m7/20260901T105414/recovery', ... (54321 bytes))
1788232900: Sending PUBLISH to m7-win-sub-phase2-20260901T105414 (d0, q1, r0, m101, 'test/m7/20260901T105414/recovery', ... (54321 bytes))
1788232900: Sending PUBACK to gatewayd-m7-gateway-20260901-105414-1926 (m101, rc0)
1788232900: Received PUBACK from m7-win-sub-phase2-20260901T105414 (Mid: 101, RC:0)
1788232900: Received PUBLISH from gatewayd-m7-gateway-20260901-105414-1926 (d0, q1, r0, m102, 'test/m7/20260901T105414/recovery', ... (54320 bytes))
1788232900: Sending PUBLISH to m7-win-sub-phase2-20260901T105414 (d0, q1, r0, m102, 'test/m7/20260901T105414/recovery', ... (54320 bytes))
1788232900: Sending PUBACK to gatewayd-m7-gateway-20260901-105414-1926 (m102, rc0)
1788232900: Received PUBACK from m7-win-sub-phase2-20260901T105414 (Mid: 102, RC:0)
1788232900: Received PUBLISH from gatewayd-m7-gateway-20260901-105414-1926 (d0, q1, r0, m103, 'test/m7/20260901T105414/recovery', ... (54322 bytes))
1788232900: Sending PUBLISH to m7-win-sub-phase2-20260901T105414 (d0, q1, r0, m103, 'test/m7/20260901T105414/recovery', ... (54322 bytes))
1788232900: Sending PUBACK to gatewayd-m7-gateway-20260901-105414-1926 (m103, rc0)
1788232900: Received PUBACK from m7-win-sub-phase2-20260901T105414 (Mid: 103, RC:0)
1788232901: Received PUBLISH from gatewayd-m7-gateway-20260901-105414-1926 (d0, q1, r0, m104, 'test/m7/20260901T105414/recovery', ... (54300 bytes))
1788232901: Sending PUBLISH to m7-win-sub-phase2-20260901T105414 (d0, q1, r0, m104, 'test/m7/20260901T105414/recovery', ... (54300 bytes))
1788232901: Sending PUBACK to gatewayd-m7-gateway-20260901-105414-1926 (m104, rc0)
1788232901: Received PUBACK from m7-win-sub-phase2-20260901T105414 (Mid: 104, RC:0)
1788232901: Received PUBLISH from gatewayd-m7-gateway-20260901-105414-1926 (d0, q1, r0, m105, 'test/m7/20260901T105414/recovery', ... (54318 bytes))
1788232901: Sending PUBLISH to m7-win-sub-phase2-20260901T105414 (d0, q1, r0, m105, 'test/m7/20260901T105414/recovery', ... (54318 bytes))
1788232901: Sending PUBACK to gatewayd-m7-gateway-20260901-105414-1926 (m105, rc0)
1788232901: Received PUBACK from m7-win-sub-phase2-20260901T105414 (Mid: 105, RC:0)
1788232901: Received PUBLISH from gatewayd-m7-gateway-20260901-105414-1926 (d0, q1, r0, m106, 'test/m7/20260901T105414/recovery', ... (54318 bytes))
1788232901: Sending PUBLISH to m7-win-sub-phase2-20260901T105414 (d0, q1, r0, m106, 'test/m7/20260901T105414/recovery', ... (54318 bytes))
1788232901: Sending PUBACK to gatewayd-m7-gateway-20260901-105414-1926 (m106, rc0)
1788232901: Received PUBACK from m7-win-sub-phase2-20260901T105414 (Mid: 106, RC:0)
1788232901: Received PUBLISH from gatewayd-m7-gateway-20260901-105414-1926 (d0, q1, r0, m107, 'test/m7/20260901T105414/recovery', ... (54318 bytes))
1788232901: Sending PUBLISH to m7-win-sub-phase2-20260901T105414 (d0, q1, r0, m107, 'test/m7/20260901T105414/recovery', ... (54318 bytes))
1788232901: Sending PUBACK to gatewayd-m7-gateway-20260901-105414-1926 (m107, rc0)
1788232901: Received PUBACK from m7-win-sub-phase2-20260901T105414 (Mid: 107, RC:0)
1788232901: Received PUBLISH from gatewayd-m7-gateway-20260901-105414-1926 (d0, q1, r0, m108, 'test/m7/20260901T105414/recovery', ... (54318 bytes))
1788232901: Sending PUBLISH to m7-win-sub-phase2-20260901T105414 (d0, q1, r0, m108, 'test/m7/20260901T105414/recovery', ... (54318 bytes))
1788232901: Sending PUBACK to gatewayd-m7-gateway-20260901-105414-1926 (m108, rc0)
1788232901: Received PUBACK from m7-win-sub-phase2-20260901T105414 (Mid: 108, RC:0)
1788232901: Received PUBLISH from gatewayd-m7-gateway-20260901-105414-1926 (d0, q1, r0, m109, 'test/m7/20260901T105414/recovery', ... (54323 bytes))
1788232901: Sending PUBLISH to m7-win-sub-phase2-20260901T105414 (d0, q1, r0, m109, 'test/m7/20260901T105414/recovery', ... (54323 bytes))
1788232901: Sending PUBACK to gatewayd-m7-gateway-20260901-105414-1926 (m109, rc0)
1788232901: Received PUBACK from m7-win-sub-phase2-20260901T105414 (Mid: 109, RC:0)
1788232901: Received PUBLISH from gatewayd-m7-gateway-20260901-105414-1926 (d0, q1, r0, m110, 'test/m7/20260901T105414/recovery', ... (54344 bytes))
1788232901: Sending PUBLISH to m7-win-sub-phase2-20260901T105414 (d0, q1, r0, m110, 'test/m7/20260901T105414/recovery', ... (54344 bytes))
1788232901: Sending PUBACK to gatewayd-m7-gateway-20260901-105414-1926 (m110, rc0)
1788232901: Received PUBACK from m7-win-sub-phase2-20260901T105414 (Mid: 110, RC:0)
1788232901: Received PUBLISH from gatewayd-m7-gateway-20260901-105414-1926 (d0, q1, r0, m111, 'test/m7/20260901T105414/recovery', ... (54322 bytes))
1788232901: Sending PUBLISH to m7-win-sub-phase2-20260901T105414 (d0, q1, r0, m111, 'test/m7/20260901T105414/recovery', ... (54322 bytes))
1788232901: Sending PUBACK to gatewayd-m7-gateway-20260901-105414-1926 (m111, rc0)
1788232901: Received PUBACK from m7-win-sub-phase2-20260901T105414 (Mid: 111, RC:0)
1788232902: Received PUBLISH from gatewayd-m7-gateway-20260901-105414-1926 (d0, q1, r0, m112, 'test/m7/20260901T105414/recovery', ... (54320 bytes))
1788232902: Sending PUBLISH to m7-win-sub-phase2-20260901T105414 (d0, q1, r0, m112, 'test/m7/20260901T105414/recovery', ... (54320 bytes))
1788232902: Sending PUBACK to gatewayd-m7-gateway-20260901-105414-1926 (m112, rc0)
1788232902: Received PUBACK from m7-win-sub-phase2-20260901T105414 (Mid: 112, RC:0)
1788232902: Received PUBLISH from gatewayd-m7-gateway-20260901-105414-1926 (d0, q1, r0, m113, 'test/m7/20260901T105414/recovery', ... (54324 bytes))
1788232902: Sending PUBLISH to m7-win-sub-phase2-20260901T105414 (d0, q1, r0, m113, 'test/m7/20260901T105414/recovery', ... (54324 bytes))
1788232902: Sending PUBACK to gatewayd-m7-gateway-20260901-105414-1926 (m113, rc0)
1788232902: Received PUBACK from m7-win-sub-phase2-20260901T105414 (Mid: 113, RC:0)
1788232902: Received PUBLISH from gatewayd-m7-gateway-20260901-105414-1926 (d0, q1, r0, m114, 'test/m7/20260901T105414/recovery', ... (54295 bytes))
1788232902: Sending PUBLISH to m7-win-sub-phase2-20260901T105414 (d0, q1, r0, m114, 'test/m7/20260901T105414/recovery', ... (54295 bytes))
1788232902: Sending PUBACK to gatewayd-m7-gateway-20260901-105414-1926 (m114, rc0)
1788232902: Received PUBACK from m7-win-sub-phase2-20260901T105414 (Mid: 114, RC:0)
1788232902: Received PUBLISH from gatewayd-m7-gateway-20260901-105414-1926 (d0, q1, r0, m115, 'test/m7/20260901T105414/recovery', ... (54298 bytes))
1788232902: Sending PUBLISH to m7-win-sub-phase2-20260901T105414 (d0, q1, r0, m115, 'test/m7/20260901T105414/recovery', ... (54298 bytes))
1788232902: Sending PUBACK to gatewayd-m7-gateway-20260901-105414-1926 (m115, rc0)
1788232902: Received PUBACK from m7-win-sub-phase2-20260901T105414 (Mid: 115, RC:0)
1788232902: Received PUBLISH from gatewayd-m7-gateway-20260901-105414-1926 (d0, q1, r0, m116, 'test/m7/20260901T105414/recovery', ... (1214 bytes))
1788232902: Sending PUBLISH to m7-win-sub-phase2-20260901T105414 (d0, q1, r0, m116, 'test/m7/20260901T105414/recovery', ... (1214 bytes))
1788232902: Sending PUBACK to gatewayd-m7-gateway-20260901-105414-1926 (m116, rc0)
1788232902: Received PUBACK from m7-win-sub-phase2-20260901T105414 (Mid: 116, RC:0)
1788232962: Received PINGREQ from m7-win-sub-phase2-20260901T105414
1788232962: Sending PINGRESP to m7-win-sub-phase2-20260901T105414
1788232962: Received PINGREQ from gatewayd-m7-gateway-20260901-105414-1926
1788232962: Sending PINGRESP to gatewayd-m7-gateway-20260901-105414-1926
1788233022: Received PINGREQ from gatewayd-m7-gateway-20260901-105414-1926
1788233022: Sending PINGRESP to gatewayd-m7-gateway-20260901-105414-1926
1788233022: Received PINGREQ from m7-win-sub-phase2-20260901T105414
1788233022: Sending PINGRESP to m7-win-sub-phase2-20260901T105414
1788233076: mosquitto version 2.1.2 terminating
