1788233302: mosquitto version 2.1.2 starting
1788233302: Config loaded from E:\imx6ull-can-mqtt-gateway\imx6ull-can-mqtt-gateway\artifacts\20260901T105414+0800-m7-lan-recovery-gate2\private_raw\windows-phase2-reconnect\mosquitto.conf.
1788233302: Bridge support available.
1788233302: Persistence support available.
1788233302: TLS support available.
1788233302: TLS-PSK support available.
1788233302: Websockets support available.
1788233302: Opening ipv4 listen socket on port 18884.
1788233302: mosquitto version 2.1.2 running
1788233302: New connection from <REDACTED_LAN_ADDRESS>:65446 on port 18884.
1788233302: New client connected from <REDACTED_LAN_ADDRESS>:65446 as m7-win-sub-phase2-20260901T105414 (p4, c1, k60).
1788233302: No will message specified.
1788233302: Sending CONNACK to m7-win-sub-phase2-20260901T105414 (0, 0)
1788233302: Received SUBSCRIBE from m7-win-sub-phase2-20260901T105414
1788233302: 	test/m7/20260901T105414/recovery (QoS 1)
1788233302: m7-win-sub-phase2-20260901T105414 1 test/m7/20260901T105414/recovery
1788233302: Sending SUBACK to m7-win-sub-phase2-20260901T105414
1788233362: Received PINGREQ from m7-win-sub-phase2-20260901T105414
1788233362: Sending PINGRESP to m7-win-sub-phase2-20260901T105414
1788233369: New connection from <REDACTED_TARGET_ADDRESS>:51988 on port 18884.
1788233369: New client connected from <REDACTED_TARGET_ADDRESS>:51988 as gatewayd-m7-gateway-20260901-105414-1926 (p4, c1, k60).
1788233369: No will message specified.
1788233369: Sending CONNACK to gatewayd-m7-gateway-20260901-105414-1926 (0, 0)
1788233422: Received PINGREQ from m7-win-sub-phase2-20260901T105414
1788233422: Sending PINGRESP to m7-win-sub-phase2-20260901T105414
1788233429: Received PINGREQ from gatewayd-m7-gateway-20260901-105414-1926
1788233429: Sending PINGRESP to gatewayd-m7-gateway-20260901-105414-1926
1788233482: Received PINGREQ from m7-win-sub-phase2-20260901T105414
1788233482: Sending PINGRESP to m7-win-sub-phase2-20260901T105414
1788233489: Received PINGREQ from gatewayd-m7-gateway-20260901-105414-1926
1788233489: Sending PINGRESP to gatewayd-m7-gateway-20260901-105414-1926
1788233542: Received PINGREQ from m7-win-sub-phase2-20260901T105414
1788233542: Sending PINGRESP to m7-win-sub-phase2-20260901T105414
1788233549: Received PINGREQ from gatewayd-m7-gateway-20260901-105414-1926
1788233549: Sending PINGRESP to gatewayd-m7-gateway-20260901-105414-1926
1788233602: Received PINGREQ from m7-win-sub-phase2-20260901T105414
1788233602: Sending PINGRESP to m7-win-sub-phase2-20260901T105414
1788233609: Received PINGREQ from gatewayd-m7-gateway-20260901-105414-1926
1788233609: Sending PINGRESP to gatewayd-m7-gateway-20260901-105414-1926
1788233662: Received PINGREQ from m7-win-sub-phase2-20260901T105414
1788233662: Sending PINGRESP to m7-win-sub-phase2-20260901T105414
1788233669: Received PINGREQ from gatewayd-m7-gateway-20260901-105414-1926
1788233669: Sending PINGRESP to gatewayd-m7-gateway-20260901-105414-1926
1788233691: Received PUBLISH from gatewayd-m7-gateway-20260901-105414-1926 (d0, q1, r0, m1, 'test/m7/20260901T105414/recovery', ... (54281 bytes))
1788233691: Sending PUBLISH to m7-win-sub-phase2-20260901T105414 (d0, q1, r0, m1, 'test/m7/20260901T105414/recovery', ... (54281 bytes))
1788233691: Sending PUBACK to gatewayd-m7-gateway-20260901-105414-1926 (m1, rc0)
1788233691: Received PUBACK from m7-win-sub-phase2-20260901T105414 (Mid: 1, RC:0)
1788233694: Received PUBLISH from gatewayd-m7-gateway-20260901-105414-1926 (d0, q1, r0, m2, 'test/m7/20260901T105414/recovery', ... (54291 bytes))
1788233694: Sending PUBLISH to m7-win-sub-phase2-20260901T105414 (d0, q1, r0, m2, 'test/m7/20260901T105414/recovery', ... (54291 bytes))
1788233694: Sending PUBACK to gatewayd-m7-gateway-20260901-105414-1926 (m2, rc0)
1788233694: Received PUBACK from m7-win-sub-phase2-20260901T105414 (Mid: 2, RC:0)
1788233697: Received PUBLISH from gatewayd-m7-gateway-20260901-105414-1926 (d0, q1, r0, m3, 'test/m7/20260901T105414/recovery', ... (54291 bytes))
1788233697: Sending PUBLISH to m7-win-sub-phase2-20260901T105414 (d0, q1, r0, m3, 'test/m7/20260901T105414/recovery', ... (54291 bytes))
1788233697: Sending PUBACK to gatewayd-m7-gateway-20260901-105414-1926 (m3, rc0)
1788233697: Received PUBACK from m7-win-sub-phase2-20260901T105414 (Mid: 3, RC:0)
1788233700: Received PUBLISH from gatewayd-m7-gateway-20260901-105414-1926 (d0, q1, r0, m4, 'test/m7/20260901T105414/recovery', ... (54289 bytes))
1788233700: Sending PUBLISH to m7-win-sub-phase2-20260901T105414 (d0, q1, r0, m4, 'test/m7/20260901T105414/recovery', ... (54289 bytes))
1788233700: Sending PUBACK to gatewayd-m7-gateway-20260901-105414-1926 (m4, rc0)
1788233700: Received PUBACK from m7-win-sub-phase2-20260901T105414 (Mid: 4, RC:0)
1788233703: Received PUBLISH from gatewayd-m7-gateway-20260901-105414-1926 (d0, q1, r0, m5, 'test/m7/20260901T105414/recovery', ... (54307 bytes))
1788233703: Sending PUBLISH to m7-win-sub-phase2-20260901T105414 (d0, q1, r0, m5, 'test/m7/20260901T105414/recovery', ... (54307 bytes))
1788233703: Sending PUBACK to gatewayd-m7-gateway-20260901-105414-1926 (m5, rc0)
1788233703: Received PUBACK from m7-win-sub-phase2-20260901T105414 (Mid: 5, RC:0)
1788233704: Received PUBLISH from gatewayd-m7-gateway-20260901-105414-1926 (d0, q1, r0, m6, 'test/m7/20260901T105414/recovery', ... (11814 bytes))
1788233704: Sending PUBLISH to m7-win-sub-phase2-20260901T105414 (d0, q1, r0, m6, 'test/m7/20260901T105414/recovery', ... (11814 bytes))
1788233704: Sending PUBACK to gatewayd-m7-gateway-20260901-105414-1926 (m6, rc0)
1788233704: Received PUBACK from m7-win-sub-phase2-20260901T105414 (Mid: 6, RC:0)
1788233764: Received PINGREQ from m7-win-sub-phase2-20260901T105414
1788233764: Sending PINGRESP to m7-win-sub-phase2-20260901T105414
1788233764: Received PINGREQ from gatewayd-m7-gateway-20260901-105414-1926
1788233764: Sending PINGRESP to gatewayd-m7-gateway-20260901-105414-1926
1788233824: Received PINGREQ from gatewayd-m7-gateway-20260901-105414-1926
1788233824: Sending PINGRESP to gatewayd-m7-gateway-20260901-105414-1926
1788233824: Received PINGREQ from m7-win-sub-phase2-20260901T105414
1788233824: Sending PINGRESP to m7-win-sub-phase2-20260901T105414
1788233839: Received DISCONNECT from gatewayd-m7-gateway-20260901-105414-1926
1788233839: Client gatewayd-m7-gateway-20260901-105414-1926 [<REDACTED_TARGET_ADDRESS>:51988] disconnected.
1788233884: Received PINGREQ from m7-win-sub-phase2-20260901T105414
1788233884: Sending PINGRESP to m7-win-sub-phase2-20260901T105414
1788233944: Received PINGREQ from m7-win-sub-phase2-20260901T105414
1788233944: Sending PINGRESP to m7-win-sub-phase2-20260901T105414
1788234004: Received PINGREQ from m7-win-sub-phase2-20260901T105414
1788234004: Sending PINGRESP to m7-win-sub-phase2-20260901T105414
1788234064: Received PINGREQ from m7-win-sub-phase2-20260901T105414
1788234064: Sending PINGRESP to m7-win-sub-phase2-20260901T105414
1788234123: New connection from <REDACTED_TARGET_ADDRESS>:51990 on port 18884.
1788234123: New client connected from <REDACTED_TARGET_ADDRESS>:51990 as gatewayd-m7-tail-copy-20260901-105414-2630 (p4, c1, k60).
1788234123: No will message specified.
1788234123: Sending CONNACK to gatewayd-m7-tail-copy-20260901-105414-2630 (0, 0)
1788234124: Received PINGREQ from m7-win-sub-phase2-20260901T105414
1788234124: Sending PINGRESP to m7-win-sub-phase2-20260901T105414
1788234127: Received DISCONNECT from gatewayd-m7-tail-copy-20260901-105414-2630
1788234127: Client gatewayd-m7-tail-copy-20260901-105414-2630 [<REDACTED_TARGET_ADDRESS>:51990] disconnected.
1788234183: Received PINGREQ from m7-win-sub-phase2-20260901T105414
1788234183: Sending PINGRESP to m7-win-sub-phase2-20260901T105414
1788234244: Received PINGREQ from m7-win-sub-phase2-20260901T105414
1788234244: Sending PINGRESP to m7-win-sub-phase2-20260901T105414
1788234304: Received PINGREQ from m7-win-sub-phase2-20260901T105414
1788234304: Sending PINGRESP to m7-win-sub-phase2-20260901T105414
1788234363: Received PINGREQ from m7-win-sub-phase2-20260901T105414
1788234363: Sending PINGRESP to m7-win-sub-phase2-20260901T105414
1788234424: Received PINGREQ from m7-win-sub-phase2-20260901T105414
1788234424: Sending PINGRESP to m7-win-sub-phase2-20260901T105414
1788234484: Received PINGREQ from m7-win-sub-phase2-20260901T105414
1788234484: Sending PINGRESP to m7-win-sub-phase2-20260901T105414
1788234544: Received PINGREQ from m7-win-sub-phase2-20260901T105414
1788234544: Sending PINGRESP to m7-win-sub-phase2-20260901T105414
1788234604: Received PINGREQ from m7-win-sub-phase2-20260901T105414
1788234604: Sending PINGRESP to m7-win-sub-phase2-20260901T105414
1788234664: Received PINGREQ from m7-win-sub-phase2-20260901T105414
1788234664: Sending PINGRESP to m7-win-sub-phase2-20260901T105414
1788234724: Received PINGREQ from m7-win-sub-phase2-20260901T105414
1788234724: Sending PINGRESP to m7-win-sub-phase2-20260901T105414
1788234784: Received PINGREQ from m7-win-sub-phase2-20260901T105414
1788234784: Sending PINGRESP to m7-win-sub-phase2-20260901T105414
1788234844: Received PINGREQ from m7-win-sub-phase2-20260901T105414
1788234844: Sending PINGRESP to m7-win-sub-phase2-20260901T105414
1788234904: Received PINGREQ from m7-win-sub-phase2-20260901T105414
1788234904: Sending PINGRESP to m7-win-sub-phase2-20260901T105414
1788234964: Received PINGREQ from m7-win-sub-phase2-20260901T105414
1788234964: Sending PINGRESP to m7-win-sub-phase2-20260901T105414
1788235024: Received PINGREQ from m7-win-sub-phase2-20260901T105414
1788235024: Sending PINGRESP to m7-win-sub-phase2-20260901T105414
1788235083: Received PINGREQ from m7-win-sub-phase2-20260901T105414
1788235083: Sending PINGRESP to m7-win-sub-phase2-20260901T105414
1788235144: Received PINGREQ from m7-win-sub-phase2-20260901T105414
1788235144: Sending PINGRESP to m7-win-sub-phase2-20260901T105414
1788235204: Received PINGREQ from m7-win-sub-phase2-20260901T105414
1788235204: Sending PINGRESP to m7-win-sub-phase2-20260901T105414
1788235264: Received PINGREQ from m7-win-sub-phase2-20260901T105414
1788235264: Sending PINGRESP to m7-win-sub-phase2-20260901T105414
1788235323: Received PINGREQ from m7-win-sub-phase2-20260901T105414
1788235323: Sending PINGRESP to m7-win-sub-phase2-20260901T105414
1788235384: Received PINGREQ from m7-win-sub-phase2-20260901T105414
1788235384: Sending PINGRESP to m7-win-sub-phase2-20260901T105414
1788235444: Received PINGREQ from m7-win-sub-phase2-20260901T105414
1788235444: Sending PINGRESP to m7-win-sub-phase2-20260901T105414
1788235504: Received PINGREQ from m7-win-sub-phase2-20260901T105414
1788235504: Sending PINGRESP to m7-win-sub-phase2-20260901T105414
1788235564: Received PINGREQ from m7-win-sub-phase2-20260901T105414
1788235564: Sending PINGRESP to m7-win-sub-phase2-20260901T105414
1788235624: Received PINGREQ from m7-win-sub-phase2-20260901T105414
1788235624: Sending PINGRESP to m7-win-sub-phase2-20260901T105414
1788235683: Received PINGREQ from m7-win-sub-phase2-20260901T105414
1788235683: Sending PINGRESP to m7-win-sub-phase2-20260901T105414
1788235744: Received PINGREQ from m7-win-sub-phase2-20260901T105414
1788235744: Sending PINGRESP to m7-win-sub-phase2-20260901T105414
1788235785: New connection from <REDACTED_TARGET_ADDRESS>:51992 on port 18884.
1788235785: New client connected from <REDACTED_TARGET_ADDRESS>:51992 as gatewayd-m7-gateway-20260901-105414-2971 (p4, c1, k60).
1788235785: No will message specified.
1788235785: Sending CONNACK to gatewayd-m7-gateway-20260901-105414-2971 (0, 0)
1788235785: Received PUBLISH from gatewayd-m7-gateway-20260901-105414-2971 (d0, q1, r0, m1, 'test/m7/20260901T105414/recovery', ... (53699 bytes))
1788235785: Sending PUBLISH to m7-win-sub-phase2-20260901T105414 (d0, q1, r0, m7, 'test/m7/20260901T105414/recovery', ... (53699 bytes))
1788235785: Sending PUBACK to gatewayd-m7-gateway-20260901-105414-2971 (m1, rc0)
1788235785: Received PUBACK from m7-win-sub-phase2-20260901T105414 (Mid: 7, RC:0)
1788235785: Received PUBLISH from gatewayd-m7-gateway-20260901-105414-2971 (d0, q1, r0, m2, 'test/m7/20260901T105414/recovery', ... (53800 bytes))
1788235785: Sending PUBLISH to m7-win-sub-phase2-20260901T105414 (d0, q1, r0, m8, 'test/m7/20260901T105414/recovery', ... (53800 bytes))
1788235785: Sending PUBACK to gatewayd-m7-gateway-20260901-105414-2971 (m2, rc0)
1788235785: Received PUBACK from m7-win-sub-phase2-20260901T105414 (Mid: 8, RC:0)
1788235785: Received PUBLISH from gatewayd-m7-gateway-20260901-105414-2971 (d0, q1, r0, m3, 'test/m7/20260901T105414/recovery', ... (53800 bytes))
1788235785: Sending PUBLISH to m7-win-sub-phase2-20260901T105414 (d0, q1, r0, m9, 'test/m7/20260901T105414/recovery', ... (53800 bytes))
1788235785: Sending PUBACK to gatewayd-m7-gateway-20260901-105414-2971 (m3, rc0)
1788235785: Received PUBACK from m7-win-sub-phase2-20260901T105414 (Mid: 9, RC:0)
1788235786: Received PUBLISH from gatewayd-m7-gateway-20260901-105414-2971 (d0, q1, r0, m4, 'test/m7/20260901T105414/recovery', ... (53826 bytes))
1788235786: Sending PUBLISH to m7-win-sub-phase2-20260901T105414 (d0, q1, r0, m10, 'test/m7/20260901T105414/recovery', ... (53826 bytes))
1788235786: Sending PUBACK to gatewayd-m7-gateway-20260901-105414-2971 (m4, rc0)
1788235786: Received PUBACK from m7-win-sub-phase2-20260901T105414 (Mid: 10, RC:0)
1788235786: Received PUBLISH from gatewayd-m7-gateway-20260901-105414-2971 (d0, q1, r0, m5, 'test/m7/20260901T105414/recovery', ... (54058 bytes))
1788235786: Sending PUBLISH to m7-win-sub-phase2-20260901T105414 (d0, q1, r0, m11, 'test/m7/20260901T105414/recovery', ... (54058 bytes))
1788235786: Sending PUBACK to gatewayd-m7-gateway-20260901-105414-2971 (m5, rc0)
1788235786: Received PUBACK from m7-win-sub-phase2-20260901T105414 (Mid: 11, RC:0)
1788235786: Received PUBLISH from gatewayd-m7-gateway-20260901-105414-2971 (d0, q1, r0, m6, 'test/m7/20260901T105414/recovery', ... (54058 bytes))
1788235786: Sending PUBLISH to m7-win-sub-phase2-20260901T105414 (d0, q1, r0, m12, 'test/m7/20260901T105414/recovery', ... (54058 bytes))
1788235786: Sending PUBACK to gatewayd-m7-gateway-20260901-105414-2971 (m6, rc0)
1788235786: Received PUBACK from m7-win-sub-phase2-20260901T105414 (Mid: 12, RC:0)
1788235786: Received PUBLISH from gatewayd-m7-gateway-20260901-105414-2971 (d0, q1, r0, m7, 'test/m7/20260901T105414/recovery', ... (54065 bytes))
1788235786: Sending PUBLISH to m7-win-sub-phase2-20260901T105414 (d0, q1, r0, m13, 'test/m7/20260901T105414/recovery', ... (54065 bytes))
1788235786: Sending PUBACK to gatewayd-m7-gateway-20260901-105414-2971 (m7, rc0)
1788235786: Received PUBACK from m7-win-sub-phase2-20260901T105414 (Mid: 13, RC:0)
1788235786: Received PUBLISH from gatewayd-m7-gateway-20260901-105414-2971 (d0, q1, r0, m8, 'test/m7/20260901T105414/recovery', ... (54060 bytes))
1788235786: Sending PUBLISH to m7-win-sub-phase2-20260901T105414 (d0, q1, r0, m14, 'test/m7/20260901T105414/recovery', ... (54060 bytes))
1788235786: Sending PUBACK to gatewayd-m7-gateway-20260901-105414-2971 (m8, rc0)
1788235786: Received PUBACK from m7-win-sub-phase2-20260901T105414 (Mid: 14, RC:0)
1788235786: Received PUBLISH from gatewayd-m7-gateway-20260901-105414-2971 (d0, q1, r0, m9, 'test/m7/20260901T105414/recovery', ... (54061 bytes))
1788235786: Sending PUBLISH to m7-win-sub-phase2-20260901T105414 (d0, q1, r0, m15, 'test/m7/20260901T105414/recovery', ... (54061 bytes))
1788235786: Sending PUBACK to gatewayd-m7-gateway-20260901-105414-2971 (m9, rc0)
1788235786: Received PUBACK from m7-win-sub-phase2-20260901T105414 (Mid: 15, RC:0)
1788235786: Received PUBLISH from gatewayd-m7-gateway-20260901-105414-2971 (d0, q1, r0, m10, 'test/m7/20260901T105414/recovery', ... (54061 bytes))
1788235786: Sending PUBLISH to m7-win-sub-phase2-20260901T105414 (d0, q1, r0, m16, 'test/m7/20260901T105414/recovery', ... (54061 bytes))
1788235786: Sending PUBACK to gatewayd-m7-gateway-20260901-105414-2971 (m10, rc0)
1788235786: Received PUBACK from m7-win-sub-phase2-20260901T105414 (Mid: 16, RC:0)
1788235787: Received PUBLISH from gatewayd-m7-gateway-20260901-105414-2971 (d0, q1, r0, m11, 'test/m7/20260901T105414/recovery', ... (54063 bytes))
1788235787: Sending PUBLISH to m7-win-sub-phase2-20260901T105414 (d0, q1, r0, m17, 'test/m7/20260901T105414/recovery', ... (54063 bytes))
1788235787: Sending PUBACK to gatewayd-m7-gateway-20260901-105414-2971 (m11, rc0)
1788235787: Received PUBACK from m7-win-sub-phase2-20260901T105414 (Mid: 17, RC:0)
1788235787: Received PUBLISH from gatewayd-m7-gateway-20260901-105414-2971 (d0, q1, r0, m12, 'test/m7/20260901T105414/recovery', ... (54041 bytes))
1788235787: Sending PUBLISH to m7-win-sub-phase2-20260901T105414 (d0, q1, r0, m18, 'test/m7/20260901T105414/recovery', ... (54041 bytes))
1788235787: Sending PUBACK to gatewayd-m7-gateway-20260901-105414-2971 (m12, rc0)
1788235787: Received PUBACK from m7-win-sub-phase2-20260901T105414 (Mid: 18, RC:0)
1788235787: Received PUBLISH from gatewayd-m7-gateway-20260901-105414-2971 (d0, q1, r0, m13, 'test/m7/20260901T105414/recovery', ... (54059 bytes))
1788235787: Sending PUBLISH to m7-win-sub-phase2-20260901T105414 (d0, q1, r0, m19, 'test/m7/20260901T105414/recovery', ... (54059 bytes))
1788235787: Sending PUBACK to gatewayd-m7-gateway-20260901-105414-2971 (m13, rc0)
1788235787: Received PUBACK from m7-win-sub-phase2-20260901T105414 (Mid: 19, RC:0)
1788235787: Received PUBLISH from gatewayd-m7-gateway-20260901-105414-2971 (d0, q1, r0, m14, 'test/m7/20260901T105414/recovery', ... (54059 bytes))
1788235787: Sending PUBLISH to m7-win-sub-phase2-20260901T105414 (d0, q1, r0, m20, 'test/m7/20260901T105414/recovery', ... (54059 bytes))
1788235787: Sending PUBACK to gatewayd-m7-gateway-20260901-105414-2971 (m14, rc0)
1788235787: Received PUBACK from m7-win-sub-phase2-20260901T105414 (Mid: 20, RC:0)
1788235787: Received PUBLISH from gatewayd-m7-gateway-20260901-105414-2971 (d0, q1, r0, m15, 'test/m7/20260901T105414/recovery', ... (54059 bytes))
1788235787: Sending PUBLISH to m7-win-sub-phase2-20260901T105414 (d0, q1, r0, m21, 'test/m7/20260901T105414/recovery', ... (54059 bytes))
1788235787: Sending PUBACK to gatewayd-m7-gateway-20260901-105414-2971 (m15, rc0)
1788235787: Received PUBACK from m7-win-sub-phase2-20260901T105414 (Mid: 21, RC:0)
1788235787: Received PUBLISH from gatewayd-m7-gateway-20260901-105414-2971 (d0, q1, r0, m16, 'test/m7/20260901T105414/recovery', ... (54059 bytes))
1788235787: Sending PUBLISH to m7-win-sub-phase2-20260901T105414 (d0, q1, r0, m22, 'test/m7/20260901T105414/recovery', ... (54059 bytes))
1788235787: Sending PUBACK to gatewayd-m7-gateway-20260901-105414-2971 (m16, rc0)
1788235787: Received PUBACK from m7-win-sub-phase2-20260901T105414 (Mid: 22, RC:0)
1788235787: Received PUBLISH from gatewayd-m7-gateway-20260901-105414-2971 (d0, q1, r0, m17, 'test/m7/20260901T105414/recovery', ... (54064 bytes))
1788235787: Sending PUBLISH to m7-win-sub-phase2-20260901T105414 (d0, q1, r0, m23, 'test/m7/20260901T105414/recovery', ... (54064 bytes))
1788235787: Sending PUBACK to gatewayd-m7-gateway-20260901-105414-2971 (m17, rc0)
1788235787: Received PUBACK from m7-win-sub-phase2-20260901T105414 (Mid: 23, RC:0)
1788235787: Received PUBLISH from gatewayd-m7-gateway-20260901-105414-2971 (d0, q1, r0, m18, 'test/m7/20260901T105414/recovery', ... (54085 bytes))
1788235787: Sending PUBLISH to m7-win-sub-phase2-20260901T105414 (d0, q1, r0, m24, 'test/m7/20260901T105414/recovery', ... (54085 bytes))
1788235787: Sending PUBACK to gatewayd-m7-gateway-20260901-105414-2971 (m18, rc0)
1788235787: Received PUBACK from m7-win-sub-phase2-20260901T105414 (Mid: 24, RC:0)
1788235788: Received PUBLISH from gatewayd-m7-gateway-20260901-105414-2971 (d0, q1, r0, m19, 'test/m7/20260901T105414/recovery', ... (54063 bytes))
1788235788: Sending PUBLISH to m7-win-sub-phase2-20260901T105414 (d0, q1, r0, m25, 'test/m7/20260901T105414/recovery', ... (54063 bytes))
1788235788: Sending PUBACK to gatewayd-m7-gateway-20260901-105414-2971 (m19, rc0)
1788235788: Received PUBACK from m7-win-sub-phase2-20260901T105414 (Mid: 25, RC:0)
1788235788: Received PUBLISH from gatewayd-m7-gateway-20260901-105414-2971 (d0, q1, r0, m20, 'test/m7/20260901T105414/recovery', ... (54061 bytes))
1788235788: Sending PUBLISH to m7-win-sub-phase2-20260901T105414 (d0, q1, r0, m26, 'test/m7/20260901T105414/recovery', ... (54061 bytes))
1788235788: Sending PUBACK to gatewayd-m7-gateway-20260901-105414-2971 (m20, rc0)
1788235788: Received PUBACK from m7-win-sub-phase2-20260901T105414 (Mid: 26, RC:0)
1788235788: Received PUBLISH from gatewayd-m7-gateway-20260901-105414-2971 (d0, q1, r0, m21, 'test/m7/20260901T105414/recovery', ... (54065 bytes))
1788235788: Sending PUBLISH to m7-win-sub-phase2-20260901T105414 (d0, q1, r0, m27, 'test/m7/20260901T105414/recovery', ... (54065 bytes))
1788235788: Sending PUBACK to gatewayd-m7-gateway-20260901-105414-2971 (m21, rc0)
1788235788: Received PUBACK from m7-win-sub-phase2-20260901T105414 (Mid: 27, RC:0)
1788235788: Received PUBLISH from gatewayd-m7-gateway-20260901-105414-2971 (d0, q1, r0, m22, 'test/m7/20260901T105414/recovery', ... (54036 bytes))
1788235788: Sending PUBLISH to m7-win-sub-phase2-20260901T105414 (d0, q1, r0, m28, 'test/m7/20260901T105414/recovery', ... (54036 bytes))
1788235788: Sending PUBACK to gatewayd-m7-gateway-20260901-105414-2971 (m22, rc0)
1788235788: Received PUBACK from m7-win-sub-phase2-20260901T105414 (Mid: 28, RC:0)
1788235788: Received PUBLISH from gatewayd-m7-gateway-20260901-105414-2971 (d0, q1, r0, m23, 'test/m7/20260901T105414/recovery', ... (54039 bytes))
1788235788: Sending PUBLISH to m7-win-sub-phase2-20260901T105414 (d0, q1, r0, m29, 'test/m7/20260901T105414/recovery', ... (54039 bytes))
1788235788: Sending PUBACK to gatewayd-m7-gateway-20260901-105414-2971 (m23, rc0)
1788235788: Received PUBACK from m7-win-sub-phase2-20260901T105414 (Mid: 29, RC:0)
1788235788: Received PUBLISH from gatewayd-m7-gateway-20260901-105414-2971 (d0, q1, r0, m24, 'test/m7/20260901T105414/recovery', ... (54059 bytes))
1788235788: Sending PUBLISH to m7-win-sub-phase2-20260901T105414 (d0, q1, r0, m30, 'test/m7/20260901T105414/recovery', ... (54059 bytes))
1788235788: Sending PUBACK to gatewayd-m7-gateway-20260901-105414-2971 (m24, rc0)
1788235788: Received PUBACK from m7-win-sub-phase2-20260901T105414 (Mid: 30, RC:0)
1788235788: Received PUBLISH from gatewayd-m7-gateway-20260901-105414-2971 (d0, q1, r0, m25, 'test/m7/20260901T105414/recovery', ... (54059 bytes))
1788235788: Sending PUBLISH to m7-win-sub-phase2-20260901T105414 (d0, q1, r0, m31, 'test/m7/20260901T105414/recovery', ... (54059 bytes))
1788235788: Sending PUBACK to gatewayd-m7-gateway-20260901-105414-2971 (m25, rc0)
1788235788: Received PUBACK from m7-win-sub-phase2-20260901T105414 (Mid: 31, RC:0)
1788235789: Received PUBLISH from gatewayd-m7-gateway-20260901-105414-2971 (d0, q1, r0, m26, 'test/m7/20260901T105414/recovery', ... (54059 bytes))
1788235789: Sending PUBLISH to m7-win-sub-phase2-20260901T105414 (d0, q1, r0, m32, 'test/m7/20260901T105414/recovery', ... (54059 bytes))
1788235789: Sending PUBACK to gatewayd-m7-gateway-20260901-105414-2971 (m26, rc0)
1788235789: Received PUBACK from m7-win-sub-phase2-20260901T105414 (Mid: 32, RC:0)
1788235789: Received PUBLISH from gatewayd-m7-gateway-20260901-105414-2971 (d0, q1, r0, m27, 'test/m7/20260901T105414/recovery', ... (54061 bytes))
1788235789: Sending PUBLISH to m7-win-sub-phase2-20260901T105414 (d0, q1, r0, m33, 'test/m7/20260901T105414/recovery', ... (54061 bytes))
1788235789: Sending PUBACK to gatewayd-m7-gateway-20260901-105414-2971 (m27, rc0)
1788235789: Received PUBACK from m7-win-sub-phase2-20260901T105414 (Mid: 33, RC:0)
1788235789: Received PUBLISH from gatewayd-m7-gateway-20260901-105414-2971 (d0, q1, r0, m28, 'test/m7/20260901T105414/recovery', ... (54085 bytes))
1788235789: Sending PUBLISH to m7-win-sub-phase2-20260901T105414 (d0, q1, r0, m34, 'test/m7/20260901T105414/recovery', ... (54085 bytes))
1788235789: Sending PUBACK to gatewayd-m7-gateway-20260901-105414-2971 (m28, rc0)
1788235789: Received PUBACK from m7-win-sub-phase2-20260901T105414 (Mid: 34, RC:0)
1788235789: Received PUBLISH from gatewayd-m7-gateway-20260901-105414-2971 (d0, q1, r0, m29, 'test/m7/20260901T105414/recovery', ... (54084 bytes))
1788235789: Sending PUBLISH to m7-win-sub-phase2-20260901T105414 (d0, q1, r0, m35, 'test/m7/20260901T105414/recovery', ... (54084 bytes))
1788235789: Sending PUBACK to gatewayd-m7-gateway-20260901-105414-2971 (m29, rc0)
1788235789: Received PUBACK from m7-win-sub-phase2-20260901T105414 (Mid: 35, RC:0)
1788235789: Received PUBLISH from gatewayd-m7-gateway-20260901-105414-2971 (d0, q1, r0, m30, 'test/m7/20260901T105414/recovery', ... (54067 bytes))
1788235789: Sending PUBLISH to m7-win-sub-phase2-20260901T105414 (d0, q1, r0, m36, 'test/m7/20260901T105414/recovery', ... (54067 bytes))
1788235789: Sending PUBACK to gatewayd-m7-gateway-20260901-105414-2971 (m30, rc0)
1788235789: Received PUBACK from m7-win-sub-phase2-20260901T105414 (Mid: 36, RC:0)
1788235789: Received PUBLISH from gatewayd-m7-gateway-20260901-105414-2971 (d0, q1, r0, m31, 'test/m7/20260901T105414/recovery', ... (54066 bytes))
1788235789: Sending PUBLISH to m7-win-sub-phase2-20260901T105414 (d0, q1, r0, m37, 'test/m7/20260901T105414/recovery', ... (54066 bytes))
1788235789: Sending PUBACK to gatewayd-m7-gateway-20260901-105414-2971 (m31, rc0)
1788235789: Received PUBACK from m7-win-sub-phase2-20260901T105414 (Mid: 37, RC:0)
1788235789: Received PUBLISH from gatewayd-m7-gateway-20260901-105414-2971 (d0, q1, r0, m32, 'test/m7/20260901T105414/recovery', ... (54036 bytes))
1788235789: Sending PUBLISH to m7-win-sub-phase2-20260901T105414 (d0, q1, r0, m38, 'test/m7/20260901T105414/recovery', ... (54036 bytes))
1788235789: Sending PUBACK to gatewayd-m7-gateway-20260901-105414-2971 (m32, rc0)
1788235789: Received PUBACK from m7-win-sub-phase2-20260901T105414 (Mid: 38, RC:0)
1788235789: Received PUBLISH from gatewayd-m7-gateway-20260901-105414-2971 (d0, q1, r0, m33, 'test/m7/20260901T105414/recovery', ... (54036 bytes))
1788235789: Sending PUBLISH to m7-win-sub-phase2-20260901T105414 (d0, q1, r0, m39, 'test/m7/20260901T105414/recovery', ... (54036 bytes))
1788235789: Sending PUBACK to gatewayd-m7-gateway-20260901-105414-2971 (m33, rc0)
1788235789: Received PUBACK from m7-win-sub-phase2-20260901T105414 (Mid: 39, RC:0)
1788235790: Received PUBLISH from gatewayd-m7-gateway-20260901-105414-2971 (d0, q1, r0, m34, 'test/m7/20260901T105414/recovery', ... (54037 bytes))
1788235790: Sending PUBLISH to m7-win-sub-phase2-20260901T105414 (d0, q1, r0, m40, 'test/m7/20260901T105414/recovery', ... (54037 bytes))
1788235790: Sending PUBACK to gatewayd-m7-gateway-20260901-105414-2971 (m34, rc0)
1788235790: Received PUBACK from m7-win-sub-phase2-20260901T105414 (Mid: 40, RC:0)
1788235790: Received PUBLISH from gatewayd-m7-gateway-20260901-105414-2971 (d0, q1, r0, m35, 'test/m7/20260901T105414/recovery', ... (54059 bytes))
1788235790: Sending PUBLISH to m7-win-sub-phase2-20260901T105414 (d0, q1, r0, m41, 'test/m7/20260901T105414/recovery', ... (54059 bytes))
1788235790: Sending PUBACK to gatewayd-m7-gateway-20260901-105414-2971 (m35, rc0)
1788235790: Received PUBACK from m7-win-sub-phase2-20260901T105414 (Mid: 41, RC:0)
1788235790: Received PUBLISH from gatewayd-m7-gateway-20260901-105414-2971 (d0, q1, r0, m36, 'test/m7/20260901T105414/recovery', ... (54059 bytes))
1788235790: Sending PUBLISH to m7-win-sub-phase2-20260901T105414 (d0, q1, r0, m42, 'test/m7/20260901T105414/recovery', ... (54059 bytes))
1788235790: Sending PUBACK to gatewayd-m7-gateway-20260901-105414-2971 (m36, rc0)
1788235790: Received PUBACK from m7-win-sub-phase2-20260901T105414 (Mid: 42, RC:0)
1788235790: Received PUBLISH from gatewayd-m7-gateway-20260901-105414-2971 (d0, q1, r0, m37, 'test/m7/20260901T105414/recovery', ... (54059 bytes))
1788235790: Sending PUBLISH to m7-win-sub-phase2-20260901T105414 (d0, q1, r0, m43, 'test/m7/20260901T105414/recovery', ... (54059 bytes))
1788235790: Sending PUBACK to gatewayd-m7-gateway-20260901-105414-2971 (m37, rc0)
1788235790: Received PUBACK from m7-win-sub-phase2-20260901T105414 (Mid: 43, RC:0)
1788235790: Received PUBLISH from gatewayd-m7-gateway-20260901-105414-2971 (d0, q1, r0, m38, 'test/m7/20260901T105414/recovery', ... (54085 bytes))
1788235790: Sending PUBLISH to m7-win-sub-phase2-20260901T105414 (d0, q1, r0, m44, 'test/m7/20260901T105414/recovery', ... (54085 bytes))
1788235790: Sending PUBACK to gatewayd-m7-gateway-20260901-105414-2971 (m38, rc0)
1788235790: Received PUBACK from m7-win-sub-phase2-20260901T105414 (Mid: 44, RC:0)
1788235790: Received PUBLISH from gatewayd-m7-gateway-20260901-105414-2971 (d0, q1, r0, m39, 'test/m7/20260901T105414/recovery', ... (54084 bytes))
1788235790: Sending PUBLISH to m7-win-sub-phase2-20260901T105414 (d0, q1, r0, m45, 'test/m7/20260901T105414/recovery', ... (54084 bytes))
1788235790: Sending PUBACK to gatewayd-m7-gateway-20260901-105414-2971 (m39, rc0)
1788235790: Received PUBACK from m7-win-sub-phase2-20260901T105414 (Mid: 45, RC:0)
1788235790: Received PUBLISH from gatewayd-m7-gateway-20260901-105414-2971 (d0, q1, r0, m40, 'test/m7/20260901T105414/recovery', ... (54326 bytes))
1788235790: Sending PUBLISH to m7-win-sub-phase2-20260901T105414 (d0, q1, r0, m46, 'test/m7/20260901T105414/recovery', ... (54326 bytes))
1788235790: Sending PUBACK to gatewayd-m7-gateway-20260901-105414-2971 (m40, rc0)
1788235790: Received PUBACK from m7-win-sub-phase2-20260901T105414 (Mid: 46, RC:0)
1788235791: Received PUBLISH from gatewayd-m7-gateway-20260901-105414-2971 (d0, q1, r0, m41, 'test/m7/20260901T105414/recovery', ... (54339 bytes))
1788235791: Sending PUBLISH to m7-win-sub-phase2-20260901T105414 (d0, q1, r0, m47, 'test/m7/20260901T105414/recovery', ... (54339 bytes))
1788235791: Sending PUBACK to gatewayd-m7-gateway-20260901-105414-2971 (m41, rc0)
1788235791: Received PUBACK from m7-win-sub-phase2-20260901T105414 (Mid: 47, RC:0)
1788235791: Received PUBLISH from gatewayd-m7-gateway-20260901-105414-2971 (d0, q1, r0, m42, 'test/m7/20260901T105414/recovery', ... (54290 bytes))
1788235791: Sending PUBLISH to m7-win-sub-phase2-20260901T105414 (d0, q1, r0, m48, 'test/m7/20260901T105414/recovery', ... (54290 bytes))
1788235791: Sending PUBACK to gatewayd-m7-gateway-20260901-105414-2971 (m42, rc0)
1788235791: Received PUBACK from m7-win-sub-phase2-20260901T105414 (Mid: 48, RC:0)
1788235791: Received PUBLISH from gatewayd-m7-gateway-20260901-105414-2971 (d0, q1, r0, m43, 'test/m7/20260901T105414/recovery', ... (54294 bytes))
1788235791: Sending PUBLISH to m7-win-sub-phase2-20260901T105414 (d0, q1, r0, m49, 'test/m7/20260901T105414/recovery', ... (54294 bytes))
1788235791: Sending PUBACK to gatewayd-m7-gateway-20260901-105414-2971 (m43, rc0)
1788235791: Received PUBACK from m7-win-sub-phase2-20260901T105414 (Mid: 49, RC:0)
1788235791: Received PUBLISH from gatewayd-m7-gateway-20260901-105414-2971 (d0, q1, r0, m44, 'test/m7/20260901T105414/recovery', ... (54294 bytes))
1788235791: Sending PUBLISH to m7-win-sub-phase2-20260901T105414 (d0, q1, r0, m50, 'test/m7/20260901T105414/recovery', ... (54294 bytes))
1788235791: Sending PUBACK to gatewayd-m7-gateway-20260901-105414-2971 (m44, rc0)
1788235791: Received PUBACK from m7-win-sub-phase2-20260901T105414 (Mid: 50, RC:0)
1788235791: Received PUBLISH from gatewayd-m7-gateway-20260901-105414-2971 (d0, q1, r0, m45, 'test/m7/20260901T105414/recovery', ... (54294 bytes))
1788235791: Sending PUBLISH to m7-win-sub-phase2-20260901T105414 (d0, q1, r0, m51, 'test/m7/20260901T105414/recovery', ... (54294 bytes))
1788235791: Sending PUBACK to gatewayd-m7-gateway-20260901-105414-2971 (m45, rc0)
1788235791: Received PUBACK from m7-win-sub-phase2-20260901T105414 (Mid: 51, RC:0)
1788235791: Received PUBLISH from gatewayd-m7-gateway-20260901-105414-2971 (d0, q1, r0, m46, 'test/m7/20260901T105414/recovery', ... (54315 bytes))
1788235791: Sending PUBLISH to m7-win-sub-phase2-20260901T105414 (d0, q1, r0, m52, 'test/m7/20260901T105414/recovery', ... (54315 bytes))
1788235791: Sending PUBACK to gatewayd-m7-gateway-20260901-105414-2971 (m46, rc0)
1788235791: Received PUBACK from m7-win-sub-phase2-20260901T105414 (Mid: 52, RC:0)
1788235791: Received PUBLISH from gatewayd-m7-gateway-20260901-105414-2971 (d0, q1, r0, m47, 'test/m7/20260901T105414/recovery', ... (54317 bytes))
1788235791: Sending PUBLISH to m7-win-sub-phase2-20260901T105414 (d0, q1, r0, m53, 'test/m7/20260901T105414/recovery', ... (54317 bytes))
1788235791: Sending PUBACK to gatewayd-m7-gateway-20260901-105414-2971 (m47, rc0)
1788235791: Received PUBACK from m7-win-sub-phase2-20260901T105414 (Mid: 53, RC:0)
1788235792: Received PUBLISH from gatewayd-m7-gateway-20260901-105414-2971 (d0, q1, r0, m48, 'test/m7/20260901T105414/recovery', ... (54341 bytes))
1788235792: Sending PUBLISH to m7-win-sub-phase2-20260901T105414 (d0, q1, r0, m54, 'test/m7/20260901T105414/recovery', ... (54341 bytes))
1788235792: Sending PUBACK to gatewayd-m7-gateway-20260901-105414-2971 (m48, rc0)
1788235792: Received PUBACK from m7-win-sub-phase2-20260901T105414 (Mid: 54, RC:0)
1788235792: Received PUBLISH from gatewayd-m7-gateway-20260901-105414-2971 (d0, q1, r0, m49, 'test/m7/20260901T105414/recovery', ... (54342 bytes))
1788235792: Sending PUBLISH to m7-win-sub-phase2-20260901T105414 (d0, q1, r0, m55, 'test/m7/20260901T105414/recovery', ... (54342 bytes))
1788235792: Sending PUBACK to gatewayd-m7-gateway-20260901-105414-2971 (m49, rc0)
1788235792: Received PUBACK from m7-win-sub-phase2-20260901T105414 (Mid: 55, RC:0)
1788235792: Received PUBLISH from gatewayd-m7-gateway-20260901-105414-2971 (d0, q1, r0, m50, 'test/m7/20260901T105414/recovery', ... (54342 bytes))
1788235792: Sending PUBLISH to m7-win-sub-phase2-20260901T105414 (d0, q1, r0, m56, 'test/m7/20260901T105414/recovery', ... (54342 bytes))
1788235792: Sending PUBACK to gatewayd-m7-gateway-20260901-105414-2971 (m50, rc0)
1788235792: Received PUBACK from m7-win-sub-phase2-20260901T105414 (Mid: 56, RC:0)
1788235792: Received PUBLISH from gatewayd-m7-gateway-20260901-105414-2971 (d0, q1, r0, m51, 'test/m7/20260901T105414/recovery', ... (54353 bytes))
1788235792: Sending PUBLISH to m7-win-sub-phase2-20260901T105414 (d0, q1, r0, m57, 'test/m7/20260901T105414/recovery', ... (54353 bytes))
1788235792: Sending PUBACK to gatewayd-m7-gateway-20260901-105414-2971 (m51, rc0)
1788235792: Received PUBACK from m7-win-sub-phase2-20260901T105414 (Mid: 57, RC:0)
1788235792: Received PUBLISH from gatewayd-m7-gateway-20260901-105414-2971 (d0, q1, r0, m52, 'test/m7/20260901T105414/recovery', ... (54309 bytes))
1788235792: Sending PUBLISH to m7-win-sub-phase2-20260901T105414 (d0, q1, r0, m58, 'test/m7/20260901T105414/recovery', ... (54309 bytes))
1788235792: Sending PUBACK to gatewayd-m7-gateway-20260901-105414-2971 (m52, rc0)
1788235792: Received PUBACK from m7-win-sub-phase2-20260901T105414 (Mid: 58, RC:0)
1788235792: Received PUBLISH from gatewayd-m7-gateway-20260901-105414-2971 (d0, q1, r0, m53, 'test/m7/20260901T105414/recovery', ... (54288 bytes))
1788235792: Sending PUBLISH to m7-win-sub-phase2-20260901T105414 (d0, q1, r0, m59, 'test/m7/20260901T105414/recovery', ... (54288 bytes))
1788235792: Sending PUBACK to gatewayd-m7-gateway-20260901-105414-2971 (m53, rc0)
1788235792: Received PUBACK from m7-win-sub-phase2-20260901T105414 (Mid: 59, RC:0)
1788235792: Received PUBLISH from gatewayd-m7-gateway-20260901-105414-2971 (d0, q1, r0, m54, 'test/m7/20260901T105414/recovery', ... (54294 bytes))
1788235792: Sending PUBLISH to m7-win-sub-phase2-20260901T105414 (d0, q1, r0, m60, 'test/m7/20260901T105414/recovery', ... (54294 bytes))
1788235792: Sending PUBACK to gatewayd-m7-gateway-20260901-105414-2971 (m54, rc0)
1788235792: Received PUBACK from m7-win-sub-phase2-20260901T105414 (Mid: 60, RC:0)
1788235792: Received PUBLISH from gatewayd-m7-gateway-20260901-105414-2971 (d0, q1, r0, m55, 'test/m7/20260901T105414/recovery', ... (54294 bytes))
1788235792: Sending PUBLISH to m7-win-sub-phase2-20260901T105414 (d0, q1, r0, m61, 'test/m7/20260901T105414/recovery', ... (54294 bytes))
1788235792: Sending PUBACK to gatewayd-m7-gateway-20260901-105414-2971 (m55, rc0)
1788235792: Received PUBACK from m7-win-sub-phase2-20260901T105414 (Mid: 61, RC:0)
1788235793: Received PUBLISH from gatewayd-m7-gateway-20260901-105414-2971 (d0, q1, r0, m56, 'test/m7/20260901T105414/recovery', ... (54294 bytes))
1788235793: Sending PUBLISH to m7-win-sub-phase2-20260901T105414 (d0, q1, r0, m62, 'test/m7/20260901T105414/recovery', ... (54294 bytes))
1788235793: Sending PUBACK to gatewayd-m7-gateway-20260901-105414-2971 (m56, rc0)
1788235793: Received PUBACK from m7-win-sub-phase2-20260901T105414 (Mid: 62, RC:0)
1788235793: Received PUBLISH from gatewayd-m7-gateway-20260901-105414-2971 (d0, q1, r0, m57, 'test/m7/20260901T105414/recovery', ... (54313 bytes))
1788235793: Sending PUBLISH to m7-win-sub-phase2-20260901T105414 (d0, q1, r0, m63, 'test/m7/20260901T105414/recovery', ... (54313 bytes))
1788235793: Sending PUBACK to gatewayd-m7-gateway-20260901-105414-2971 (m57, rc0)
1788235793: Received PUBACK from m7-win-sub-phase2-20260901T105414 (Mid: 63, RC:0)
1788235793: Received PUBLISH from gatewayd-m7-gateway-20260901-105414-2971 (d0, q1, r0, m58, 'test/m7/20260901T105414/recovery', ... (54338 bytes))
1788235793: Sending PUBLISH to m7-win-sub-phase2-20260901T105414 (d0, q1, r0, m64, 'test/m7/20260901T105414/recovery', ... (54338 bytes))
1788235793: Sending PUBACK to gatewayd-m7-gateway-20260901-105414-2971 (m58, rc0)
1788235793: Received PUBACK from m7-win-sub-phase2-20260901T105414 (Mid: 64, RC:0)
1788235793: Received PUBLISH from gatewayd-m7-gateway-20260901-105414-2971 (d0, q1, r0, m59, 'test/m7/20260901T105414/recovery', ... (54342 bytes))
1788235793: Sending PUBLISH to m7-win-sub-phase2-20260901T105414 (d0, q1, r0, m65, 'test/m7/20260901T105414/recovery', ... (54342 bytes))
1788235793: Sending PUBACK to gatewayd-m7-gateway-20260901-105414-2971 (m59, rc0)
1788235793: Received PUBACK from m7-win-sub-phase2-20260901T105414 (Mid: 65, RC:0)
1788235793: Received PUBLISH from gatewayd-m7-gateway-20260901-105414-2971 (d0, q1, r0, m60, 'test/m7/20260901T105414/recovery', ... (54342 bytes))
1788235793: Sending PUBLISH to m7-win-sub-phase2-20260901T105414 (d0, q1, r0, m66, 'test/m7/20260901T105414/recovery', ... (54342 bytes))
1788235793: Sending PUBACK to gatewayd-m7-gateway-20260901-105414-2971 (m60, rc0)
1788235793: Received PUBACK from m7-win-sub-phase2-20260901T105414 (Mid: 66, RC:0)
1788235793: Received PUBLISH from gatewayd-m7-gateway-20260901-105414-2971 (d0, q1, r0, m61, 'test/m7/20260901T105414/recovery', ... (54350 bytes))
1788235793: Sending PUBLISH to m7-win-sub-phase2-20260901T105414 (d0, q1, r0, m67, 'test/m7/20260901T105414/recovery', ... (54350 bytes))
1788235793: Sending PUBACK to gatewayd-m7-gateway-20260901-105414-2971 (m61, rc0)
1788235793: Received PUBACK from m7-win-sub-phase2-20260901T105414 (Mid: 67, RC:0)
1788235793: Received PUBLISH from gatewayd-m7-gateway-20260901-105414-2971 (d0, q1, r0, m62, 'test/m7/20260901T105414/recovery', ... (54323 bytes))
1788235793: Sending PUBLISH to m7-win-sub-phase2-20260901T105414 (d0, q1, r0, m68, 'test/m7/20260901T105414/recovery', ... (54323 bytes))
1788235793: Sending PUBACK to gatewayd-m7-gateway-20260901-105414-2971 (m62, rc0)
1788235793: Received PUBACK from m7-win-sub-phase2-20260901T105414 (Mid: 68, RC:0)
1788235794: Received PUBLISH from gatewayd-m7-gateway-20260901-105414-2971 (d0, q1, r0, m63, 'test/m7/20260901T105414/recovery', ... (54311 bytes))
1788235794: Sending PUBLISH to m7-win-sub-phase2-20260901T105414 (d0, q1, r0, m69, 'test/m7/20260901T105414/recovery', ... (54311 bytes))
1788235794: Sending PUBACK to gatewayd-m7-gateway-20260901-105414-2971 (m63, rc0)
1788235794: Received PUBACK from m7-win-sub-phase2-20260901T105414 (Mid: 69, RC:0)
1788235794: Received PUBLISH from gatewayd-m7-gateway-20260901-105414-2971 (d0, q1, r0, m64, 'test/m7/20260901T105414/recovery', ... (54280 bytes))
1788235794: Sending PUBLISH to m7-win-sub-phase2-20260901T105414 (d0, q1, r0, m70, 'test/m7/20260901T105414/recovery', ... (54280 bytes))
1788235794: Sending PUBACK to gatewayd-m7-gateway-20260901-105414-2971 (m64, rc0)
1788235794: Received PUBACK from m7-win-sub-phase2-20260901T105414 (Mid: 70, RC:0)
1788235794: Received PUBLISH from gatewayd-m7-gateway-20260901-105414-2971 (d0, q1, r0, m65, 'test/m7/20260901T105414/recovery', ... (54290 bytes))
1788235794: Sending PUBLISH to m7-win-sub-phase2-20260901T105414 (d0, q1, r0, m71, 'test/m7/20260901T105414/recovery', ... (54290 bytes))
1788235794: Sending PUBACK to gatewayd-m7-gateway-20260901-105414-2971 (m65, rc0)
1788235794: Received PUBACK from m7-win-sub-phase2-20260901T105414 (Mid: 71, RC:0)
1788235794: Received PUBLISH from gatewayd-m7-gateway-20260901-105414-2971 (d0, q1, r0, m66, 'test/m7/20260901T105414/recovery', ... (54290 bytes))
1788235794: Sending PUBLISH to m7-win-sub-phase2-20260901T105414 (d0, q1, r0, m72, 'test/m7/20260901T105414/recovery', ... (54290 bytes))
1788235794: Sending PUBACK to gatewayd-m7-gateway-20260901-105414-2971 (m66, rc0)
1788235794: Received PUBACK from m7-win-sub-phase2-20260901T105414 (Mid: 72, RC:0)
1788235794: Received PUBLISH from gatewayd-m7-gateway-20260901-105414-2971 (d0, q1, r0, m67, 'test/m7/20260901T105414/recovery', ... (54289 bytes))
1788235794: Sending PUBLISH to m7-win-sub-phase2-20260901T105414 (d0, q1, r0, m73, 'test/m7/20260901T105414/recovery', ... (54289 bytes))
1788235794: Sending PUBACK to gatewayd-m7-gateway-20260901-105414-2971 (m67, rc0)
1788235794: Received PUBACK from m7-win-sub-phase2-20260901T105414 (Mid: 73, RC:0)
1788235794: Received PUBLISH from gatewayd-m7-gateway-20260901-105414-2971 (d0, q1, r0, m68, 'test/m7/20260901T105414/recovery', ... (54328 bytes))
1788235794: Sending PUBLISH to m7-win-sub-phase2-20260901T105414 (d0, q1, r0, m74, 'test/m7/20260901T105414/recovery', ... (54328 bytes))
1788235794: Sending PUBACK to gatewayd-m7-gateway-20260901-105414-2971 (m68, rc0)
1788235794: Received PUBACK from m7-win-sub-phase2-20260901T105414 (Mid: 74, RC:0)
1788235794: Received PUBLISH from gatewayd-m7-gateway-20260901-105414-2971 (d0, q1, r0, m69, 'test/m7/20260901T105414/recovery', ... (54340 bytes))
1788235794: Sending PUBLISH to m7-win-sub-phase2-20260901T105414 (d0, q1, r0, m75, 'test/m7/20260901T105414/recovery', ... (54340 bytes))
1788235794: Sending PUBACK to gatewayd-m7-gateway-20260901-105414-2971 (m69, rc0)
1788235794: Received PUBACK from m7-win-sub-phase2-20260901T105414 (Mid: 75, RC:0)
1788235795: Received PUBLISH from gatewayd-m7-gateway-20260901-105414-2971 (d0, q1, r0, m70, 'test/m7/20260901T105414/recovery', ... (54340 bytes))
1788235795: Sending PUBLISH to m7-win-sub-phase2-20260901T105414 (d0, q1, r0, m76, 'test/m7/20260901T105414/recovery', ... (54340 bytes))
1788235795: Sending PUBACK to gatewayd-m7-gateway-20260901-105414-2971 (m70, rc0)
1788235795: Received PUBACK from m7-win-sub-phase2-20260901T105414 (Mid: 76, RC:0)
1788235795: Received PUBLISH from gatewayd-m7-gateway-20260901-105414-2971 (d0, q1, r0, m71, 'test/m7/20260901T105414/recovery', ... (54345 bytes))
1788235795: Sending PUBLISH to m7-win-sub-phase2-20260901T105414 (d0, q1, r0, m77, 'test/m7/20260901T105414/recovery', ... (54345 bytes))
1788235795: Sending PUBACK to gatewayd-m7-gateway-20260901-105414-2971 (m71, rc0)
1788235795: Received PUBACK from m7-win-sub-phase2-20260901T105414 (Mid: 77, RC:0)
1788235795: Received PUBLISH from gatewayd-m7-gateway-20260901-105414-2971 (d0, q1, r0, m72, 'test/m7/20260901T105414/recovery', ... (54325 bytes))
1788235795: Sending PUBLISH to m7-win-sub-phase2-20260901T105414 (d0, q1, r0, m78, 'test/m7/20260901T105414/recovery', ... (54325 bytes))
1788235795: Sending PUBACK to gatewayd-m7-gateway-20260901-105414-2971 (m72, rc0)
1788235795: Received PUBACK from m7-win-sub-phase2-20260901T105414 (Mid: 78, RC:0)
1788235795: Received PUBLISH from gatewayd-m7-gateway-20260901-105414-2971 (d0, q1, r0, m73, 'test/m7/20260901T105414/recovery', ... (54315 bytes))
1788235795: Sending PUBLISH to m7-win-sub-phase2-20260901T105414 (d0, q1, r0, m79, 'test/m7/20260901T105414/recovery', ... (54315 bytes))
1788235795: Sending PUBACK to gatewayd-m7-gateway-20260901-105414-2971 (m73, rc0)
1788235795: Received PUBACK from m7-win-sub-phase2-20260901T105414 (Mid: 79, RC:0)
1788235795: Received PUBLISH from gatewayd-m7-gateway-20260901-105414-2971 (d0, q1, r0, m74, 'test/m7/20260901T105414/recovery', ... (54314 bytes))
1788235795: Sending PUBLISH to m7-win-sub-phase2-20260901T105414 (d0, q1, r0, m80, 'test/m7/20260901T105414/recovery', ... (54314 bytes))
1788235795: Sending PUBACK to gatewayd-m7-gateway-20260901-105414-2971 (m74, rc0)
1788235795: Received PUBACK from m7-win-sub-phase2-20260901T105414 (Mid: 80, RC:0)
1788235795: Received PUBLISH from gatewayd-m7-gateway-20260901-105414-2971 (d0, q1, r0, m75, 'test/m7/20260901T105414/recovery', ... (54283 bytes))
1788235795: Sending PUBLISH to m7-win-sub-phase2-20260901T105414 (d0, q1, r0, m81, 'test/m7/20260901T105414/recovery', ... (54283 bytes))
1788235795: Sending PUBACK to gatewayd-m7-gateway-20260901-105414-2971 (m75, rc0)
1788235795: Received PUBACK from m7-win-sub-phase2-20260901T105414 (Mid: 81, RC:0)
1788235795: Received PUBLISH from gatewayd-m7-gateway-20260901-105414-2971 (d0, q1, r0, m76, 'test/m7/20260901T105414/recovery', ... (54292 bytes))
1788235795: Sending PUBLISH to m7-win-sub-phase2-20260901T105414 (d0, q1, r0, m82, 'test/m7/20260901T105414/recovery', ... (54292 bytes))
1788235795: Sending PUBACK to gatewayd-m7-gateway-20260901-105414-2971 (m76, rc0)
1788235795: Received PUBACK from m7-win-sub-phase2-20260901T105414 (Mid: 82, RC:0)
1788235796: Received PUBLISH from gatewayd-m7-gateway-20260901-105414-2971 (d0, q1, r0, m77, 'test/m7/20260901T105414/recovery', ... (54291 bytes))
1788235796: Sending PUBLISH to m7-win-sub-phase2-20260901T105414 (d0, q1, r0, m83, 'test/m7/20260901T105414/recovery', ... (54291 bytes))
1788235796: Sending PUBACK to gatewayd-m7-gateway-20260901-105414-2971 (m77, rc0)
1788235796: Received PUBACK from m7-win-sub-phase2-20260901T105414 (Mid: 83, RC:0)
1788235796: Received PUBLISH from gatewayd-m7-gateway-20260901-105414-2971 (d0, q1, r0, m78, 'test/m7/20260901T105414/recovery', ... (54308 bytes))
1788235796: Sending PUBLISH to m7-win-sub-phase2-20260901T105414 (d0, q1, r0, m84, 'test/m7/20260901T105414/recovery', ... (54308 bytes))
1788235796: Sending PUBACK to gatewayd-m7-gateway-20260901-105414-2971 (m78, rc0)
1788235796: Received PUBACK from m7-win-sub-phase2-20260901T105414 (Mid: 84, RC:0)
1788235796: Received PUBLISH from gatewayd-m7-gateway-20260901-105414-2971 (d0, q1, r0, m79, 'test/m7/20260901T105414/recovery', ... (54332 bytes))
1788235796: Sending PUBLISH to m7-win-sub-phase2-20260901T105414 (d0, q1, r0, m85, 'test/m7/20260901T105414/recovery', ... (54332 bytes))
1788235796: Sending PUBACK to gatewayd-m7-gateway-20260901-105414-2971 (m79, rc0)
1788235796: Received PUBACK from m7-win-sub-phase2-20260901T105414 (Mid: 85, RC:0)
1788235796: Received PUBLISH from gatewayd-m7-gateway-20260901-105414-2971 (d0, q1, r0, m80, 'test/m7/20260901T105414/recovery', ... (54340 bytes))
1788235796: Sending PUBLISH to m7-win-sub-phase2-20260901T105414 (d0, q1, r0, m86, 'test/m7/20260901T105414/recovery', ... (54340 bytes))
1788235796: Sending PUBACK to gatewayd-m7-gateway-20260901-105414-2971 (m80, rc0)
1788235796: Received PUBACK from m7-win-sub-phase2-20260901T105414 (Mid: 86, RC:0)
1788235796: Received PUBLISH from gatewayd-m7-gateway-20260901-105414-2971 (d0, q1, r0, m81, 'test/m7/20260901T105414/recovery', ... (54343 bytes))
1788235796: Sending PUBLISH to m7-win-sub-phase2-20260901T105414 (d0, q1, r0, m87, 'test/m7/20260901T105414/recovery', ... (54343 bytes))
1788235796: Sending PUBACK to gatewayd-m7-gateway-20260901-105414-2971 (m81, rc0)
1788235796: Received PUBACK from m7-win-sub-phase2-20260901T105414 (Mid: 87, RC:0)
1788235796: Received PUBLISH from gatewayd-m7-gateway-20260901-105414-2971 (d0, q1, r0, m82, 'test/m7/20260901T105414/recovery', ... (54329 bytes))
1788235796: Sending PUBLISH to m7-win-sub-phase2-20260901T105414 (d0, q1, r0, m88, 'test/m7/20260901T105414/recovery', ... (54329 bytes))
1788235796: Sending PUBACK to gatewayd-m7-gateway-20260901-105414-2971 (m82, rc0)
1788235796: Received PUBACK from m7-win-sub-phase2-20260901T105414 (Mid: 88, RC:0)
1788235796: Received PUBLISH from gatewayd-m7-gateway-20260901-105414-2971 (d0, q1, r0, m83, 'test/m7/20260901T105414/recovery', ... (54315 bytes))
1788235796: Sending PUBLISH to m7-win-sub-phase2-20260901T105414 (d0, q1, r0, m89, 'test/m7/20260901T105414/recovery', ... (54315 bytes))
1788235796: Sending PUBACK to gatewayd-m7-gateway-20260901-105414-2971 (m83, rc0)
1788235796: Received PUBACK from m7-win-sub-phase2-20260901T105414 (Mid: 89, RC:0)
1788235796: Received PUBLISH from gatewayd-m7-gateway-20260901-105414-2971 (d0, q1, r0, m84, 'test/m7/20260901T105414/recovery', ... (54314 bytes))
1788235796: Sending PUBLISH to m7-win-sub-phase2-20260901T105414 (d0, q1, r0, m90, 'test/m7/20260901T105414/recovery', ... (54314 bytes))
1788235796: Sending PUBACK to gatewayd-m7-gateway-20260901-105414-2971 (m84, rc0)
1788235796: Received PUBACK from m7-win-sub-phase2-20260901T105414 (Mid: 90, RC:0)
1788235797: Received PUBLISH from gatewayd-m7-gateway-20260901-105414-2971 (d0, q1, r0, m85, 'test/m7/20260901T105414/recovery', ... (54315 bytes))
1788235797: Sending PUBLISH to m7-win-sub-phase2-20260901T105414 (d0, q1, r0, m91, 'test/m7/20260901T105414/recovery', ... (54315 bytes))
1788235797: Sending PUBACK to gatewayd-m7-gateway-20260901-105414-2971 (m85, rc0)
1788235797: Received PUBACK from m7-win-sub-phase2-20260901T105414 (Mid: 91, RC:0)
1788235797: Received PUBLISH from gatewayd-m7-gateway-20260901-105414-2971 (d0, q1, r0, m86, 'test/m7/20260901T105414/recovery', ... (54285 bytes))
1788235797: Sending PUBLISH to m7-win-sub-phase2-20260901T105414 (d0, q1, r0, m92, 'test/m7/20260901T105414/recovery', ... (54285 bytes))
1788235797: Sending PUBACK to gatewayd-m7-gateway-20260901-105414-2971 (m86, rc0)
1788235797: Received PUBACK from m7-win-sub-phase2-20260901T105414 (Mid: 92, RC:0)
1788235797: Received PUBLISH from gatewayd-m7-gateway-20260901-105414-2971 (d0, q1, r0, m87, 'test/m7/20260901T105414/recovery', ... (54291 bytes))
1788235797: Sending PUBLISH to m7-win-sub-phase2-20260901T105414 (d0, q1, r0, m93, 'test/m7/20260901T105414/recovery', ... (54291 bytes))
1788235797: Sending PUBACK to gatewayd-m7-gateway-20260901-105414-2971 (m87, rc0)
1788235797: Received PUBACK from m7-win-sub-phase2-20260901T105414 (Mid: 93, RC:0)
1788235797: Received PUBLISH from gatewayd-m7-gateway-20260901-105414-2971 (d0, q1, r0, m88, 'test/m7/20260901T105414/recovery', ... (54306 bytes))
1788235797: Sending PUBLISH to m7-win-sub-phase2-20260901T105414 (d0, q1, r0, m94, 'test/m7/20260901T105414/recovery', ... (54306 bytes))
1788235797: Sending PUBACK to gatewayd-m7-gateway-20260901-105414-2971 (m88, rc0)
1788235797: Received PUBACK from m7-win-sub-phase2-20260901T105414 (Mid: 94, RC:0)
1788235797: Received PUBLISH from gatewayd-m7-gateway-20260901-105414-2971 (d0, q1, r0, m89, 'test/m7/20260901T105414/recovery', ... (54317 bytes))
1788235797: Sending PUBLISH to m7-win-sub-phase2-20260901T105414 (d0, q1, r0, m95, 'test/m7/20260901T105414/recovery', ... (54317 bytes))
1788235797: Sending PUBACK to gatewayd-m7-gateway-20260901-105414-2971 (m89, rc0)
1788235797: Received PUBACK from m7-win-sub-phase2-20260901T105414 (Mid: 95, RC:0)
1788235797: Received PUBLISH from gatewayd-m7-gateway-20260901-105414-2971 (d0, q1, r0, m90, 'test/m7/20260901T105414/recovery', ... (54329 bytes))
1788235797: Sending PUBLISH to m7-win-sub-phase2-20260901T105414 (d0, q1, r0, m96, 'test/m7/20260901T105414/recovery', ... (54329 bytes))
1788235797: Sending PUBACK to gatewayd-m7-gateway-20260901-105414-2971 (m90, rc0)
1788235797: Received PUBACK from m7-win-sub-phase2-20260901T105414 (Mid: 96, RC:0)
1788235797: Received PUBLISH from gatewayd-m7-gateway-20260901-105414-2971 (d0, q1, r0, m91, 'test/m7/20260901T105414/recovery', ... (54340 bytes))
1788235797: Sending PUBLISH to m7-win-sub-phase2-20260901T105414 (d0, q1, r0, m97, 'test/m7/20260901T105414/recovery', ... (54340 bytes))
1788235797: Sending PUBACK to gatewayd-m7-gateway-20260901-105414-2971 (m91, rc0)
1788235797: Received PUBACK from m7-win-sub-phase2-20260901T105414 (Mid: 97, RC:0)
1788235797: Received PUBLISH from gatewayd-m7-gateway-20260901-105414-2971 (d0, q1, r0, m92, 'test/m7/20260901T105414/recovery', ... (54335 bytes))
1788235797: Sending PUBLISH to m7-win-sub-phase2-20260901T105414 (d0, q1, r0, m98, 'test/m7/20260901T105414/recovery', ... (54335 bytes))
1788235797: Sending PUBACK to gatewayd-m7-gateway-20260901-105414-2971 (m92, rc0)
1788235797: Received PUBACK from m7-win-sub-phase2-20260901T105414 (Mid: 98, RC:0)
1788235798: Received PUBLISH from gatewayd-m7-gateway-20260901-105414-2971 (d0, q1, r0, m93, 'test/m7/20260901T105414/recovery', ... (54315 bytes))
1788235798: Sending PUBLISH to m7-win-sub-phase2-20260901T105414 (d0, q1, r0, m99, 'test/m7/20260901T105414/recovery', ... (54315 bytes))
1788235798: Sending PUBACK to gatewayd-m7-gateway-20260901-105414-2971 (m93, rc0)
1788235798: Received PUBACK from m7-win-sub-phase2-20260901T105414 (Mid: 99, RC:0)
1788235798: Received PUBLISH from gatewayd-m7-gateway-20260901-105414-2971 (d0, q1, r0, m94, 'test/m7/20260901T105414/recovery', ... (54314 bytes))
1788235798: Sending PUBLISH to m7-win-sub-phase2-20260901T105414 (d0, q1, r0, m100, 'test/m7/20260901T105414/recovery', ... (54314 bytes))
1788235798: Sending PUBACK to gatewayd-m7-gateway-20260901-105414-2971 (m94, rc0)
1788235798: Received PUBACK from m7-win-sub-phase2-20260901T105414 (Mid: 100, RC:0)
1788235798: Received PUBLISH from gatewayd-m7-gateway-20260901-105414-2971 (d0, q1, r0, m95, 'test/m7/20260901T105414/recovery', ... (54315 bytes))
1788235798: Sending PUBLISH to m7-win-sub-phase2-20260901T105414 (d0, q1, r0, m101, 'test/m7/20260901T105414/recovery', ... (54315 bytes))
1788235798: Sending PUBACK to gatewayd-m7-gateway-20260901-105414-2971 (m95, rc0)
1788235798: Received PUBACK from m7-win-sub-phase2-20260901T105414 (Mid: 101, RC:0)
1788235798: Received PUBLISH from gatewayd-m7-gateway-20260901-105414-2971 (d0, q1, r0, m96, 'test/m7/20260901T105414/recovery', ... (54315 bytes))
1788235798: Sending PUBLISH to m7-win-sub-phase2-20260901T105414 (d0, q1, r0, m102, 'test/m7/20260901T105414/recovery', ... (54315 bytes))
1788235798: Sending PUBACK to gatewayd-m7-gateway-20260901-105414-2971 (m96, rc0)
1788235798: Received PUBACK from m7-win-sub-phase2-20260901T105414 (Mid: 102, RC:0)
1788235798: Received PUBLISH from gatewayd-m7-gateway-20260901-105414-2971 (d0, q1, r0, m97, 'test/m7/20260901T105414/recovery', ... (54286 bytes))
1788235798: Sending PUBLISH to m7-win-sub-phase2-20260901T105414 (d0, q1, r0, m103, 'test/m7/20260901T105414/recovery', ... (54286 bytes))
1788235798: Sending PUBACK to gatewayd-m7-gateway-20260901-105414-2971 (m97, rc0)
1788235798: Received PUBACK from m7-win-sub-phase2-20260901T105414 (Mid: 103, RC:0)
1788235798: Received PUBLISH from gatewayd-m7-gateway-20260901-105414-2971 (d0, q1, r0, m98, 'test/m7/20260901T105414/recovery', ... (54304 bytes))
1788235798: Sending PUBLISH to m7-win-sub-phase2-20260901T105414 (d0, q1, r0, m104, 'test/m7/20260901T105414/recovery', ... (54304 bytes))
1788235798: Sending PUBACK to gatewayd-m7-gateway-20260901-105414-2971 (m98, rc0)
1788235798: Received PUBACK from m7-win-sub-phase2-20260901T105414 (Mid: 104, RC:0)
1788235798: Received PUBLISH from gatewayd-m7-gateway-20260901-105414-2971 (d0, q1, r0, m99, 'test/m7/20260901T105414/recovery', ... (54317 bytes))
1788235798: Sending PUBLISH to m7-win-sub-phase2-20260901T105414 (d0, q1, r0, m105, 'test/m7/20260901T105414/recovery', ... (54317 bytes))
1788235798: Sending PUBACK to gatewayd-m7-gateway-20260901-105414-2971 (m99, rc0)
1788235798: Received PUBACK from m7-win-sub-phase2-20260901T105414 (Mid: 105, RC:0)
1788235799: Received PUBLISH from gatewayd-m7-gateway-20260901-105414-2971 (d0, q1, r0, m100, 'test/m7/20260901T105414/recovery', ... (54318 bytes))
1788235799: Sending PUBLISH to m7-win-sub-phase2-20260901T105414 (d0, q1, r0, m106, 'test/m7/20260901T105414/recovery', ... (54318 bytes))
1788235799: Sending PUBACK to gatewayd-m7-gateway-20260901-105414-2971 (m100, rc0)
1788235799: Received PUBACK from m7-win-sub-phase2-20260901T105414 (Mid: 106, RC:0)
1788235799: Received PUBLISH from gatewayd-m7-gateway-20260901-105414-2971 (d0, q1, r0, m101, 'test/m7/20260901T105414/recovery', ... (54328 bytes))
1788235799: Sending PUBLISH to m7-win-sub-phase2-20260901T105414 (d0, q1, r0, m107, 'test/m7/20260901T105414/recovery', ... (54328 bytes))
1788235799: Sending PUBACK to gatewayd-m7-gateway-20260901-105414-2971 (m101, rc0)
1788235799: Received PUBACK from m7-win-sub-phase2-20260901T105414 (Mid: 107, RC:0)
1788235799: Received PUBLISH from gatewayd-m7-gateway-20260901-105414-2971 (d0, q1, r0, m102, 'test/m7/20260901T105414/recovery', ... (54338 bytes))
1788235799: Sending PUBLISH to m7-win-sub-phase2-20260901T105414 (d0, q1, r0, m108, 'test/m7/20260901T105414/recovery', ... (54338 bytes))
1788235799: Sending PUBACK to gatewayd-m7-gateway-20260901-105414-2971 (m102, rc0)
1788235799: Received PUBACK from m7-win-sub-phase2-20260901T105414 (Mid: 108, RC:0)
1788235799: Received PUBLISH from gatewayd-m7-gateway-20260901-105414-2971 (d0, q1, r0, m103, 'test/m7/20260901T105414/recovery', ... (54315 bytes))
1788235799: Sending PUBLISH to m7-win-sub-phase2-20260901T105414 (d0, q1, r0, m109, 'test/m7/20260901T105414/recovery', ... (54315 bytes))
1788235799: Sending PUBACK to gatewayd-m7-gateway-20260901-105414-2971 (m103, rc0)
1788235799: Received PUBACK from m7-win-sub-phase2-20260901T105414 (Mid: 109, RC:0)
1788235799: Received PUBLISH from gatewayd-m7-gateway-20260901-105414-2971 (d0, q1, r0, m104, 'test/m7/20260901T105414/recovery', ... (54316 bytes))
1788235799: Sending PUBLISH to m7-win-sub-phase2-20260901T105414 (d0, q1, r0, m110, 'test/m7/20260901T105414/recovery', ... (54316 bytes))
1788235799: Sending PUBACK to gatewayd-m7-gateway-20260901-105414-2971 (m104, rc0)
1788235799: Received PUBACK from m7-win-sub-phase2-20260901T105414 (Mid: 110, RC:0)
1788235799: Received PUBLISH from gatewayd-m7-gateway-20260901-105414-2971 (d0, q1, r0, m105, 'test/m7/20260901T105414/recovery', ... (54316 bytes))
1788235799: Sending PUBLISH to m7-win-sub-phase2-20260901T105414 (d0, q1, r0, m111, 'test/m7/20260901T105414/recovery', ... (54316 bytes))
1788235799: Sending PUBACK to gatewayd-m7-gateway-20260901-105414-2971 (m105, rc0)
1788235799: Received PUBACK from m7-win-sub-phase2-20260901T105414 (Mid: 111, RC:0)
1788235799: Received PUBLISH from gatewayd-m7-gateway-20260901-105414-2971 (d0, q1, r0, m106, 'test/m7/20260901T105414/recovery', ... (54316 bytes))
1788235799: Sending PUBLISH to m7-win-sub-phase2-20260901T105414 (d0, q1, r0, m112, 'test/m7/20260901T105414/recovery', ... (54316 bytes))
1788235799: Sending PUBACK to gatewayd-m7-gateway-20260901-105414-2971 (m106, rc0)
1788235799: Received PUBACK from m7-win-sub-phase2-20260901T105414 (Mid: 112, RC:0)
1788235799: Received PUBLISH from gatewayd-m7-gateway-20260901-105414-2971 (d0, q1, r0, m107, 'test/m7/20260901T105414/recovery', ... (54318 bytes))
1788235799: Sending PUBLISH to m7-win-sub-phase2-20260901T105414 (d0, q1, r0, m113, 'test/m7/20260901T105414/recovery', ... (54318 bytes))
1788235799: Sending PUBACK to gatewayd-m7-gateway-20260901-105414-2971 (m107, rc0)
1788235799: Received PUBACK from m7-win-sub-phase2-20260901T105414 (Mid: 113, RC:0)
1788235800: Received PUBLISH from gatewayd-m7-gateway-20260901-105414-2971 (d0, q1, r0, m108, 'test/m7/20260901T105414/recovery', ... (54302 bytes))
1788235800: Sending PUBLISH to m7-win-sub-phase2-20260901T105414 (d0, q1, r0, m114, 'test/m7/20260901T105414/recovery', ... (54302 bytes))
1788235800: Sending PUBACK to gatewayd-m7-gateway-20260901-105414-2971 (m108, rc0)
1788235800: Received PUBACK from m7-win-sub-phase2-20260901T105414 (Mid: 114, RC:0)
1788235800: Received PUBLISH from gatewayd-m7-gateway-20260901-105414-2971 (d0, q1, r0, m109, 'test/m7/20260901T105414/recovery', ... (54320 bytes))
1788235800: Sending PUBLISH to m7-win-sub-phase2-20260901T105414 (d0, q1, r0, m115, 'test/m7/20260901T105414/recovery', ... (54320 bytes))
1788235800: Sending PUBACK to gatewayd-m7-gateway-20260901-105414-2971 (m109, rc0)
1788235800: Received PUBACK from m7-win-sub-phase2-20260901T105414 (Mid: 115, RC:0)
1788235800: Received PUBLISH from gatewayd-m7-gateway-20260901-105414-2971 (d0, q1, r0, m110, 'test/m7/20260901T105414/recovery', ... (54321 bytes))
1788235800: Sending PUBLISH to m7-win-sub-phase2-20260901T105414 (d0, q1, r0, m116, 'test/m7/20260901T105414/recovery', ... (54321 bytes))
1788235800: Sending PUBACK to gatewayd-m7-gateway-20260901-105414-2971 (m110, rc0)
1788235800: Received PUBACK from m7-win-sub-phase2-20260901T105414 (Mid: 116, RC:0)
1788235800: Received PUBLISH from gatewayd-m7-gateway-20260901-105414-2971 (d0, q1, r0, m111, 'test/m7/20260901T105414/recovery', ... (54320 bytes))
1788235800: Sending PUBLISH to m7-win-sub-phase2-20260901T105414 (d0, q1, r0, m117, 'test/m7/20260901T105414/recovery', ... (54320 bytes))
1788235800: Sending PUBACK to gatewayd-m7-gateway-20260901-105414-2971 (m111, rc0)
1788235800: Received PUBACK from m7-win-sub-phase2-20260901T105414 (Mid: 117, RC:0)
1788235800: Received PUBLISH from gatewayd-m7-gateway-20260901-105414-2971 (d0, q1, r0, m112, 'test/m7/20260901T105414/recovery', ... (54327 bytes))
1788235800: Sending PUBLISH to m7-win-sub-phase2-20260901T105414 (d0, q1, r0, m118, 'test/m7/20260901T105414/recovery', ... (54327 bytes))
1788235800: Sending PUBACK to gatewayd-m7-gateway-20260901-105414-2971 (m112, rc0)
1788235800: Received PUBACK from m7-win-sub-phase2-20260901T105414 (Mid: 118, RC:0)
1788235800: Received PUBLISH from gatewayd-m7-gateway-20260901-105414-2971 (d0, q1, r0, m113, 'test/m7/20260901T105414/recovery', ... (54318 bytes))
1788235800: Sending PUBLISH to m7-win-sub-phase2-20260901T105414 (d0, q1, r0, m119, 'test/m7/20260901T105414/recovery', ... (54318 bytes))
1788235800: Sending PUBACK to gatewayd-m7-gateway-20260901-105414-2971 (m113, rc0)
1788235800: Received PUBACK from m7-win-sub-phase2-20260901T105414 (Mid: 119, RC:0)
1788235800: Received PUBLISH from gatewayd-m7-gateway-20260901-105414-2971 (d0, q1, r0, m114, 'test/m7/20260901T105414/recovery', ... (54318 bytes))
1788235800: Sending PUBLISH to m7-win-sub-phase2-20260901T105414 (d0, q1, r0, m120, 'test/m7/20260901T105414/recovery', ... (54318 bytes))
1788235800: Sending PUBACK to gatewayd-m7-gateway-20260901-105414-2971 (m114, rc0)
1788235800: Received PUBACK from m7-win-sub-phase2-20260901T105414 (Mid: 120, RC:0)
1788235801: Received PUBLISH from gatewayd-m7-gateway-20260901-105414-2971 (d0, q1, r0, m115, 'test/m7/20260901T105414/recovery', ... (54318 bytes))
1788235801: Sending PUBLISH to m7-win-sub-phase2-20260901T105414 (d0, q1, r0, m121, 'test/m7/20260901T105414/recovery', ... (54318 bytes))
1788235801: Sending PUBACK to gatewayd-m7-gateway-20260901-105414-2971 (m115, rc0)
1788235801: Received PUBACK from m7-win-sub-phase2-20260901T105414 (Mid: 121, RC:0)
1788235801: Received PUBLISH from gatewayd-m7-gateway-20260901-105414-2971 (d0, q1, r0, m116, 'test/m7/20260901T105414/recovery', ... (54318 bytes))
1788235801: Sending PUBLISH to m7-win-sub-phase2-20260901T105414 (d0, q1, r0, m122, 'test/m7/20260901T105414/recovery', ... (54318 bytes))
1788235801: Sending PUBACK to gatewayd-m7-gateway-20260901-105414-2971 (m116, rc0)
1788235801: Received PUBACK from m7-win-sub-phase2-20260901T105414 (Mid: 122, RC:0)
1788235801: Received PUBLISH from gatewayd-m7-gateway-20260901-105414-2971 (d0, q1, r0, m117, 'test/m7/20260901T105414/recovery', ... (54318 bytes))
1788235801: Sending PUBLISH to m7-win-sub-phase2-20260901T105414 (d0, q1, r0, m123, 'test/m7/20260901T105414/recovery', ... (54318 bytes))
1788235801: Sending PUBACK to gatewayd-m7-gateway-20260901-105414-2971 (m117, rc0)
1788235801: Received PUBACK from m7-win-sub-phase2-20260901T105414 (Mid: 123, RC:0)
1788235801: Received PUBLISH from gatewayd-m7-gateway-20260901-105414-2971 (d0, q1, r0, m118, 'test/m7/20260901T105414/recovery', ... (54325 bytes))
1788235801: Sending PUBLISH to m7-win-sub-phase2-20260901T105414 (d0, q1, r0, m124, 'test/m7/20260901T105414/recovery', ... (54325 bytes))
1788235801: Sending PUBACK to gatewayd-m7-gateway-20260901-105414-2971 (m118, rc0)
1788235801: Received PUBACK from m7-win-sub-phase2-20260901T105414 (Mid: 124, RC:0)
1788235801: Received PUBLISH from gatewayd-m7-gateway-20260901-105414-2971 (d0, q1, r0, m119, 'test/m7/20260901T105414/recovery', ... (54320 bytes))
1788235801: Sending PUBLISH to m7-win-sub-phase2-20260901T105414 (d0, q1, r0, m125, 'test/m7/20260901T105414/recovery', ... (54320 bytes))
1788235801: Sending PUBACK to gatewayd-m7-gateway-20260901-105414-2971 (m119, rc0)
1788235801: Received PUBACK from m7-win-sub-phase2-20260901T105414 (Mid: 125, RC:0)
1788235801: Received PUBLISH from gatewayd-m7-gateway-20260901-105414-2971 (d0, q1, r0, m120, 'test/m7/20260901T105414/recovery', ... (54321 bytes))
1788235801: Sending PUBLISH to m7-win-sub-phase2-20260901T105414 (d0, q1, r0, m126, 'test/m7/20260901T105414/recovery', ... (54321 bytes))
1788235801: Sending PUBACK to gatewayd-m7-gateway-20260901-105414-2971 (m120, rc0)
1788235801: Received PUBACK from m7-win-sub-phase2-20260901T105414 (Mid: 126, RC:0)
1788235801: Received PUBLISH from gatewayd-m7-gateway-20260901-105414-2971 (d0, q1, r0, m121, 'test/m7/20260901T105414/recovery', ... (54320 bytes))
1788235801: Sending PUBLISH to m7-win-sub-phase2-20260901T105414 (d0, q1, r0, m127, 'test/m7/20260901T105414/recovery', ... (54320 bytes))
1788235801: Sending PUBACK to gatewayd-m7-gateway-20260901-105414-2971 (m121, rc0)
1788235801: Received PUBACK from m7-win-sub-phase2-20260901T105414 (Mid: 127, RC:0)
1788235801: Received PUBLISH from gatewayd-m7-gateway-20260901-105414-2971 (d0, q1, r0, m122, 'test/m7/20260901T105414/recovery', ... (54322 bytes))
1788235801: Sending PUBLISH to m7-win-sub-phase2-20260901T105414 (d0, q1, r0, m128, 'test/m7/20260901T105414/recovery', ... (54322 bytes))
1788235801: Sending PUBACK to gatewayd-m7-gateway-20260901-105414-2971 (m122, rc0)
1788235801: Received PUBACK from m7-win-sub-phase2-20260901T105414 (Mid: 128, RC:0)
1788235802: Received PUBLISH from gatewayd-m7-gateway-20260901-105414-2971 (d0, q1, r0, m123, 'test/m7/20260901T105414/recovery', ... (54300 bytes))
1788235802: Sending PUBLISH to m7-win-sub-phase2-20260901T105414 (d0, q1, r0, m129, 'test/m7/20260901T105414/recovery', ... (54300 bytes))
1788235802: Sending PUBACK to gatewayd-m7-gateway-20260901-105414-2971 (m123, rc0)
1788235802: Received PUBACK from m7-win-sub-phase2-20260901T105414 (Mid: 129, RC:0)
1788235802: Received PUBLISH from gatewayd-m7-gateway-20260901-105414-2971 (d0, q1, r0, m124, 'test/m7/20260901T105414/recovery', ... (54318 bytes))
1788235802: Sending PUBLISH to m7-win-sub-phase2-20260901T105414 (d0, q1, r0, m130, 'test/m7/20260901T105414/recovery', ... (54318 bytes))
1788235802: Sending PUBACK to gatewayd-m7-gateway-20260901-105414-2971 (m124, rc0)
1788235802: Received PUBACK from m7-win-sub-phase2-20260901T105414 (Mid: 130, RC:0)
1788235802: Received PUBLISH from gatewayd-m7-gateway-20260901-105414-2971 (d0, q1, r0, m125, 'test/m7/20260901T105414/recovery', ... (54318 bytes))
1788235802: Sending PUBLISH to m7-win-sub-phase2-20260901T105414 (d0, q1, r0, m131, 'test/m7/20260901T105414/recovery', ... (54318 bytes))
1788235802: Sending PUBACK to gatewayd-m7-gateway-20260901-105414-2971 (m125, rc0)
1788235802: Received PUBACK from m7-win-sub-phase2-20260901T105414 (Mid: 131, RC:0)
1788235802: Received PUBLISH from gatewayd-m7-gateway-20260901-105414-2971 (d0, q1, r0, m126, 'test/m7/20260901T105414/recovery', ... (54318 bytes))
1788235802: Sending PUBLISH to m7-win-sub-phase2-20260901T105414 (d0, q1, r0, m132, 'test/m7/20260901T105414/recovery', ... (54318 bytes))
1788235802: Sending PUBACK to gatewayd-m7-gateway-20260901-105414-2971 (m126, rc0)
1788235802: Received PUBACK from m7-win-sub-phase2-20260901T105414 (Mid: 132, RC:0)
1788235802: Received PUBLISH from gatewayd-m7-gateway-20260901-105414-2971 (d0, q1, r0, m127, 'test/m7/20260901T105414/recovery', ... (54318 bytes))
1788235802: Sending PUBLISH to m7-win-sub-phase2-20260901T105414 (d0, q1, r0, m133, 'test/m7/20260901T105414/recovery', ... (54318 bytes))
1788235802: Sending PUBACK to gatewayd-m7-gateway-20260901-105414-2971 (m127, rc0)
1788235802: Received PUBACK from m7-win-sub-phase2-20260901T105414 (Mid: 133, RC:0)
1788235802: Received PUBLISH from gatewayd-m7-gateway-20260901-105414-2971 (d0, q1, r0, m128, 'test/m7/20260901T105414/recovery', ... (54323 bytes))
1788235802: Sending PUBLISH to m7-win-sub-phase2-20260901T105414 (d0, q1, r0, m134, 'test/m7/20260901T105414/recovery', ... (54323 bytes))
1788235802: Sending PUBACK to gatewayd-m7-gateway-20260901-105414-2971 (m128, rc0)
1788235802: Received PUBACK from m7-win-sub-phase2-20260901T105414 (Mid: 134, RC:0)
1788235802: Received PUBLISH from gatewayd-m7-gateway-20260901-105414-2971 (d0, q1, r0, m129, 'test/m7/20260901T105414/recovery', ... (54344 bytes))
1788235802: Sending PUBLISH to m7-win-sub-phase2-20260901T105414 (d0, q1, r0, m135, 'test/m7/20260901T105414/recovery', ... (54344 bytes))
1788235802: Sending PUBACK to gatewayd-m7-gateway-20260901-105414-2971 (m129, rc0)
1788235802: Received PUBACK from m7-win-sub-phase2-20260901T105414 (Mid: 135, RC:0)
1788235803: Received PUBLISH from gatewayd-m7-gateway-20260901-105414-2971 (d0, q1, r0, m130, 'test/m7/20260901T105414/recovery', ... (54322 bytes))
1788235803: Sending PUBLISH to m7-win-sub-phase2-20260901T105414 (d0, q1, r0, m136, 'test/m7/20260901T105414/recovery', ... (54322 bytes))
1788235803: Sending PUBACK to gatewayd-m7-gateway-20260901-105414-2971 (m130, rc0)
1788235803: Received PUBACK from m7-win-sub-phase2-20260901T105414 (Mid: 136, RC:0)
1788235803: Received PUBLISH from gatewayd-m7-gateway-20260901-105414-2971 (d0, q1, r0, m131, 'test/m7/20260901T105414/recovery', ... (54320 bytes))
1788235803: Sending PUBLISH to m7-win-sub-phase2-20260901T105414 (d0, q1, r0, m137, 'test/m7/20260901T105414/recovery', ... (54320 bytes))
1788235803: Sending PUBACK to gatewayd-m7-gateway-20260901-105414-2971 (m131, rc0)
1788235803: Received PUBACK from m7-win-sub-phase2-20260901T105414 (Mid: 137, RC:0)
1788235803: Received PUBLISH from gatewayd-m7-gateway-20260901-105414-2971 (d0, q1, r0, m132, 'test/m7/20260901T105414/recovery', ... (54324 bytes))
1788235803: Sending PUBLISH to m7-win-sub-phase2-20260901T105414 (d0, q1, r0, m138, 'test/m7/20260901T105414/recovery', ... (54324 bytes))
1788235803: Sending PUBACK to gatewayd-m7-gateway-20260901-105414-2971 (m132, rc0)
1788235803: Received PUBACK from m7-win-sub-phase2-20260901T105414 (Mid: 138, RC:0)
1788235803: Received PUBLISH from gatewayd-m7-gateway-20260901-105414-2971 (d0, q1, r0, m133, 'test/m7/20260901T105414/recovery', ... (54295 bytes))
1788235803: Sending PUBLISH to m7-win-sub-phase2-20260901T105414 (d0, q1, r0, m139, 'test/m7/20260901T105414/recovery', ... (54295 bytes))
1788235803: Sending PUBACK to gatewayd-m7-gateway-20260901-105414-2971 (m133, rc0)
1788235803: Received PUBACK from m7-win-sub-phase2-20260901T105414 (Mid: 139, RC:0)
1788235803: Received PUBLISH from gatewayd-m7-gateway-20260901-105414-2971 (d0, q1, r0, m134, 'test/m7/20260901T105414/recovery', ... (54298 bytes))
1788235803: Sending PUBLISH to m7-win-sub-phase2-20260901T105414 (d0, q1, r0, m140, 'test/m7/20260901T105414/recovery', ... (54298 bytes))
1788235803: Sending PUBACK to gatewayd-m7-gateway-20260901-105414-2971 (m134, rc0)
1788235803: Received PUBACK from m7-win-sub-phase2-20260901T105414 (Mid: 140, RC:0)
1788235803: Received PUBLISH from gatewayd-m7-gateway-20260901-105414-2971 (d0, q1, r0, m135, 'test/m7/20260901T105414/recovery', ... (54282 bytes))
1788235803: Sending PUBLISH to m7-win-sub-phase2-20260901T105414 (d0, q1, r0, m141, 'test/m7/20260901T105414/recovery', ... (54282 bytes))
1788235803: Sending PUBACK to gatewayd-m7-gateway-20260901-105414-2971 (m135, rc0)
1788235803: Received PUBACK from m7-win-sub-phase2-20260901T105414 (Mid: 141, RC:0)
1788235803: Received PUBLISH from gatewayd-m7-gateway-20260901-105414-2971 (d0, q1, r0, m136, 'test/m7/20260901T105414/recovery', ... (54291 bytes))
1788235803: Sending PUBLISH to m7-win-sub-phase2-20260901T105414 (d0, q1, r0, m142, 'test/m7/20260901T105414/recovery', ... (54291 bytes))
1788235803: Sending PUBACK to gatewayd-m7-gateway-20260901-105414-2971 (m136, rc0)
1788235803: Received PUBACK from m7-win-sub-phase2-20260901T105414 (Mid: 142, RC:0)
1788235803: Received PUBLISH from gatewayd-m7-gateway-20260901-105414-2971 (d0, q1, r0, m137, 'test/m7/20260901T105414/recovery', ... (54290 bytes))
1788235803: Sending PUBLISH to m7-win-sub-phase2-20260901T105414 (d0, q1, r0, m143, 'test/m7/20260901T105414/recovery', ... (54290 bytes))
1788235803: Sending PUBACK to gatewayd-m7-gateway-20260901-105414-2971 (m137, rc0)
1788235803: Received PUBACK from m7-win-sub-phase2-20260901T105414 (Mid: 143, RC:0)
1788235804: Received PUBLISH from gatewayd-m7-gateway-20260901-105414-2971 (d0, q1, r0, m138, 'test/m7/20260901T105414/recovery', ... (54289 bytes))
1788235804: Sending PUBLISH to m7-win-sub-phase2-20260901T105414 (d0, q1, r0, m144, 'test/m7/20260901T105414/recovery', ... (54289 bytes))
1788235804: Sending PUBACK to gatewayd-m7-gateway-20260901-105414-2971 (m138, rc0)
1788235804: Received PUBACK from m7-win-sub-phase2-20260901T105414 (Mid: 144, RC:0)
1788235804: Received PUBLISH from gatewayd-m7-gateway-20260901-105414-2971 (d0, q1, r0, m139, 'test/m7/20260901T105414/recovery', ... (54307 bytes))
1788235804: Sending PUBLISH to m7-win-sub-phase2-20260901T105414 (d0, q1, r0, m145, 'test/m7/20260901T105414/recovery', ... (54307 bytes))
1788235804: Sending PUBACK to gatewayd-m7-gateway-20260901-105414-2971 (m139, rc0)
1788235804: Received PUBACK from m7-win-sub-phase2-20260901T105414 (Mid: 145, RC:0)
1788235804: Received PUBLISH from gatewayd-m7-gateway-20260901-105414-2971 (d0, q1, r0, m140, 'test/m7/20260901T105414/recovery', ... (12874 bytes))
1788235804: Sending PUBLISH to m7-win-sub-phase2-20260901T105414 (d0, q1, r0, m146, 'test/m7/20260901T105414/recovery', ... (12874 bytes))
1788235804: Sending PUBACK to gatewayd-m7-gateway-20260901-105414-2971 (m140, rc0)
1788235804: Received PUBACK from m7-win-sub-phase2-20260901T105414 (Mid: 146, RC:0)
1788235805: Received DISCONNECT from gatewayd-m7-gateway-20260901-105414-2971
1788235805: Client gatewayd-m7-gateway-20260901-105414-2971 [<REDACTED_TARGET_ADDRESS>:51992] disconnected.
1788235864: Received PINGREQ from m7-win-sub-phase2-20260901T105414
1788235864: Sending PINGRESP to m7-win-sub-phase2-20260901T105414
1788235885: Client m7-win-sub-phase2-20260901T105414 [<REDACTED_LAN_ADDRESS>:65446] disconnected: connection closed by client.
1788235885: mosquitto version 2.1.2 terminating
